Archive member included to satisfy reference by file (symbol)

app/libapp.a(main.c.obj)      (--whole-archive)
zephyr/libzephyr.a(heap.c.obj)
                              (--whole-archive)
zephyr/libzephyr.a(cbprintf_packaged.c.obj)
                              (--whole-archive)
zephyr/libzephyr.a(printk.c.obj)
                              (--whole-archive)
zephyr/libzephyr.a(sem.c.obj)
                              (--whole-archive)
zephyr/libzephyr.a(thread_entry.c.obj)
                              (--whole-archive)
zephyr/libzephyr.a(cbprintf_complete.c.obj)
                              (--whole-archive)
zephyr/libzephyr.a(assert.c.obj)
                              (--whole-archive)
zephyr/libzephyr.a(dec.c.obj)
                              (--whole-archive)
zephyr/libzephyr.a(hex.c.obj)
                              (--whole-archive)
zephyr/libzephyr.a(rb.c.obj)  (--whole-archive)
zephyr/libzephyr.a(timeutil.c.obj)
                              (--whole-archive)
zephyr/libzephyr.a(bitarray.c.obj)
                              (--whole-archive)
zephyr/libzephyr.a(onoff.c.obj)
                              (--whole-archive)
zephyr/libzephyr.a(notify.c.obj)
                              (--whole-archive)
zephyr/libzephyr.a(ring_buffer.c.obj)
                              (--whole-archive)
zephyr/libzephyr.a(last_section_id.c.obj)
                              (--whole-archive)
zephyr/libzephyr.a(configs.c.obj)
                              (--whole-archive)
zephyr/libzephyr.a(mem_attr.c.obj)
                              (--whole-archive)
zephyr/libzephyr.a(tracing_none.c.obj)
                              (--whole-archive)
zephyr/libzephyr.a(banner.c.obj)
                              (--whole-archive)
zephyr/libzephyr.a(flash_map_partition_manager.c.obj)
                              (--whole-archive)
zephyr/arch/common/libarch__common.a(sw_isr_common.c.obj)
                              (--whole-archive)
zephyr/arch/arch/arm/core/libarch__arm__core.a(fatal.c.obj)
                              (--whole-archive)
zephyr/arch/arch/arm/core/libarch__arm__core.a(nmi.c.obj)
                              (--whole-archive)
zephyr/arch/arch/arm/core/libarch__arm__core.a(nmi_on_reset.S.obj)
                              (--whole-archive)
zephyr/arch/arch/arm/core/libarch__arm__core.a(tls.c.obj)
                              (--whole-archive)
zephyr/arch/arch/arm/core/cortex_m/libarch__arm__core__cortex_m.a(exc_exit.c.obj)
                              (--whole-archive)
zephyr/arch/arch/arm/core/cortex_m/libarch__arm__core__cortex_m.a(fault.c.obj)
                              (--whole-archive)
zephyr/arch/arch/arm/core/cortex_m/libarch__arm__core__cortex_m.a(fault_s.S.obj)
                              (--whole-archive)
zephyr/arch/arch/arm/core/cortex_m/libarch__arm__core__cortex_m.a(fpu.c.obj)
                              (--whole-archive)
zephyr/arch/arch/arm/core/cortex_m/libarch__arm__core__cortex_m.a(reset.S.obj)
                              (--whole-archive)
zephyr/arch/arch/arm/core/cortex_m/libarch__arm__core__cortex_m.a(scb.c.obj)
                              (--whole-archive)
zephyr/arch/arch/arm/core/cortex_m/libarch__arm__core__cortex_m.a(thread_abort.c.obj)
                              (--whole-archive)
zephyr/arch/arch/arm/core/cortex_m/libarch__arm__core__cortex_m.a(vector_table.S.obj)
                              (--whole-archive)
zephyr/arch/arch/arm/core/cortex_m/libarch__arm__core__cortex_m.a(swap_helper.S.obj)
                              (--whole-archive)
zephyr/arch/arch/arm/core/cortex_m/libarch__arm__core__cortex_m.a(irq_manage.c.obj)
                              (--whole-archive)
zephyr/arch/arch/arm/core/cortex_m/libarch__arm__core__cortex_m.a(prep_c.c.obj)
                              (--whole-archive)
zephyr/arch/arch/arm/core/cortex_m/libarch__arm__core__cortex_m.a(thread.c.obj)
                              (--whole-archive)
zephyr/arch/arch/arm/core/cortex_m/libarch__arm__core__cortex_m.a(cpu_idle.c.obj)
                              (--whole-archive)
zephyr/arch/arch/arm/core/cortex_m/libarch__arm__core__cortex_m.a(irq_init.c.obj)
                              (--whole-archive)
zephyr/arch/arch/arm/core/cortex_m/libarch__arm__core__cortex_m.a(isr_wrapper.c.obj)
                              (--whole-archive)
zephyr/arch/arch/arm/core/cortex_m/libarch__arm__core__cortex_m.a(__aeabi_read_tp.S.obj)
                              (--whole-archive)
zephyr/arch/arch/arm/core/cortex_m/cmse/libarch__arm__core__cortex_m__cmse.a(arm_core_cmse.c.obj)
                              (--whole-archive)
zephyr/arch/arch/arm/core/mpu/libarch__arm__core__mpu.a(arm_core_mpu.c.obj)
                              (--whole-archive)
zephyr/arch/arch/arm/core/mpu/libarch__arm__core__mpu.a(arm_mpu.c.obj)
                              (--whole-archive)
zephyr/arch/arch/arm/core/mpu/libarch__arm__core__mpu.a(arm_mpu_regions.c.obj)
                              (--whole-archive)
[...]
Memory Configuration

Name             Origin             Length             Attributes
FLASH            0x0000000000000000 0x0000000000165000 xr
RAM              0x0000000020000000 0x000000000002f000 xw
IDT_LIST         0x00000000ffff7fff 0x0000000000008000 xw
*default*        0x0000000000000000 0xffffffffffffffff

Linker script and memory map

                0x0000000000006810                vfprintf = __d_vfprintf
                0x0000000000000000                vfscanf = __d_vfscanf
LOAD zephyr/CMakeFiles/zephyr_final.dir/misc/empty_file.c.obj
LOAD zephyr/CMakeFiles/zephyr_final.dir/isr_tables.c.obj
LOAD zephyr/CMakeFiles/offsets.dir/./arch/arm/core/offsets/offsets.c.obj
LOAD app/libapp.a
LOAD zephyr/libzephyr.a
LOAD zephyr/arch/common/libarch__common.a
LOAD zephyr/arch/arch/arm/core/libarch__arm__core.a
LOAD zephyr/arch/arch/arm/core/cortex_m/libarch__arm__core__cortex_m.a
LOAD zephyr/arch/arch/arm/core/cortex_m/cmse/libarch__arm__core__cortex_m__cmse.a
LOAD zephyr/arch/arch/arm/core/mpu/libarch__arm__core__mpu.a
LOAD zephyr/lib/libc/picolibc/liblib__libc__picolibc.a
LOAD zephyr/lib/libc/common/liblib__libc__common.a
LOAD zephyr/soc/soc/nrf54l15/libsoc__nordic.a
LOAD zephyr/drivers/cache/libdrivers__cache.a
LOAD zephyr/drivers/clock_control/libdrivers__clock_control.a
LOAD zephyr/drivers/console/libdrivers__console.a
LOAD zephyr/drivers/gpio/libdrivers__gpio.a
LOAD zephyr/drivers/i2c/libdrivers__i2c.a
LOAD zephyr/drivers/pinctrl/libdrivers__pinctrl.a
LOAD zephyr/drivers/serial/libdrivers__serial.a
LOAD zephyr/drivers/timer/libdrivers__timer.a
LOAD modules/nrf/subsys/nrf_security/src/zephyr/libmbedtls_zephyr.a
LOAD modules/hal_nordic/modules/hal_nordic/nrfx/libmodules__hal_nordic__nrfx.a
LOAD zephyr/kernel/libkernel.a
LOAD modules/nrf/subsys/nrf_security/src/libmbedcrypto.a
LOAD modules/nrf/subsys/nrf_security/src/core/nrf_oberon/libpsa_core.a
LOAD modules/nrf/subsys/nrf_security/src/drivers/cracen/libcracen_psa_driver.a
LOAD modules/nrf/subsys/nrf_security/src/libmbedcrypto_base.a
LOAD modules/nrf/subsys/nrf_security/src/libnrf_security_utils.a
LOAD zephyr/kernel/libkernel.a
LOAD zephyr/arch/common/libisr_tables.a
LOAD /opt/nordic/ncs/toolchains/5c0d382932/opt/zephyr-sdk/arm-zephyr-eabi/bin/../lib/gcc/../../picolibc/arm-zephyr-eabi/lib/thumb/v8-m.main/nofp/libc.a
LOAD /opt/nordic/ncs/toolchains/5c0d382932/opt/zephyr-sdk/arm-zephyr-eabi/bin/../lib/gcc/arm-zephyr-eabi/12.2.0/thumb/v8-m.main/nofp/libgcc.a
                0x0000000000000020                _region_min_align = 0x20

.rel.plt        0x0000000000000000        0x0
 *(SORT_BY_ALIGNMENT(.rel.plt))
                [!provide]                        PROVIDE (__rel_iplt_start = .)
 *(SORT_BY_ALIGNMENT(.rel.iplt))
 .rel.iplt      0x0000000000000000        0x0 zephyr/CMakeFiles/zephyr_final.dir/isr_tables.c.obj
                [!provide]                        PROVIDE (__rel_iplt_end = .)

.rela.plt       0x0000000000000000        0x0
 *(SORT_BY_ALIGNMENT(.rela.plt))
                [!provide]                        PROVIDE (__rela_iplt_start = .)
 *(SORT_BY_ALIGNMENT(.rela.iplt))
                [!provide]                        PROVIDE (__rela_iplt_end = .)

.rel.dyn
 *(SORT_BY_ALIGNMENT(.rel.*))

.rela.dyn
 *(SORT_BY_ALIGNMENT(.rela.*))

/DISCARD/
 *(SORT_BY_ALIGNMENT(.plt))

/DISCARD/
 *(SORT_BY_ALIGNMENT(.iplt))
                0x0000000000000000                __rom_region_start = 0x0

rom_start       0x0000000000000000      0x47c
                0x0000000000000000                __rom_start_address = .
 FILL mask 0x00
                0x0000000000000000                . = (. + (0x0 - (. - __rom_start_address)))
                0x0000000000000000                . = ALIGN (0x4)
                0x0000000000000000                . = ALIGN (0x80)
                0x0000000000000000                . = ALIGN (0x800)
                0x0000000000000000                _vector_start = .
 *(SORT_BY_ALIGNMENT(.exc_vector_table))
 *(SORT_BY_ALIGNMENT(.exc_vector_table.*))
 .exc_vector_table._vector_table_section
                0x0000000000000000       0x40 zephyr/arch/arch/arm/core/cortex_m/libarch__arm__core__cortex_m.a(vector_table.S.obj)
                0x0000000000000000                _vector_table
 *(SORT_BY_ALIGNMENT(.vectors))
                0x000000000000047c                _vector_end = .
                0x0000000000000040                . = ALIGN (0x4)
 *(SORT_BY_ALIGNMENT(.gnu.linkonce.irq_vector_table*))
 .gnu.linkonce.irq_vector_table
                0x0000000000000040      0x43c zephyr/CMakeFiles/zephyr_final.dir/isr_tables.c.obj
                0x0000000000000040                _irq_vector_table
                0x000000000000047c                _vector_end = .

text            0x0000000000000480     0x8a08
                0x0000000000000480                __text_region_start = .
 *(SORT_BY_ALIGNMENT(.text))
 .text          0x0000000000000480      0x378 /opt/nordic/ncs/toolchains/5c0d382932/opt/zephyr-sdk/arm-zephyr-eabi/bin/../lib/gcc/arm-zephyr-eabi/12.2.0/thumb/v8-m.main/nofp/libgcc.a(_arm_addsubdf3.o)
                0x0000000000000480                __aeabi_drsub
                0x0000000000000488                __subdf3
                0x0000000000000488                __aeabi_dsub
                0x000000000000048c                __aeabi_dadd
                0x000000000000048c                __adddf3
                0x0000000000000704                __aeabi_ui2d
                0x0000000000000704                __floatunsidf
                0x0000000000000724                __floatsidf
                0x0000000000000724                __aeabi_i2d
                0x0000000000000748                __extendsfdf2
                0x0000000000000748                __aeabi_f2d
                0x000000000000078c                __aeabi_ul2d
                0x000000000000078c                __floatundidf
                0x000000000000079c                __aeabi_l2d
                0x000000000000079c                __floatdidf
 .text          0x00000000000007f8      0x424 /opt/nordic/ncs/toolchains/5c0d382932/opt/zephyr-sdk/arm-zephyr-eabi/bin/../lib/gcc/arm-zephyr-eabi/12.2.0/thumb/v8-m.main/nofp/libgcc.a(_arm_muldivdf3.o)
                0x00000000000007f8                __aeabi_dmul
                0x00000000000007f8                __muldf3
                0x0000000000000a4c                __aeabi_ddiv
                0x0000000000000a4c                __divdf3
 .text          0x0000000000000c1c      0x21c /opt/nordic/ncs/toolchains/5c0d382932/opt/zephyr-sdk/arm-zephyr-eabi/bin/../lib/gcc/arm-zephyr-eabi/12.2.0/thumb/v8-m.main/nofp/libgcc.a(_arm_addsubsf3.o)
                0x0000000000000c1c                __aeabi_frsub
                0x0000000000000c24                __aeabi_fsub
                0x0000000000000c24                __subsf3
                0x0000000000000c28                __aeabi_fadd
                0x0000000000000c28                __addsf3
                0x0000000000000d88                __aeabi_ui2f
                0x0000000000000d88                __floatunsisf
                0x0000000000000d90                __floatsisf
                0x0000000000000d90                __aeabi_i2f
                0x0000000000000dac                __aeabi_ul2f
                0x0000000000000dac                __floatundisf
                0x0000000000000dbc                __aeabi_l2f
                0x0000000000000dbc                __floatdisf
 .text          0x0000000000000e38      0x2a0 /opt/nordic/ncs/toolchains/5c0d382932/opt/zephyr-sdk/arm-zephyr-eabi/bin/../lib/gcc/arm-zephyr-eabi/12.2.0/thumb/v8-m.main/nofp/libgcc.a(_arm_muldivsf3.o)
                0x0000000000000e38                __mulsf3
                0x0000000000000e38                __aeabi_fmul
                0x0000000000000fa0                __divsf3
                0x0000000000000fa0                __aeabi_fdiv
 .text          0x00000000000010d8       0x30 /opt/nordic/ncs/toolchains/5c0d382932/opt/zephyr-sdk/arm-zephyr-eabi/bin/../lib/gcc/arm-zephyr-eabi/12.2.0/thumb/v8-m.main/nofp/libgcc.a(_aeabi_uldivmod.o)
                0x00000000000010d8                __aeabi_uldivmod
 .text          0x0000000000001108        0x4 /opt/nordic/ncs/toolchains/5c0d382932/opt/zephyr-sdk/arm-zephyr-eabi/bin/../lib/gcc/arm-zephyr-eabi/12.2.0/thumb/v8-m.main/nofp/libgcc.a(_dvmd_tls.o)
                0x0000000000001108                __aeabi_ldiv0
                0x0000000000001108                __aeabi_idiv0
 .text          0x000000000000110c      0x29c /opt/nordic/ncs/toolchains/5c0d382932/opt/zephyr-sdk/arm-zephyr-eabi/bin/../lib/gcc/arm-zephyr-eabi/12.2.0/thumb/v8-m.main/nofp/libgcc.a(_udivmoddi4.o)
                0x000000000000110c                __udivmoddi4
 *(SORT_BY_ALIGNMENT(.text.*))
 .text.main     0x00000000000013a8      0x198 app/libapp.a(main.c.obj)
                0x00000000000013a8                main
 .text.bme_calibrationdata
                0x0000000000001540       0x44 app/libapp.a(main.c.obj)
                0x0000000000001540                bme_calibrationdata
 .text.char_out
                0x0000000000001584        0xc zephyr/libzephyr.a(printk.c.obj)
 .text.__printk_hook_install
                0x0000000000001590        0xc zephyr/libzephyr.a(printk.c.obj)
                0x0000000000001590                __printk_hook_install
 .text.vprintk  0x000000000000159c       0x30 zephyr/libzephyr.a(printk.c.obj)
                0x000000000000159c                vprintk
 .text.z_thread_entry
                0x00000000000015cc       0x34 zephyr/libzephyr.a(thread_entry.c.obj)
                0x00000000000015cc                z_thread_entry
 .text.process_event
                0x0000000000001600      0x21c zephyr/libzephyr.a(onoff.c.obj)
 .text.mem_attr_get_regions
                0x000000000000181c        0xc zephyr/libzephyr.a(mem_attr.c.obj)
                0x000000000000181c                mem_attr_get_regions
 .text.boot_banner
                0x0000000000001828       0x1c zephyr/libzephyr.a(banner.c.obj)
                0x0000000000001828                boot_banner
 .text.z_SysNmiOnReset
                0x0000000000001844        0x8 zephyr/arch/arch/arm/core/libarch__arm__core.a(nmi_on_reset.S.obj)
                0x0000000000001844                z_SysNmiOnReset
 .text.arch_tls_stack_setup
                0x000000000000184c       0x40 zephyr/arch/arch/arm/core/libarch__arm__core.a(tls.c.obj)
                0x000000000000184c                arch_tls_stack_setup
 .text._HandlerModeExit
                0x000000000000188c       0x20 zephyr/arch/arch/arm/core/cortex_m/libarch__arm__core__cortex_m.a(exc_exit.c.obj)
                0x000000000000188c                z_arm_exc_exit
                0x000000000000188c                z_arm_int_exit
 .text.usage_fault.constprop.0
                0x00000000000018ac       0x5c zephyr/arch/arch/arm/core/cortex_m/libarch__arm__core__cortex_m.a(fault.c.obj)
 .text.bus_fault.constprop.0
                0x0000000000001908       0x6c zephyr/arch/arch/arm/core/cortex_m/libarch__arm__core__cortex_m.a(fault.c.obj)
 .text.mem_manage_fault.constprop.0
                0x0000000000001974       0x78 zephyr/arch/arch/arm/core/cortex_m/libarch__arm__core__cortex_m.a(fault.c.obj)
 .text.z_arm_fault
                0x00000000000019ec      0x124 zephyr/arch/arch/arm/core/cortex_m/libarch__arm__core__cortex_m.a(fault.c.obj)
                0x00000000000019ec                z_arm_fault
 .text.z_arm_fault_init
                0x0000000000001b10       0x20 zephyr/arch/arch/arm/core/cortex_m/libarch__arm__core__cortex_m.a(fault.c.obj)
                0x0000000000001b10                z_arm_fault_init
 .text.__fault  0x0000000000001b30       0x14 zephyr/arch/arch/arm/core/cortex_m/libarch__arm__core__cortex_m.a(fault_s.S.obj)
                0x0000000000001b30                z_arm_bus_fault
                0x0000000000001b30                z_arm_usage_fault
                0x0000000000001b30                z_arm_mpu_fault
                0x0000000000001b30                z_arm_exc_spurious
                0x0000000000001b30                z_arm_debug_monitor
                0x0000000000001b30                z_arm_hard_fault
 .text._reset_section
                0x0000000000001b44       0x60 zephyr/arch/arch/arm/core/cortex_m/libarch__arm__core__cortex_m.a(reset.S.obj)
                0x0000000000001b44                z_arm_reset
                0x0000000000001b44                __start
 .text.z_arm_clear_arm_mpu_config
                0x0000000000001ba4       0x24 zephyr/arch/arch/arm/core/cortex_m/libarch__arm__core__cortex_m.a(scb.c.obj)
                0x0000000000001ba4                z_arm_clear_arm_mpu_config
 .text.z_arm_init_arch_hw_at_boot
                0x0000000000001bc8       0x4c zephyr/arch/arch/arm/core/cortex_m/libarch__arm__core__cortex_m.a(scb.c.obj)
                0x0000000000001bc8                z_arm_init_arch_hw_at_boot
 .text.z_impl_k_thread_abort
                0x0000000000001c14       0x2c zephyr/arch/arch/arm/core/cortex_m/libarch__arm__core__cortex_m.a(thread_abort.c.obj)
                0x0000000000001c14                z_impl_k_thread_abort
 .text.z_arm_pendsv
                0x0000000000001c40       0x68 zephyr/arch/arch/arm/core/cortex_m/libarch__arm__core__cortex_m.a(swap_helper.S.obj)
                0x0000000000001c40                z_arm_pendsv
 .text.z_arm_svc
                0x0000000000001ca8       0x24 zephyr/arch/arch/arm/core/cortex_m/libarch__arm__core__cortex_m.a(swap_helper.S.obj)
                0x0000000000001ca8                z_arm_svc
 .text.arm_irq_enable
                0x0000000000001ccc       0x1c zephyr/arch/arch/arm/core/cortex_m/libarch__arm__core__cortex_m.a(irq_manage.c.obj)
                0x0000000000001ccc                arm_irq_enable
 .text.arm_irq_disable
                0x0000000000001ce8       0x28 zephyr/arch/arch/arm/core/cortex_m/libarch__arm__core__cortex_m.a(irq_manage.c.obj)
                0x0000000000001ce8                arm_irq_disable
 .text.arm_irq_is_enabled
                0x0000000000001d10       0x1c zephyr/arch/arch/arm/core/cortex_m/libarch__arm__core__cortex_m.a(irq_manage.c.obj)
                0x0000000000001d10                arm_irq_is_enabled
 .text.arm_irq_priority_set
                0x0000000000001d2c       0x2c zephyr/arch/arch/arm/core/cortex_m/libarch__arm__core__cortex_m.a(irq_manage.c.obj)
                0x0000000000001d2c                arm_irq_priority_set
 .text.relocate_vector_table
                0x0000000000001d58       0x1c zephyr/arch/arch/arm/core/cortex_m/libarch__arm__core__cortex_m.a(prep_c.c.obj)
                0x0000000000001d58                relocate_vector_table
 .text.z_prep_c
                0x0000000000001d74       0x28 zephyr/arch/arch/arm/core/cortex_m/libarch__arm__core__cortex_m.a(prep_c.c.obj)
                0x0000000000001d74                z_prep_c
 .text.arch_new_thread
                0x0000000000001d9c       0x38 zephyr/arch/arch/arm/core/cortex_m/libarch__arm__core__cortex_m.a(thread.c.obj)
                0x0000000000001d9c                arch_new_thread
 .text.arch_switch_to_main_thread
                0x0000000000001dd4       0x40 zephyr/arch/arch/arm/core/cortex_m/libarch__arm__core__cortex_m.a(thread.c.obj)
                0x0000000000001dd4                arch_switch_to_main_thread
 .text.z_arm_cpu_idle_init
                0x0000000000001e14        0xc zephyr/arch/arch/arm/core/cortex_m/libarch__arm__core__cortex_m.a(cpu_idle.c.obj)
                0x0000000000001e14                z_arm_cpu_idle_init
 .text.z_arm_interrupt_init
                0x0000000000001e20       0x20 zephyr/arch/arch/arm/core/cortex_m/libarch__arm__core__cortex_m.a(irq_init.c.obj)
                0x0000000000001e20                z_arm_interrupt_init
 .text._isr_wrapper
                0x0000000000001e40       0x24 zephyr/arch/arch/arm/core/cortex_m/libarch__arm__core__cortex_m.a(isr_wrapper.c.obj)
                0x0000000000001e40                _isr_wrapper
 .text.z_arm_configure_static_mpu_regions
                0x0000000000001e64       0x38 zephyr/arch/arch/arm/core/mpu/libarch__arm__core__mpu.a(arm_core_mpu.c.obj)
                0x0000000000001e64                z_arm_configure_static_mpu_regions
 .text.region_init
                0x0000000000001e9c       0x34 zephyr/arch/arch/arm/core/mpu/libarch__arm__core__mpu.a(arm_mpu.c.obj)
 .text.region_allocate_and_init
                0x0000000000001ed0       0x24 zephyr/arch/arch/arm/core/mpu/libarch__arm__core__mpu.a(arm_mpu.c.obj)
 .text.mpu_configure_regions_and_partition.constprop.0
                0x0000000000001ef4      0x148 zephyr/arch/arch/arm/core/mpu/libarch__arm__core__mpu.a(arm_mpu.c.obj)
 .text.arm_core_mpu_enable
                0x000000000000203c       0x18 zephyr/arch/arch/arm/core/mpu/libarch__arm__core__mpu.a(arm_mpu.c.obj)
                0x000000000000203c                arm_core_mpu_enable
 .text.arm_core_mpu_disable
                0x0000000000002054       0x14 zephyr/arch/arch/arm/core/mpu/libarch__arm__core__mpu.a(arm_mpu.c.obj)
                0x0000000000002054                arm_core_mpu_disable
 .text.arm_core_mpu_configure_static_mpu_regions
                0x0000000000002068       0x14 zephyr/arch/arch/arm/core/mpu/libarch__arm__core__mpu.a(arm_mpu.c.obj)
                0x0000000000002068                arm_core_mpu_configure_static_mpu_regions
 .text.arm_core_mpu_mark_areas_for_dynamic_regions
                0x000000000000207c       0xb8 zephyr/arch/arch/arm/core/mpu/libarch__arm__core__mpu.a(arm_mpu.c.obj)
                0x000000000000207c                arm_core_mpu_mark_areas_for_dynamic_regions
 .text.z_arm_mpu_init
                0x0000000000002134      0x11c zephyr/arch/arch/arm/core/mpu/libarch__arm__core__mpu.a(arm_mpu.c.obj)
                0x0000000000002134                z_arm_mpu_init
 .text.z_impl_zephyr_fputc
                0x0000000000002250       0x10 zephyr/lib/libc/picolibc/liblib__libc__picolibc.a(stdio.c.obj)
                0x0000000000002250                z_impl_zephyr_fputc
 .text.__stdout_hook_install
                0x0000000000002260       0x18 zephyr/lib/libc/picolibc/liblib__libc__picolibc.a(stdio.c.obj)
                0x0000000000002260                __stdout_hook_install
 .text.malloc_prepare
                0x0000000000002278       0x24 zephyr/lib/libc/common/liblib__libc__common.a(malloc.c.obj)
 .text.nordicsemi_nrf54l_init
                0x000000000000229c       0xa4 zephyr/soc/soc/nrf54l15/libsoc__nordic.a(soc.c.obj)
                0x000000000000229c                nordicsemi_nrf54l_init
 .text.arch_busy_wait
                0x0000000000002340       0x24 zephyr/soc/soc/nrf54l15/libsoc__nordic.a(soc.c.obj)
                0x0000000000002340                arch_busy_wait
 .text.cache_instr_enable
                0x0000000000002364       0x10 zephyr/drivers/cache/libdrivers__cache.a(cache_nrf.c.obj)
                0x0000000000002364                cache_instr_enable
 .text.onoff_stop
                0x0000000000002374       0x30 zephyr/drivers/clock_control/libdrivers__clock_control.a(clock_control_nrf.c.obj)
 .text.onoff_start
                0x00000000000023a4       0x44 zephyr/drivers/clock_control/libdrivers__clock_control.a(clock_control_nrf.c.obj)
 .text.generic_hfclk_stop
                0x00000000000023e8       0x34 zephyr/drivers/clock_control/libdrivers__clock_control.a(clock_control_nrf.c.obj)
 .text.clk_init
                0x000000000000241c       0x5c zephyr/drivers/clock_control/libdrivers__clock_control.a(clock_control_nrf.c.obj)
 .text.api_blocking_start
                0x0000000000002478       0x34 zephyr/drivers/clock_control/libdrivers__clock_control.a(clock_control_nrf.c.obj)
 .text.clkstarted_handle.constprop.0
                0x00000000000024ac       0x4c zephyr/drivers/clock_control/libdrivers__clock_control.a(clock_control_nrf.c.obj)
 .text.generic_hfclk_start
                0x00000000000024f8       0x78 zephyr/drivers/clock_control/libdrivers__clock_control.a(clock_control_nrf.c.obj)
 .text.z_nrf_clock_control_lf_on
                0x0000000000002570       0xf4 zephyr/drivers/clock_control/libdrivers__clock_control.a(clock_control_nrf.c.obj)
                0x0000000000002570                z_nrf_clock_control_lf_on
 .text.uart_console_init
                0x0000000000002664       0x28 zephyr/drivers/console/libdrivers__console.a(uart_console.c.obj)
 .text.console_out
                0x000000000000268c       0x28 zephyr/drivers/console/libdrivers__console.a(uart_console.c.obj)
 .text.gpio_nrfx_pin_configure
                0x00000000000026b4      0x188 zephyr/drivers/gpio/libdrivers__gpio.a(gpio_nrfx.c.obj)
 .text.nrfx_gpio_handler
                0x000000000000283c       0x58 zephyr/drivers/gpio/libdrivers__gpio.a(gpio_nrfx.c.obj)
 .text.gpio_nrfx_init
                0x0000000000002894       0x54 zephyr/drivers/gpio/libdrivers__gpio.a(gpio_nrfx.c.obj)
 .text.gpio_nrfx_pin_interrupt_configure
                0x00000000000028e8      0x11c zephyr/drivers/gpio/libdrivers__gpio.a(gpio_nrfx.c.obj)
 .text.event_handler
                0x0000000000002a04       0x38 zephyr/drivers/i2c/libdrivers__i2c.a(i2c_nrfx_twim.c.obj)
 .text.i2c_nrfx_twim_transfer
                0x0000000000002a3c      0x14c zephyr/drivers/i2c/libdrivers__i2c.a(i2c_nrfx_twim.c.obj)
 .text.i2c_nrfx_twim_recover_bus
                0x0000000000002b88       0x40 zephyr/drivers/i2c/libdrivers__i2c.a(i2c_nrfx_twim_common.c.obj)
                0x0000000000002b88                i2c_nrfx_twim_recover_bus
 .text.i2c_nrfx_twim_msg_transfer
                0x0000000000002bc8       0x6c zephyr/drivers/i2c/libdrivers__i2c.a(i2c_nrfx_twim_common.c.obj)
                0x0000000000002bc8                i2c_nrfx_twim_msg_transfer
 .text.i2c_nrfx_twim_common_init
                0x0000000000002c34       0x3c zephyr/drivers/i2c/libdrivers__i2c.a(i2c_nrfx_twim_common.c.obj)
                0x0000000000002c34                i2c_nrfx_twim_common_init
 .text.nrf_gpio_pin_port_decode
                0x0000000000002c70       0x20 zephyr/drivers/pinctrl/libdrivers__pinctrl.a(pinctrl_nrf.c.obj)
 .text.pinctrl_configure_pins
                0x0000000000002c90      0x19c zephyr/drivers/pinctrl/libdrivers__pinctrl.a(pinctrl_nrf.c.obj)
                0x0000000000002c90                pinctrl_configure_pins
 .text.uarte_nrfx_poll_out
                0x0000000000002e2c       0xb4 zephyr/drivers/serial/libdrivers__serial.a(uart_nrfx_uarte.c.obj)
 .text.sys_clock_timeout_handler
                0x0000000000002ee0       0x40 zephyr/drivers/timer/libdrivers__timer.a(nrf_grtc_timer.c.obj)
 .text.sys_clock_driver_init
                0x0000000000002f20       0x88 zephyr/drivers/timer/libdrivers__timer.a(nrf_grtc_timer.c.obj)
 .text.sys_clock_elapsed
                0x0000000000002fa8       0x20 zephyr/drivers/timer/libdrivers__timer.a(nrf_grtc_timer.c.obj)
                0x0000000000002fa8                sys_clock_elapsed
 .text.sys_clock_set_timeout
                0x0000000000002fc8       0x50 zephyr/drivers/timer/libdrivers__timer.a(nrf_grtc_timer.c.obj)
                0x0000000000002fc8                sys_clock_set_timeout
 .text.nrf54l_errata_31
                0x0000000000003018       0x20 modules/hal_nordic/modules/hal_nordic/nrfx/libmodules__hal_nordic__nrfx.a(system_nrf54l.c.obj)
 .text.nrf54l_handle_approtect_signal
                0x0000000000003038       0x34 modules/hal_nordic/modules/hal_nordic/nrfx/libmodules__hal_nordic__nrfx.a(system_nrf54l.c.obj)
 .text.SystemInit
                0x000000000000306c      0x12c modules/hal_nordic/modules/hal_nordic/nrfx/libmodules__hal_nordic__nrfx.a(system_nrf54l.c.obj)
                0x000000000000306c                SystemInit
 .text.nrfx_flag32_alloc
                0x0000000000003198       0x40 modules/hal_nordic/modules/hal_nordic/nrfx/libmodules__hal_nordic__nrfx.a(nrfx_flag32_allocator.c.obj)
                0x0000000000003198                nrfx_flag32_alloc
 .text.nrfx_flag32_free
                0x00000000000031d8       0x38 modules/hal_nordic/modules/hal_nordic/nrfx/libmodules__hal_nordic__nrfx.a(nrfx_flag32_allocator.c.obj)
                0x00000000000031d8                nrfx_flag32_free
 .text.clock_stop
                0x0000000000003210       0xe8 modules/hal_nordic/modules/hal_nordic/nrfx/libmodules__hal_nordic__nrfx.a(nrfx_clock.c.obj)
 .text.nrfx_clock_init
                0x00000000000032f8       0x20 modules/hal_nordic/modules/hal_nordic/nrfx/libmodules__hal_nordic__nrfx.a(nrfx_clock.c.obj)
                0x00000000000032f8                nrfx_clock_init
 .text.nrfx_clock_enable
                0x0000000000003318       0x2c modules/hal_nordic/modules/hal_nordic/nrfx/libmodules__hal_nordic__nrfx.a(nrfx_clock.c.obj)
                0x0000000000003318                nrfx_clock_enable
 .text.nrfx_clock_start
                0x0000000000003344       0xe0 modules/hal_nordic/modules/hal_nordic/nrfx/libmodules__hal_nordic__nrfx.a(nrfx_clock.c.obj)
                0x0000000000003344                nrfx_clock_start
 .text.nrfx_power_clock_irq_handler
                0x0000000000003424       0x88 modules/hal_nordic/modules/hal_nordic/nrfx/libmodules__hal_nordic__nrfx.a(nrfx_clock.c.obj)
                0x0000000000003424                nrfx_power_clock_irq_handler
 .text.nrf_gpio_pin_port_decode
                0x00000000000034ac       0x20 modules/hal_nordic/modules/hal_nordic/nrfx/libmodules__hal_nordic__nrfx.a(nrfx_gpiote.c.obj)
 .text.get_pin_idx
                0x00000000000034cc       0x14 modules/hal_nordic/modules/hal_nordic/nrfx/libmodules__hal_nordic__nrfx.a(nrfx_gpiote.c.obj)
 .text.release_handler
                0x00000000000034e0       0x74 modules/hal_nordic/modules/hal_nordic/nrfx/libmodules__hal_nordic__nrfx.a(nrfx_gpiote.c.obj)
 .text.latch_pending_read_and_check
                0x0000000000003554       0x58 modules/hal_nordic/modules/hal_nordic/nrfx/libmodules__hal_nordic__nrfx.a(nrfx_gpiote.c.obj)
 .text.pin_te_get.isra.0
                0x00000000000035ac       0x20 modules/hal_nordic/modules/hal_nordic/nrfx/libmodules__hal_nordic__nrfx.a(nrfx_gpiote.c.obj)
 .text.pin_is_output.isra.0
                0x00000000000035cc       0x24 modules/hal_nordic/modules/hal_nordic/nrfx/libmodules__hal_nordic__nrfx.a(nrfx_gpiote.c.obj)
 .text.pin_in_use_by_te.isra.0
                0x00000000000035f0       0x24 modules/hal_nordic/modules/hal_nordic/nrfx/libmodules__hal_nordic__nrfx.a(nrfx_gpiote.c.obj)
 .text.irq_handler
                0x0000000000003614      0x1d4 modules/hal_nordic/modules/hal_nordic/nrfx/libmodules__hal_nordic__nrfx.a(nrfx_gpiote.c.obj)
 .text.pin_uninit
                0x00000000000037e8       0xa4 modules/hal_nordic/modules/hal_nordic/nrfx/libmodules__hal_nordic__nrfx.a(nrfx_gpiote.c.obj)
 .text.nrfx_gpiote_input_configure
                0x000000000000388c      0x1d8 modules/hal_nordic/modules/hal_nordic/nrfx/libmodules__hal_nordic__nrfx.a(nrfx_gpiote.c.obj)
                0x000000000000388c                nrfx_gpiote_input_configure
 .text.nrfx_gpiote_output_configure
                0x0000000000003a64      0x128 modules/hal_nordic/modules/hal_nordic/nrfx/libmodules__hal_nordic__nrfx.a(nrfx_gpiote.c.obj)
                0x0000000000003a64                nrfx_gpiote_output_configure
 .text.nrfx_gpiote_global_callback_set
                0x0000000000003b8c       0x1c modules/hal_nordic/modules/hal_nordic/nrfx/libmodules__hal_nordic__nrfx.a(nrfx_gpiote.c.obj)
                0x0000000000003b8c                nrfx_gpiote_global_callback_set
 .text.nrfx_gpiote_channel_get
                0x0000000000003ba8       0x3c modules/hal_nordic/modules/hal_nordic/nrfx/libmodules__hal_nordic__nrfx.a(nrfx_gpiote.c.obj)
                0x0000000000003ba8                nrfx_gpiote_channel_get
 .text.nrfx_gpiote_init
                0x0000000000003be4       0x80 modules/hal_nordic/modules/hal_nordic/nrfx/libmodules__hal_nordic__nrfx.a(nrfx_gpiote.c.obj)
                0x0000000000003be4                nrfx_gpiote_init
 .text.nrfx_gpiote_init_check
                0x0000000000003c64       0x1c modules/hal_nordic/modules/hal_nordic/nrfx/libmodules__hal_nordic__nrfx.a(nrfx_gpiote.c.obj)
                0x0000000000003c64                nrfx_gpiote_init_check
 .text.nrfx_gpiote_channel_free
                0x0000000000003c80       0x10 modules/hal_nordic/modules/hal_nordic/nrfx/libmodules__hal_nordic__nrfx.a(nrfx_gpiote.c.obj)
                0x0000000000003c80                nrfx_gpiote_channel_free
 .text.nrfx_gpiote_channel_alloc
                0x0000000000003c90       0x10 modules/hal_nordic/modules/hal_nordic/nrfx/libmodules__hal_nordic__nrfx.a(nrfx_gpiote.c.obj)
                0x0000000000003c90                nrfx_gpiote_channel_alloc
 .text.nrfx_gpiote_trigger_enable
                0x0000000000003ca0       0xb8 modules/hal_nordic/modules/hal_nordic/nrfx/libmodules__hal_nordic__nrfx.a(nrfx_gpiote.c.obj)
                0x0000000000003ca0                nrfx_gpiote_trigger_enable
 .text.nrfx_gpiote_20_irq_handler
                0x0000000000003d58       0x10 modules/hal_nordic/modules/hal_nordic/nrfx/libmodules__hal_nordic__nrfx.a(nrfx_gpiote.c.obj)
                0x0000000000003d58                nrfx_gpiote_20_irq_handler
 .text.nrfx_gpiote_30_irq_handler
                0x0000000000003d68       0x10 modules/hal_nordic/modules/hal_nordic/nrfx/libmodules__hal_nordic__nrfx.a(nrfx_gpiote.c.obj)
                0x0000000000003d68                nrfx_gpiote_30_irq_handler
 .text.cc_channel_prepare
                0x0000000000003d78       0x40 modules/hal_nordic/modules/hal_nordic/nrfx/libmodules__hal_nordic__nrfx.a(nrfx_grtc.c.obj)
 .text.sleep_configure
                0x0000000000003db8       0x24 modules/hal_nordic/modules/hal_nordic/nrfx/libmodules__hal_nordic__nrfx.a(nrfx_grtc.c.obj)
 .text.syscounter_check
                0x0000000000003ddc       0x38 modules/hal_nordic/modules/hal_nordic/nrfx/libmodules__hal_nordic__nrfx.a(nrfx_grtc.c.obj)
 .text.nrfx_grtc_syscounter_get
                0x0000000000003e14       0x48 modules/hal_nordic/modules/hal_nordic/nrfx/libmodules__hal_nordic__nrfx.a(nrfx_grtc.c.obj)
                0x0000000000003e14                nrfx_grtc_syscounter_get
 .text.nrfx_grtc_init
                0x0000000000003e5c      0x120 modules/hal_nordic/modules/hal_nordic/nrfx/libmodules__hal_nordic__nrfx.a(nrfx_grtc.c.obj)
                0x0000000000003e5c                nrfx_grtc_init
 .text.nrfx_grtc_syscounter_start
                0x0000000000003f7c       0xc8 modules/hal_nordic/modules/hal_nordic/nrfx/libmodules__hal_nordic__nrfx.a(nrfx_grtc.c.obj)
                0x0000000000003f7c                nrfx_grtc_syscounter_start
 .text.nrfx_grtc_syscounter_cc_absolute_set
                0x0000000000004044       0x98 modules/hal_nordic/modules/hal_nordic/nrfx/libmodules__hal_nordic__nrfx.a(nrfx_grtc.c.obj)
                0x0000000000004044                nrfx_grtc_syscounter_cc_absolute_set
 .text.nrfx_grtc_irq_handler
                0x00000000000040dc       0xb0 modules/hal_nordic/modules/hal_nordic/nrfx/libmodules__hal_nordic__nrfx.a(nrfx_grtc.c.obj)
                0x00000000000040dc                nrfx_grtc_irq_handler
 .text.__nrfy_internal_rramc_config_set.constprop.0.isra.0
                0x000000000000418c       0x18 modules/hal_nordic/modules/hal_nordic/nrfx/libmodules__hal_nordic__nrfx.a(nrfx_rramc.c.obj)
 .text.twim_configure
                0x00000000000041a4       0x3c modules/hal_nordic/modules/hal_nordic/nrfx/libmodules__hal_nordic__nrfx.a(nrfx_twim.c.obj)
 .text.nrf_gpio_cfg_default
                0x00000000000041e0       0x3c modules/hal_nordic/modules/hal_nordic/nrfx/libmodules__hal_nordic__nrfx.a(nrfx_twim.c.obj)
 .text.pins_configure
                0x000000000000421c       0x68 modules/hal_nordic/modules/hal_nordic/nrfx/libmodules__hal_nordic__nrfx.a(nrfx_twim.c.obj)
 .text.nrfx_twim_init
                0x0000000000004284       0x74 modules/hal_nordic/modules/hal_nordic/nrfx/libmodules__hal_nordic__nrfx.a(nrfx_twim.c.obj)
                0x0000000000004284                nrfx_twim_init
 .text.nrfx_twim_enable
                0x00000000000042f8       0x20 modules/hal_nordic/modules/hal_nordic/nrfx/libmodules__hal_nordic__nrfx.a(nrfx_twim.c.obj)
                0x00000000000042f8                nrfx_twim_enable
 .text.nrfx_twim_disable
                0x0000000000004318       0x40 modules/hal_nordic/modules/hal_nordic/nrfx/libmodules__hal_nordic__nrfx.a(nrfx_twim.c.obj)
                0x0000000000004318                nrfx_twim_disable
 .text.nrfx_twim_uninit
                0x0000000000004358       0x50 modules/hal_nordic/modules/hal_nordic/nrfx/libmodules__hal_nordic__nrfx.a(nrfx_twim.c.obj)
                0x0000000000004358                nrfx_twim_uninit
 .text.nrfx_twim_xfer
                0x00000000000043a8      0x340 modules/hal_nordic/modules/hal_nordic/nrfx/libmodules__hal_nordic__nrfx.a(nrfx_twim.c.obj)
                0x00000000000043a8                nrfx_twim_xfer
 .text.nrfx_twim_22_irq_handler
                0x00000000000046e8      0x184 modules/hal_nordic/modules/hal_nordic/nrfx/libmodules__hal_nordic__nrfx.a(nrfx_twim.c.obj)
                0x00000000000046e8                nrfx_twim_22_irq_handler
 .text.nrf_gpio_pin_port_decode
                0x000000000000486c       0x20 modules/hal_nordic/modules/hal_nordic/nrfx/libmodules__hal_nordic__nrfx.a(nrfx_twi_twim.c.obj)
 .text.nrfx_twi_twim_bus_recover
                0x000000000000488c       0xd4 modules/hal_nordic/modules/hal_nordic/nrfx/libmodules__hal_nordic__nrfx.a(nrfx_twi_twim.c.obj)
                0x000000000000488c                nrfx_twi_twim_bus_recover
 .text.z_fatal_error
                0x0000000000004960       0x30 zephyr/kernel/libkernel.a(fatal.c.obj)
                0x0000000000004960                z_fatal_error
 .text.z_sys_init_run_level
                0x0000000000004990       0x30 zephyr/kernel/libkernel.a(init.c.obj)
 .text.bg_thread_main
                0x00000000000049c0       0xc0 zephyr/kernel/libkernel.a(init.c.obj)
 .text.z_bss_zero
                0x0000000000004a80       0x18 zephyr/kernel/libkernel.a(init.c.obj)
                0x0000000000004a80                z_bss_zero
 .text.z_init_cpu
                0x0000000000004a98       0x68 zephyr/kernel/libkernel.a(init.c.obj)
                0x0000000000004a98                z_init_cpu
 .text.z_cstart
                0x0000000000004b00       0xd0 zephyr/kernel/libkernel.a(init.c.obj)
                0x0000000000004b00                z_cstart
 .text.z_impl_k_mutex_lock
                0x0000000000004bd0       0xf0 zephyr/kernel/libkernel.a(mutex.c.obj)
                0x0000000000004bd0                z_impl_k_mutex_lock
 .text.z_impl_k_mutex_unlock
                0x0000000000004cc0       0xa0 zephyr/kernel/libkernel.a(mutex.c.obj)
                0x0000000000004cc0                z_impl_k_mutex_unlock
 .text.z_impl_k_sem_give
                0x0000000000004d60       0x68 zephyr/kernel/libkernel.a(sem.c.obj)
                0x0000000000004d60                z_impl_k_sem_give
 .text.z_impl_k_sem_take
                0x0000000000004dc8       0x4c zephyr/kernel/libkernel.a(sem.c.obj)
                0x0000000000004dc8                z_impl_k_sem_take
 .text.z_setup_new_thread
                0x0000000000004e14       0x80 zephyr/kernel/libkernel.a(thread.c.obj)
                0x0000000000004e14                z_setup_new_thread
 .text.z_dummy_thread_init
                0x0000000000004e94       0x18 zephyr/kernel/libkernel.a(thread.c.obj)
                0x0000000000004e94                z_dummy_thread_init
 .text.z_swap_irqlock
                0x0000000000004eac       0x34 zephyr/kernel/libkernel.a(sched.c.obj)
 .text.ready_thread
                0x0000000000004ee0       0x84 zephyr/kernel/libkernel.a(sched.c.obj)
 .text.unready_thread
                0x0000000000004f64       0x54 zephyr/kernel/libkernel.a(sched.c.obj)
 .text.add_thread_timeout
                0x0000000000004fb8       0x1c zephyr/kernel/libkernel.a(sched.c.obj)
 .text.move_thread_to_end_of_prio_q
                0x0000000000004fd4       0x90 zephyr/kernel/libkernel.a(sched.c.obj)
                0x0000000000004fd4                move_thread_to_end_of_prio_q
 .text.z_pend_curr
                0x0000000000005064       0x44 zephyr/kernel/libkernel.a(sched.c.obj)
                0x0000000000005064                z_pend_curr
 .text.z_thread_prio_set
                0x00000000000050a8       0xe4 zephyr/kernel/libkernel.a(sched.c.obj)
                0x00000000000050a8                z_thread_prio_set
 .text.z_reschedule
                0x000000000000518c       0x24 zephyr/kernel/libkernel.a(sched.c.obj)
                0x000000000000518c                z_reschedule
 .text.z_reschedule_irqlock
                0x00000000000051b0       0x28 zephyr/kernel/libkernel.a(sched.c.obj)
                0x00000000000051b0                z_reschedule_irqlock
 .text.k_sched_lock
                0x00000000000051d8       0x28 zephyr/kernel/libkernel.a(sched.c.obj)
                0x00000000000051d8                k_sched_lock
 .text.k_sched_unlock
                0x0000000000005200       0x68 zephyr/kernel/libkernel.a(sched.c.obj)
                0x0000000000005200                k_sched_unlock
 .text.z_sched_init
                0x0000000000005268       0x10 zephyr/kernel/libkernel.a(sched.c.obj)
                0x0000000000005268                z_sched_init
 .text.z_impl_k_yield
                0x0000000000005278       0x88 zephyr/kernel/libkernel.a(sched.c.obj)
                0x0000000000005278                z_impl_k_yield
 .text.z_tick_sleep
                0x0000000000005300       0x78 zephyr/kernel/libkernel.a(sched.c.obj)
 .text.z_impl_k_sleep
                0x0000000000005378       0x5c zephyr/kernel/libkernel.a(sched.c.obj)
                0x0000000000005378                z_impl_k_sleep
 .text.z_impl_k_wakeup
                0x00000000000053d4       0x48 zephyr/kernel/libkernel.a(sched.c.obj)
                0x00000000000053d4                z_impl_k_wakeup
 .text.z_impl_k_sched_current_thread_query
                0x000000000000541c        0xc zephyr/kernel/libkernel.a(sched.c.obj)
                0x000000000000541c                z_impl_k_sched_current_thread_query
 .text.z_thread_abort
                0x0000000000005428      0x138 zephyr/kernel/libkernel.a(sched.c.obj)
                0x0000000000005428                z_thread_abort
 .text.slice_timeout
                0x0000000000005560       0x20 zephyr/kernel/libkernel.a(timeslicing.c.obj)
 .text.thread_is_sliceable
                0x0000000000005580       0x3c zephyr/kernel/libkernel.a(timeslicing.c.obj)
                0x0000000000005580                thread_is_sliceable
 .text.z_reset_time_slice
                0x00000000000055bc       0x50 zephyr/kernel/libkernel.a(timeslicing.c.obj)
                0x00000000000055bc                z_reset_time_slice
 .text.z_time_slice
                0x000000000000560c       0x60 zephyr/kernel/libkernel.a(timeslicing.c.obj)
                0x000000000000560c                z_time_slice
 .text.z_data_copy
                0x000000000000566c       0x38 zephyr/kernel/libkernel.a(xip.c.obj)
                0x000000000000566c                z_data_copy
 .text.first    0x00000000000056a4       0x10 zephyr/kernel/libkernel.a(timeout.c.obj)
 .text.elapsed  0x00000000000056b4       0x14 zephyr/kernel/libkernel.a(timeout.c.obj)
 .text.remove_timeout
                0x00000000000056c8       0x38 zephyr/kernel/libkernel.a(timeout.c.obj)
 .text.z_add_timeout
                0x0000000000005700      0x124 zephyr/kernel/libkernel.a(timeout.c.obj)
                0x0000000000005700                z_add_timeout
 .text.sys_clock_announce
                0x0000000000005824       0xbc zephyr/kernel/libkernel.a(timeout.c.obj)
                0x0000000000005824                sys_clock_announce
 .text.sys_clock_tick_get
                0x00000000000058e0       0x30 zephyr/kernel/libkernel.a(timeout.c.obj)
                0x00000000000058e0                sys_clock_tick_get
 .text.psa_get_initialized
                0x0000000000005910       0x4c modules/nrf/subsys/nrf_security/src/core/nrf_oberon/libpsa_core.a(psa_crypto.c.obj)
 .text.mbedtls_psa_crypto_free
                0x000000000000595c       0x90 modules/nrf/subsys/nrf_security/src/core/nrf_oberon/libpsa_core.a(psa_crypto.c.obj)
                0x000000000000595c                mbedtls_psa_crypto_free
 .text.psa_crypto_init
                0x00000000000059ec      0x104 modules/nrf/subsys/nrf_security/src/core/nrf_oberon/libpsa_core.a(psa_crypto.c.obj)
                0x00000000000059ec                psa_crypto_init
 .text.psa_initialize_key_slots
                0x0000000000005af0       0x10 modules/nrf/subsys/nrf_security/src/core/nrf_oberon/libpsa_core.a(psa_crypto_slot_management.c.obj)
                0x0000000000005af0                psa_initialize_key_slots
 .text.psa_wipe_all_key_slots
                0x0000000000005b00       0x34 modules/nrf/subsys/nrf_security/src/core/nrf_oberon/libpsa_core.a(psa_crypto_slot_management.c.obj)
                0x0000000000005b00                psa_wipe_all_key_slots
 .text.mbedtls_free
                0x0000000000005b34        0xc modules/nrf/subsys/nrf_security/src/core/nrf_oberon/libpsa_core.a(platform.c.obj)
                0x0000000000005b34                mbedtls_free
 .text.mbedtls_platform_zeroize
                0x0000000000005b40       0x18 modules/nrf/subsys/nrf_security/src/core/nrf_oberon/libpsa_core.a(platform_util.c.obj)
                0x0000000000005b40                mbedtls_platform_zeroize
 .text.cracen_acquire
                0x0000000000005b58       0x40 modules/nrf/subsys/nrf_security/src/drivers/cracen/libcracen_psa_driver.a(cracen.c.obj)
                0x0000000000005b58                cracen_acquire
 .text.cracen_release
                0x0000000000005b98       0x6c modules/nrf/subsys/nrf_security/src/drivers/cracen/libcracen_psa_driver.a(cracen.c.obj)
                0x0000000000005b98                cracen_release
 .text.cracen_init
                0x0000000000005c04       0x5c modules/nrf/subsys/nrf_security/src/drivers/cracen/libcracen_psa_driver.a(cracen.c.obj)
                0x0000000000005c04                cracen_init
 .text.lib_kmu_clear_all_events
                0x0000000000005c60       0x24 modules/nrf/subsys/nrf_security/src/drivers/cracen/libcracen_psa_driver.a(lib_kmu.c.obj)
                0x0000000000005c60                lib_kmu_clear_all_events
 .text.trigger_task_and_wait_for_event_or_error
                0x0000000000005c84       0x54 modules/nrf/subsys/nrf_security/src/drivers/cracen/libcracen_psa_driver.a(lib_kmu.c.obj)
 .text.lib_kmu_provision_slot
                0x0000000000005cd8       0x3c modules/nrf/subsys/nrf_security/src/drivers/cracen/libcracen_psa_driver.a(lib_kmu.c.obj)
                0x0000000000005cd8                lib_kmu_provision_slot
 .text.lib_kmu_revoke_slot
                0x0000000000005d14       0x34 modules/nrf/subsys/nrf_security/src/drivers/cracen/libcracen_psa_driver.a(lib_kmu.c.obj)
                0x0000000000005d14                lib_kmu_revoke_slot
 .text.lib_kmu_read_metadata
                0x0000000000005d48       0x30 modules/nrf/subsys/nrf_security/src/drivers/cracen/libcracen_psa_driver.a(lib_kmu.c.obj)
                0x0000000000005d48                lib_kmu_read_metadata
 .text.cracen_kmu_provision
                0x0000000000005d78      0x250 modules/nrf/subsys/nrf_security/src/drivers/cracen/libcracen_psa_driver.a(kmu.c.obj)
                0x0000000000005d78                cracen_kmu_provision
 .text.cracen_provision_prot_ram_inv_data
                0x0000000000005fc8       0x7c modules/nrf/subsys/nrf_security/src/drivers/cracen/libcracen_psa_driver.a(kmu.c.obj)
                0x0000000000005fc8                cracen_provision_prot_ram_inv_data
 .text.sx_hw_reserve
                0x0000000000006044       0x54 modules/nrf/subsys/nrf_security/src/drivers/cracen/libcracen_psa_driver.a(cmdma_hw.c.obj)
                0x0000000000006044                sx_hw_reserve
 .text.sx_cmdma_release_hw
                0x0000000000006098       0x30 modules/nrf/subsys/nrf_security/src/drivers/cracen/libcracen_psa_driver.a(cmdma_hw.c.obj)
                0x0000000000006098                sx_cmdma_release_hw
 .text.cracen_isr_handler
                0x00000000000060c8       0x68 modules/nrf/subsys/nrf_security/src/drivers/cracen/libcracen_psa_driver.a(interrupts.c.obj)
                0x00000000000060c8                cracen_isr_handler
 .text.cracen_interrupts_init
                0x0000000000006130       0x28 modules/nrf/subsys/nrf_security/src/drivers/cracen/libcracen_psa_driver.a(interrupts.c.obj)
                0x0000000000006130                cracen_interrupts_init
 .text.cracen_wait_for_cm_interrupt
                0x0000000000006158       0x30 modules/nrf/subsys/nrf_security/src/drivers/cracen/libcracen_psa_driver.a(interrupts.c.obj)
                0x0000000000006158                cracen_wait_for_cm_interrupt
 .text.sx_pk_fetch_capabilities
                0x0000000000006188       0x24 modules/nrf/subsys/nrf_security/src/drivers/cracen/libcracen_psa_driver.a(pk_baremetal.c.obj)
                0x0000000000006188                sx_pk_fetch_capabilities
 .text.sx_pk_init
                0x00000000000061ac       0x3c modules/nrf/subsys/nrf_security/src/drivers/cracen/libcracen_psa_driver.a(pk_baremetal.c.obj)
                0x00000000000061ac                sx_pk_init
 .text.sx_get_current_req
                0x00000000000061e8        0x8 modules/nrf/subsys/nrf_security/src/drivers/cracen/libcracen_psa_driver.a(pk_baremetal.c.obj)
                0x00000000000061e8                sx_get_current_req
 .text.ctr_drbg_update
                0x00000000000061f0       0x9c modules/nrf/subsys/nrf_security/src/drivers/cracen/libcracen_psa_driver.a(ctr_drbg.c.obj)
 .text.cracen_init_random
                0x000000000000628c       0x70 modules/nrf/subsys/nrf_security/src/drivers/cracen/libcracen_psa_driver.a(ctr_drbg.c.obj)
                0x000000000000628c                cracen_init_random
 .text.cracen_get_random
                0x00000000000062fc      0x110 modules/nrf/subsys/nrf_security/src/drivers/cracen/libcracen_psa_driver.a(ctr_drbg.c.obj)
                0x00000000000062fc                cracen_get_random
 .text.sx_blkcipher_ecb_simple
                0x000000000000640c       0xa4 modules/nrf/subsys/nrf_security/src/drivers/cracen/libcracen_psa_driver.a(blkcipher.c.obj)
                0x000000000000640c                sx_blkcipher_ecb_simple
 .text.sx_trng_flush
                0x00000000000064b0       0x30 modules/nrf/subsys/nrf_security/src/drivers/cracen/libcracen_psa_driver.a(trng.c.obj)
 .text.sx_trng_restart
                0x00000000000064e0       0x28 modules/nrf/subsys/nrf_security/src/drivers/cracen/libcracen_psa_driver.a(trng.c.obj)
                0x00000000000064e0                sx_trng_restart
 .text.sx_trng_open
                0x0000000000006508       0xa4 modules/nrf/subsys/nrf_security/src/drivers/cracen/libcracen_psa_driver.a(trng.c.obj)
                0x0000000000006508                sx_trng_open
 .text.sx_trng_get
                0x00000000000065ac       0xd4 modules/nrf/subsys/nrf_security/src/drivers/cracen/libcracen_psa_driver.a(trng.c.obj)
                0x00000000000065ac                sx_trng_get
 .text.k_event_post_internal
                0x0000000000006680       0x5c zephyr/kernel/libkernel.a(events.c.obj)
 .text.skip_to_arg
                0x00000000000066dc      0x134 /opt/nordic/ncs/toolchains/5c0d382932/opt/zephyr-sdk/arm-zephyr-eabi/bin/../lib/gcc/../../picolibc/arm-zephyr-eabi/lib/thumb/v8-m.main/nofp/libc.a(libc_tinystdio_vfprintf.c.o)
 .text.vfprintf
                0x0000000000006810      0x9a8 /opt/nordic/ncs/toolchains/5c0d382932/opt/zephyr-sdk/arm-zephyr-eabi/bin/../lib/gcc/../../picolibc/arm-zephyr-eabi/lib/thumb/v8-m.main/nofp/libc.a(libc_tinystdio_vfprintf.c.o)
                0x0000000000006810                __d_vfprintf
 .text.div10    0x00000000000071b8       0x28 /opt/nordic/ncs/toolchains/5c0d382932/opt/zephyr-sdk/arm-zephyr-eabi/bin/../lib/gcc/../../picolibc/arm-zephyr-eabi/lib/thumb/v8-m.main/nofp/libc.a(libc_tinystdio_dtoa_ryu.c.o)
 .text.__dtoa_engine
                0x00000000000071e0      0x4a8 /opt/nordic/ncs/toolchains/5c0d382932/opt/zephyr-sdk/arm-zephyr-eabi/bin/../lib/gcc/../../picolibc/arm-zephyr-eabi/lib/thumb/v8-m.main/nofp/libc.a(libc_tinystdio_dtoa_ryu.c.o)
                0x00000000000071e0                __dtoa_engine
 .text.__log10Pow2
                0x0000000000007688        0xc /opt/nordic/ncs/toolchains/5c0d382932/opt/zephyr-sdk/arm-zephyr-eabi/bin/../lib/gcc/../../picolibc/arm-zephyr-eabi/lib/thumb/v8-m.main/nofp/libc.a(libc_tinystdio_ryu_log10.c.o)
                0x0000000000007688                __log10Pow2
 .text.__log10Pow5
                0x0000000000007694        0xc /opt/nordic/ncs/toolchains/5c0d382932/opt/zephyr-sdk/arm-zephyr-eabi/bin/../lib/gcc/../../picolibc/arm-zephyr-eabi/lib/thumb/v8-m.main/nofp/libc.a(libc_tinystdio_ryu_log10.c.o)
                0x0000000000007694                __log10Pow5
 .text.__pow5bits
                0x00000000000076a0       0x10 /opt/nordic/ncs/toolchains/5c0d382932/opt/zephyr-sdk/arm-zephyr-eabi/bin/../lib/gcc/../../picolibc/arm-zephyr-eabi/lib/thumb/v8-m.main/nofp/libc.a(libc_tinystdio_ryu_pow5bits.c.o)
                0x00000000000076a0                __pow5bits
 .text.__pow5Factor
                0x00000000000076b0       0x30 /opt/nordic/ncs/toolchains/5c0d382932/opt/zephyr-sdk/arm-zephyr-eabi/bin/../lib/gcc/../../picolibc/arm-zephyr-eabi/lib/thumb/v8-m.main/nofp/libc.a(libc_tinystdio_ryu_table.c.o)
                0x00000000000076b0                __pow5Factor
 .text.__double_computePow5
                0x00000000000076e0       0xe4 /opt/nordic/ncs/toolchains/5c0d382932/opt/zephyr-sdk/arm-zephyr-eabi/bin/../lib/gcc/../../picolibc/arm-zephyr-eabi/lib/thumb/v8-m.main/nofp/libc.a(libc_tinystdio_ryu_table.c.o)
                0x00000000000076e0                __double_computePow5
 .text.__double_computeInvPow5
                0x00000000000077c4       0xf8 /opt/nordic/ncs/toolchains/5c0d382932/opt/zephyr-sdk/arm-zephyr-eabi/bin/../lib/gcc/../../picolibc/arm-zephyr-eabi/lib/thumb/v8-m.main/nofp/libc.a(libc_tinystdio_ryu_table.c.o)
                0x00000000000077c4                __double_computeInvPow5
 .text._OffsetAbsSyms
                0x00000000000078bc        0x2 zephyr/CMakeFiles/offsets.dir/./arch/arm/core/offsets/offsets.c.obj
                0x00000000000078bc                _OffsetAbsSyms
 .text.i2c_write_read.constprop.0
                0x00000000000078be       0x38 app/libapp.a(main.c.obj)
 .text.chunk_field
                0x00000000000078f6       0x16 zephyr/libzephyr.a(heap.c.obj)
 .text.chunk_set
                0x000000000000790c       0x16 zephyr/libzephyr.a(heap.c.obj)
 .text.chunk_size
                0x0000000000007922        0xc zephyr/libzephyr.a(heap.c.obj)
 .text.set_chunk_used
                0x000000000000792e       0x30 zephyr/libzephyr.a(heap.c.obj)
 .text.set_chunk_size
                0x000000000000795e        0x8 zephyr/libzephyr.a(heap.c.obj)
 .text.bucket_idx.isra.0
                0x0000000000007966       0x1c zephyr/libzephyr.a(heap.c.obj)
 .text.free_list_add
                0x0000000000007982       0x84 zephyr/libzephyr.a(heap.c.obj)
 .text.sys_heap_init
                0x0000000000007a06       0xb0 zephyr/libzephyr.a(heap.c.obj)
                0x0000000000007a06                sys_heap_init
 .text.arch_printk_char_out
                0x0000000000007ab6        0x4 zephyr/libzephyr.a(printk.c.obj)
                0x0000000000007ab6                arch_printk_char_out
 .text.printk   0x0000000000007aba       0x1a zephyr/libzephyr.a(printk.c.obj)
                0x0000000000007aba                printk
 .text.process_recheck
                0x0000000000007ad4       0x38 zephyr/libzephyr.a(onoff.c.obj)
 .text.validate_args
                0x0000000000007b0c       0x20 zephyr/libzephyr.a(onoff.c.obj)
 .text.notify_one
                0x0000000000007b2c       0x2c zephyr/libzephyr.a(onoff.c.obj)
 .text.transition_complete
                0x0000000000007b58       0x1a zephyr/libzephyr.a(onoff.c.obj)
 .text.onoff_manager_init
                0x0000000000007b72       0x26 zephyr/libzephyr.a(onoff.c.obj)
                0x0000000000007b72                onoff_manager_init
 .text.onoff_request
                0x0000000000007b98       0xae zephyr/libzephyr.a(onoff.c.obj)
                0x0000000000007b98                onoff_request
 .text.sys_notify_validate
                0x0000000000007c46       0x22 zephyr/libzephyr.a(notify.c.obj)
                0x0000000000007c46                sys_notify_validate
 .text.sys_notify_finalize
                0x0000000000007c68       0x1a zephyr/libzephyr.a(notify.c.obj)
                0x0000000000007c68                sys_notify_finalize
 .text._ConfigAbsSyms
                0x0000000000007c82        0x2 zephyr/libzephyr.a(configs.c.obj)
                0x0000000000007c82                _ConfigAbsSyms
 .text.z_arm_fatal_error
                0x0000000000007c84        0xc zephyr/arch/arch/arm/core/libarch__arm__core.a(fatal.c.obj)
                0x0000000000007c84                z_arm_fatal_error
 .text.z_do_kernel_oops
                0x0000000000007c90        0x8 zephyr/arch/arch/arm/core/libarch__arm__core.a(fatal.c.obj)
                0x0000000000007c90                z_do_kernel_oops
 .text.z_arm_nmi
                0x0000000000007c98        0xe zephyr/arch/arch/arm/core/libarch__arm__core.a(nmi.c.obj)
                0x0000000000007c98                z_arm_nmi
 .text.z_irq_spurious
                0x0000000000007ca6        0x8 zephyr/arch/arch/arm/core/cortex_m/libarch__arm__core__cortex_m.a(irq_manage.c.obj)
                0x0000000000007ca6                z_irq_spurious
 .text.configure_builtin_stack_guard
                0x0000000000007cae        0x8 zephyr/arch/arch/arm/core/cortex_m/libarch__arm__core__cortex_m.a(thread.c.obj)
                0x0000000000007cae                configure_builtin_stack_guard
 .text.arch_irq_unlock_outlined
                0x0000000000007cb6        0xe zephyr/arch/arch/arm/core/cortex_m/libarch__arm__core__cortex_m.a(thread.c.obj)
                0x0000000000007cb6                arch_irq_unlock_outlined
 .text.arch_cpu_idle
                0x0000000000007cc4       0x1a zephyr/arch/arch/arm/core/cortex_m/libarch__arm__core__cortex_m.a(cpu_idle.c.obj)
                0x0000000000007cc4                arch_cpu_idle
 .text.arch_cpu_atomic_idle
                0x0000000000007cde       0x1e zephyr/arch/arch/arm/core/cortex_m/libarch__arm__core__cortex_m.a(cpu_idle.c.obj)
                0x0000000000007cde                arch_cpu_atomic_idle
 .text.arm_cmse_mpu_region_get
                0x0000000000007cfc       0x12 zephyr/arch/arch/arm/core/cortex_m/cmse/libarch__arm__core__cortex_m__cmse.a(arm_core_cmse.c.obj)
                0x0000000000007cfc                arm_cmse_mpu_region_get
 .text.mpu_configure_region
                0x0000000000007d0e       0x32 zephyr/arch/arch/arm/core/mpu/libarch__arm__core__mpu.a(arm_mpu.c.obj)
 .text.picolibc_put
                0x0000000000007d40        0xa zephyr/lib/libc/picolibc/liblib__libc__picolibc.a(stdio.c.obj)
 .text.get_status
                0x0000000000007d4a       0x12 zephyr/drivers/clock_control/libdrivers__clock_control.a(clock_control_nrf.c.obj)
 .text.stop     0x0000000000007d5c       0x52 zephyr/drivers/clock_control/libdrivers__clock_control.a(clock_control_nrf.c.obj)
 .text.api_stop
                0x0000000000007dae        0x6 zephyr/drivers/clock_control/libdrivers__clock_control.a(clock_control_nrf.c.obj)
 .text.async_start
                0x0000000000007db4       0x5c zephyr/drivers/clock_control/libdrivers__clock_control.a(clock_control_nrf.c.obj)
 .text.api_start
                0x0000000000007e10        0xe zephyr/drivers/clock_control/libdrivers__clock_control.a(clock_control_nrf.c.obj)
 .text.onoff_started_callback
                0x0000000000007e1e       0x12 zephyr/drivers/clock_control/libdrivers__clock_control.a(clock_control_nrf.c.obj)
 .text.lfclk_start
                0x0000000000007e30        0x6 zephyr/drivers/clock_control/libdrivers__clock_control.a(clock_control_nrf.c.obj)
 .text.lfclk_stop
                0x0000000000007e36        0x6 zephyr/drivers/clock_control/libdrivers__clock_control.a(clock_control_nrf.c.obj)
 .text.blocking_start_callback
                0x0000000000007e3c        0x6 zephyr/drivers/clock_control/libdrivers__clock_control.a(clock_control_nrf.c.obj)
 .text.clock_event_handler
                0x0000000000007e42       0x14 zephyr/drivers/clock_control/libdrivers__clock_control.a(clock_control_nrf.c.obj)
 .text.gpio_nrfx_port_get_raw
                0x0000000000007e56        0xc zephyr/drivers/gpio/libdrivers__gpio.a(gpio_nrfx.c.obj)
 .text.gpio_nrfx_port_set_masked_raw
                0x0000000000007e62       0x14 zephyr/drivers/gpio/libdrivers__gpio.a(gpio_nrfx.c.obj)
 .text.gpio_nrfx_port_set_bits_raw
                0x0000000000007e76        0xa zephyr/drivers/gpio/libdrivers__gpio.a(gpio_nrfx.c.obj)
 .text.gpio_nrfx_port_clear_bits_raw
                0x0000000000007e80        0xa zephyr/drivers/gpio/libdrivers__gpio.a(gpio_nrfx.c.obj)
 .text.gpio_nrfx_port_toggle_bits
                0x0000000000007e8a       0x14 zephyr/drivers/gpio/libdrivers__gpio.a(gpio_nrfx.c.obj)
 .text.gpio_nrfx_manage_callback
                0x0000000000007e9e       0x52 zephyr/drivers/gpio/libdrivers__gpio.a(gpio_nrfx.c.obj)
 .text.i2c_nrfx_twim_deinit
                0x0000000000007ef0        0x4 zephyr/drivers/i2c/libdrivers__i2c.a(i2c_nrfx_twim.c.obj)
 .text.irq_connect22
                0x0000000000007ef4        0xa zephyr/drivers/i2c/libdrivers__i2c.a(i2c_nrfx_twim.c.obj)
 .text.i2c_nrfx_twim_init
                0x0000000000007efe       0x26 zephyr/drivers/i2c/libdrivers__i2c.a(i2c_nrfx_twim.c.obj)
 .text.i2c_nrfx_twim_exclusive_access_acquire
                0x0000000000007f24        0x6 zephyr/drivers/i2c/libdrivers__i2c.a(i2c_nrfx_twim.c.obj)
                0x0000000000007f24                i2c_nrfx_twim_exclusive_access_acquire
 .text.i2c_nrfx_twim_exclusive_access_release
                0x0000000000007f2a        0x6 zephyr/drivers/i2c/libdrivers__i2c.a(i2c_nrfx_twim.c.obj)
                0x0000000000007f2a                i2c_nrfx_twim_exclusive_access_release
 .text.pinctrl_apply_state.isra.0
                0x0000000000007f30       0x1e zephyr/drivers/i2c/libdrivers__i2c.a(i2c_nrfx_twim_common.c.obj)
 .text.i2c_nrfx_twim_configure
                0x0000000000007f4e       0x3a zephyr/drivers/i2c/libdrivers__i2c.a(i2c_nrfx_twim_common.c.obj)
                0x0000000000007f4e                i2c_nrfx_twim_configure
 .text.twim_nrfx_pm_resume
                0x0000000000007f88       0x16 zephyr/drivers/i2c/libdrivers__i2c.a(i2c_nrfx_twim_common.c.obj)
                0x0000000000007f88                twim_nrfx_pm_resume
 .text.twim_nrfx_pm_suspend
                0x0000000000007f9e       0x16 zephyr/drivers/i2c/libdrivers__i2c.a(i2c_nrfx_twim_common.c.obj)
                0x0000000000007f9e                twim_nrfx_pm_suspend
 .text.i2c_nrfx_twim_common_deinit
                0x0000000000007fb4       0x12 zephyr/drivers/i2c/libdrivers__i2c.a(i2c_nrfx_twim_common.c.obj)
                0x0000000000007fb4                i2c_nrfx_twim_common_deinit
 .text.pinctrl_lookup_state
                0x0000000000007fc6       0x26 zephyr/drivers/pinctrl/libdrivers__pinctrl.a(common.c.obj)
                0x0000000000007fc6                pinctrl_lookup_state
 .text.uarte_nrfx_isr_int
                0x0000000000007fec        0xa zephyr/drivers/serial/libdrivers__serial.a(uart_nrfx_uarte.c.obj)
 .text.uarte_nrfx_err_check
                0x0000000000007ff6        0xe zephyr/drivers/serial/libdrivers__serial.a(uart_nrfx_uarte.c.obj)
 .text.uarte_nrfx_poll_in
                0x0000000000008004       0x26 zephyr/drivers/serial/libdrivers__serial.a(uart_nrfx_uarte.c.obj)
 .text.pinctrl_apply_state.isra.0
                0x000000000000802a       0x1e zephyr/drivers/serial/libdrivers__serial.a(uart_nrfx_uarte.c.obj)
 .text.uarte_20_init
                0x0000000000008048       0xc6 zephyr/drivers/serial/libdrivers__serial.a(uart_nrfx_uarte.c.obj)
 .text.counter  0x000000000000810e       0x12 zephyr/drivers/timer/libdrivers__timer.a(nrf_grtc_timer.c.obj)
 .text._psa_crypto_init
                0x0000000000008120       0x1e modules/nrf/subsys/nrf_security/src/zephyr/libmbedtls_zephyr.a(psa_crypto_init.c.obj)
 .text.nrfx_isr
                0x000000000000813e        0x2 modules/hal_nordic/modules/hal_nordic/nrfx/libmodules__hal_nordic__nrfx.a(nrfx_glue.c.obj)
                0x000000000000813e                nrfx_isr
 .text.nrfx_busy_wait
                0x0000000000008140        0x4 modules/hal_nordic/modules/hal_nordic/nrfx/libmodules__hal_nordic__nrfx.a(nrfx_glue.c.obj)
                0x0000000000008140                nrfx_busy_wait
 .text.nrfx_clock_stop
                0x0000000000008144        0x4 modules/hal_nordic/modules/hal_nordic/nrfx/libmodules__hal_nordic__nrfx.a(nrfx_clock.c.obj)
                0x0000000000008144                nrfx_clock_stop
 .text.nrf_gpio_reconfigure
                0x0000000000008148       0x92 modules/hal_nordic/modules/hal_nordic/nrfx/libmodules__hal_nordic__nrfx.a(nrfx_gpiote.c.obj)
 .text.nrf_gpio_cfg_sense_set
                0x00000000000081da       0x1e modules/hal_nordic/modules/hal_nordic/nrfx/libmodules__hal_nordic__nrfx.a(nrfx_gpiote.c.obj)
 .text.call_handler
                0x00000000000081f8       0x3e modules/hal_nordic/modules/hal_nordic/nrfx/libmodules__hal_nordic__nrfx.a(nrfx_gpiote.c.obj)
 .text.__nrfy_internal_gpiote_events_process
                0x0000000000008236       0x4e modules/hal_nordic/modules/hal_nordic/nrfx/libmodules__hal_nordic__nrfx.a(nrfx_gpiote.c.obj)
 .text.pin_trigger_disable
                0x0000000000008284       0x4a modules/hal_nordic/modules/hal_nordic/nrfx/libmodules__hal_nordic__nrfx.a(nrfx_gpiote.c.obj)
 .text.nrfx_gpiote_pin_uninit
                0x00000000000082ce        0x4 modules/hal_nordic/modules/hal_nordic/nrfx/libmodules__hal_nordic__nrfx.a(nrfx_gpiote.c.obj)
                0x00000000000082ce                nrfx_gpiote_pin_uninit
 .text.nrfx_gpiote_trigger_disable
                0x00000000000082d2        0x4 modules/hal_nordic/modules/hal_nordic/nrfx/libmodules__hal_nordic__nrfx.a(nrfx_gpiote.c.obj)
                0x00000000000082d2                nrfx_gpiote_trigger_disable
 .text.nrfx_rramc_write_enable_set
                0x00000000000082d6        0x6 modules/hal_nordic/modules/hal_nordic/nrfx/libmodules__hal_nordic__nrfx.a(nrfx_rramc.c.obj)
                0x00000000000082d6                nrfx_rramc_write_enable_set
 .text.xfer_completeness_check
                0x00000000000082dc       0x62 modules/hal_nordic/modules/hal_nordic/nrfx/libmodules__hal_nordic__nrfx.a(nrfx_twim.c.obj)
 .text.__nrfy_internal_twim_event_handle.isra.0
                0x000000000000833e       0x22 modules/hal_nordic/modules/hal_nordic/nrfx/libmodules__hal_nordic__nrfx.a(nrfx_twim.c.obj)
 .text.__nrfy_internal_twim_events_process.constprop.0
                0x0000000000008360       0x54 modules/hal_nordic/modules/hal_nordic/nrfx/libmodules__hal_nordic__nrfx.a(nrfx_twim.c.obj)
 .text.nrf_gpio_pin_set
                0x00000000000083b4       0x18 modules/hal_nordic/modules/hal_nordic/nrfx/libmodules__hal_nordic__nrfx.a(nrfx_twi_twim.c.obj)
 .text.z_impl_k_busy_wait
                0x00000000000083cc        0x8 zephyr/kernel/libkernel.a(busy_wait.c.obj)
                0x00000000000083cc                z_impl_k_busy_wait
 .text.z_device_state_init
                0x00000000000083d4        0x2 zephyr/kernel/libkernel.a(device.c.obj)
                0x00000000000083d4                z_device_state_init
 .text.z_impl_device_is_ready
                0x00000000000083d6       0x16 zephyr/kernel/libkernel.a(device.c.obj)
                0x00000000000083d6                z_impl_device_is_ready
 .text.arch_system_halt
                0x00000000000083ec       0x10 zephyr/kernel/libkernel.a(fatal.c.obj)
                0x00000000000083ec                arch_system_halt
 .text.k_sys_fatal_error_handler
                0x00000000000083fc        0x6 zephyr/kernel/libkernel.a(fatal.c.obj)
                0x00000000000083fc                k_sys_fatal_error_handler
 .text.do_device_init
                0x0000000000008402       0x2e zephyr/kernel/libkernel.a(init.c.obj)
 .text.z_early_memset
                0x0000000000008430        0x4 zephyr/kernel/libkernel.a(init.c.obj)
                0x0000000000008430                z_early_memset
 .text.z_early_memcpy
                0x0000000000008434        0x4 zephyr/kernel/libkernel.a(init.c.obj)
                0x0000000000008434                z_early_memcpy
 .text.idle     0x0000000000008438       0x16 zephyr/kernel/libkernel.a(idle.c.obj)
                0x0000000000008438                idle
 .text.adjust_owner_prio.isra.0
                0x000000000000844e       0x10 zephyr/kernel/libkernel.a(mutex.c.obj)
 .text.z_impl_k_sem_init
                0x000000000000845e       0x18 zephyr/kernel/libkernel.a(sem.c.obj)
                0x000000000000845e                z_impl_k_sem_init
 .text.k_is_in_isr
                0x0000000000008476        0xc zephyr/kernel/libkernel.a(thread.c.obj)
                0x0000000000008476                k_is_in_isr
 .text.sys_dlist_remove
                0x0000000000008482       0x10 zephyr/kernel/libkernel.a(sched.c.obj)
 .text.unpend_thread_no_timeout
                0x0000000000008492       0x14 zephyr/kernel/libkernel.a(sched.c.obj)
 .text.add_to_waitq_locked
                0x00000000000084a6       0x50 zephyr/kernel/libkernel.a(sched.c.obj)
 .text.z_ready_thread
                0x00000000000084f6       0x1e zephyr/kernel/libkernel.a(sched.c.obj)
                0x00000000000084f6                z_ready_thread
 .text.z_sched_wake_thread
                0x0000000000008514       0x46 zephyr/kernel/libkernel.a(sched.c.obj)
                0x0000000000008514                z_sched_wake_thread
 .text.z_thread_timeout
                0x000000000000855a        0x8 zephyr/kernel/libkernel.a(sched.c.obj)
                0x000000000000855a                z_thread_timeout
 .text.z_sched_waitq_walk
                0x0000000000008562       0x44 zephyr/kernel/libkernel.a(sched.c.obj)
                0x0000000000008562                z_sched_waitq_walk
 .text.next_timeout
                0x00000000000085a6       0x2e zephyr/kernel/libkernel.a(timeout.c.obj)
 .text.z_abort_timeout
                0x00000000000085d4       0x50 zephyr/kernel/libkernel.a(timeout.c.obj)
                0x00000000000085d4                z_abort_timeout
 .text.sys_clock_tick_get_32
                0x0000000000008624        0x8 zephyr/kernel/libkernel.a(timeout.c.obj)
                0x0000000000008624                sys_clock_tick_get_32
 .text.psa_remove_key_data_from_memory
                0x000000000000862c       0x16 modules/nrf/subsys/nrf_security/src/core/nrf_oberon/libpsa_core.a(psa_crypto.c.obj)
                0x000000000000862c                psa_remove_key_data_from_memory
 .text.psa_wipe_key_slot
                0x0000000000008642       0x3a modules/nrf/subsys/nrf_security/src/core/nrf_oberon/libpsa_core.a(psa_crypto.c.obj)
                0x0000000000008642                psa_wipe_key_slot
 .text.psa_driver_wrapper_init
                0x000000000000867c        0x4 modules/nrf/subsys/nrf_security/src/core/nrf_oberon/libpsa_core.a(psa_crypto_driver_wrappers.c.obj)
                0x000000000000867c                psa_driver_wrapper_init
 .text.psa_driver_wrapper_free
                0x0000000000008680        0x2 modules/nrf/subsys/nrf_security/src/core/nrf_oberon/libpsa_core.a(psa_crypto_driver_wrappers.c.obj)
                0x0000000000008680                psa_driver_wrapper_free
 .text.psa_driver_wrapper_init_random
                0x0000000000008682        0x4 modules/nrf/subsys/nrf_security/src/core/nrf_oberon/libpsa_core.a(psa_crypto_driver_wrappers.c.obj)
                0x0000000000008682                psa_driver_wrapper_init_random
 .text.psa_driver_wrapper_free_random
                0x0000000000008686        0x4 modules/nrf/subsys/nrf_security/src/core/nrf_oberon/libpsa_core.a(psa_crypto_driver_wrappers.c.obj)
                0x0000000000008686                psa_driver_wrapper_free_random
 .text.platform_free_uninit
                0x000000000000868a        0x2 modules/nrf/subsys/nrf_security/src/core/nrf_oberon/libpsa_core.a(platform.c.obj)
 .text.mbedtls_zeroize_and_free
                0x000000000000868c       0x14 modules/nrf/subsys/nrf_security/src/core/nrf_oberon/libpsa_core.a(platform_util.c.obj)
                0x000000000000868c                mbedtls_zeroize_and_free
 .text.silex_statuscodes_to_psa
                0x00000000000086a0       0xbc modules/nrf/subsys/nrf_security/src/drivers/cracen/libcracen_psa_driver.a(common.c.obj)
                0x00000000000086a0                silex_statuscodes_to_psa
 .text.cracen_xorbytes
                0x000000000000875c       0x1a modules/nrf/subsys/nrf_security/src/drivers/cracen/libcracen_psa_driver.a(common.c.obj)
                0x000000000000875c                cracen_xorbytes
 .text.cracen_be_add
                0x0000000000008776       0x14 modules/nrf/subsys/nrf_security/src/drivers/cracen/libcracen_psa_driver.a(common.c.obj)
                0x0000000000008776                cracen_be_add
 .text.safe_memset
                0x000000000000878a       0x16 modules/nrf/subsys/nrf_security/src/drivers/cracen/libcracen_psa_driver.a(mem_helpers.c.obj)
                0x000000000000878a                safe_memset
 .text.safe_memzero
                0x00000000000087a0       0x18 modules/nrf/subsys/nrf_security/src/drivers/cracen/libcracen_psa_driver.a(mem_helpers.c.obj)
                0x00000000000087a0                safe_memzero
 .text.lib_kmu_is_slot_empty
                0x00000000000087b8       0x14 modules/nrf/subsys/nrf_security/src/drivers/cracen/libcracen_psa_driver.a(lib_kmu.c.obj)
                0x00000000000087b8                lib_kmu_is_slot_empty
 .text.psa_set_key_usage_flags
                0x00000000000087cc       0x14 modules/nrf/subsys/nrf_security/src/drivers/cracen/libcracen_psa_driver.a(kmu.c.obj)
 .text.set_provisioning_in_progress
                0x00000000000087e0       0x30 modules/nrf/subsys/nrf_security/src/drivers/cracen/libcracen_psa_driver.a(kmu.c.obj)
 .text.clean_up_unfinished_provisioning
                0x0000000000008810       0x46 modules/nrf/subsys/nrf_security/src/drivers/cracen/libcracen_psa_driver.a(kmu.c.obj)
 .text.sx_clear_interrupt
                0x0000000000008856       0x1a modules/nrf/subsys/nrf_security/src/drivers/cracen/libcracen_psa_driver.a(pk_baremetal.c.obj)
                0x0000000000008856                sx_clear_interrupt
 .text.convert_ba414_capabilities
                0x0000000000008870       0x4c modules/nrf/subsys/nrf_security/src/drivers/cracen/libcracen_psa_driver.a(ba414_status.c.obj)
                0x0000000000008870                convert_ba414_capabilities
 .text.sx_pk_is_ik_cmd
                0x00000000000088bc        0xa modules/nrf/subsys/nrf_security/src/drivers/cracen/libcracen_psa_driver.a(ikhardware.c.obj)
                0x00000000000088bc                sx_pk_is_ik_cmd
 .text.psa_extend_key_usage_flags
                0x00000000000088c6       0x1a modules/nrf/subsys/nrf_security/src/drivers/cracen/libcracen_psa_driver.a(ctr_drbg.c.obj)
 .text.trng_get_seed.constprop.0
                0x00000000000088e0       0x3a modules/nrf/subsys/nrf_security/src/drivers/cracen/libcracen_psa_driver.a(ctr_drbg.c.obj)
 .text.sx_cmdma_reset
                0x000000000000891a       0x42 modules/nrf/subsys/nrf_security/src/drivers/cracen/libcracen_psa_driver.a(cmdma.c.obj)
                0x000000000000891a                sx_cmdma_reset
 .text.sx_cmdma_check
                0x000000000000895c       0x4e modules/nrf/subsys/nrf_security/src/drivers/cracen/libcracen_psa_driver.a(cmdma.c.obj)
                0x000000000000895c                sx_cmdma_check
 .text.sx_trng_close
                0x00000000000089aa       0x14 modules/nrf/subsys/nrf_security/src/drivers/cracen/libcracen_psa_driver.a(trng.c.obj)
                0x00000000000089aa                sx_trng_close
 .text.mbedtls_mutex_unlock_fn
                0x00000000000089be        0x4 modules/nrf/subsys/nrf_security/src/libmbedcrypto_base.a(threading_alt.c.obj)
                0x00000000000089be                mbedtls_mutex_unlock_fn
 .text.mbedtls_mutex_lock_fn
                0x00000000000089c2        0xc modules/nrf/subsys/nrf_security/src/libmbedcrypto_base.a(threading_alt.c.obj)
                0x00000000000089c2                mbedtls_mutex_lock_fn
 .text.nrf_security_mutex_lock
                0x00000000000089ce        0xc modules/nrf/subsys/nrf_security/src/libnrf_security_utils.a(nrf_security_mutexes.c.obj)
                0x00000000000089ce                nrf_security_mutex_lock
 .text.nrf_security_mutex_unlock
                0x00000000000089da        0x4 modules/nrf/subsys/nrf_security/src/libnrf_security_utils.a(nrf_security_mutexes.c.obj)
                0x00000000000089da                nrf_security_mutex_unlock
 .text.nrf_security_event_init
                0x00000000000089de        0x4 modules/nrf/subsys/nrf_security/src/libnrf_security_utils.a(nrf_security_events.c.obj)
                0x00000000000089de                nrf_security_event_init
 .text.nrf_security_event_wait
                0x00000000000089e2       0x1a modules/nrf/subsys/nrf_security/src/libnrf_security_utils.a(nrf_security_events.c.obj)
                0x00000000000089e2                nrf_security_event_wait
 .text.nrf_security_event_clear
                0x00000000000089fc        0x4 modules/nrf/subsys/nrf_security/src/libnrf_security_utils.a(nrf_security_events.c.obj)
                0x00000000000089fc                nrf_security_event_clear
 .text.nrf_security_event_set
                0x0000000000008a00        0x4 modules/nrf/subsys/nrf_security/src/libnrf_security_utils.a(nrf_security_events.c.obj)
                0x0000000000008a00                nrf_security_event_set
 .text.k_event_wait_internal
                0x0000000000008a04       0x82 zephyr/kernel/libkernel.a(events.c.obj)
 .text.event_walk_op
                0x0000000000008a86       0x30 zephyr/kernel/libkernel.a(events.c.obj)
 .text.z_impl_k_event_init
                0x0000000000008ab6        0xa zephyr/kernel/libkernel.a(events.c.obj)
                0x0000000000008ab6                z_impl_k_event_init
 .text.z_impl_k_event_set
                0x0000000000008ac0        0x8 zephyr/kernel/libkernel.a(events.c.obj)
                0x0000000000008ac0                z_impl_k_event_set
 .text.z_impl_k_event_clear
                0x0000000000008ac8        0x8 zephyr/kernel/libkernel.a(events.c.obj)
                0x0000000000008ac8                z_impl_k_event_clear
 .text.z_impl_k_event_wait
                0x0000000000008ad0        0x6 zephyr/kernel/libkernel.a(events.c.obj)
                0x0000000000008ad0                z_impl_k_event_wait
 .text.memcpy   0x0000000000008ad6       0x1a /opt/nordic/ncs/toolchains/5c0d382932/opt/zephyr-sdk/arm-zephyr-eabi/bin/../lib/gcc/../../picolibc/arm-zephyr-eabi/lib/thumb/v8-m.main/nofp/libc.a(memcpy.c.o)
                0x0000000000008ad6                memcpy
                0x0000000000008ad6                __aeabi_memcpy
                0x0000000000008ad6                __aeabi_memcpy4
                0x0000000000008ad6                __aeabi_memcpy8
 .text.memset   0x0000000000008af0       0x10 /opt/nordic/ncs/toolchains/5c0d382932/opt/zephyr-sdk/arm-zephyr-eabi/bin/../lib/gcc/../../picolibc/arm-zephyr-eabi/lib/thumb/v8-m.main/nofp/libc.a(memset.c.o)
                0x0000000000008af0                memset
 .text.strnlen  0x0000000000008b00       0x18 /opt/nordic/ncs/toolchains/5c0d382932/opt/zephyr-sdk/arm-zephyr-eabi/bin/../lib/gcc/../../picolibc/arm-zephyr-eabi/lib/thumb/v8-m.main/nofp/libc.a(libc_string_strnlen.c.o)
                0x0000000000008b00                strnlen
 .text.__ultoa_invert
                0x0000000000008b18       0x4e /opt/nordic/ncs/toolchains/5c0d382932/opt/zephyr-sdk/arm-zephyr-eabi/bin/../lib/gcc/../../picolibc/arm-zephyr-eabi/lib/thumb/v8-m.main/nofp/libc.a(libc_tinystdio_vfprintf.c.o)
 .text.mulShiftAll64
                0x0000000000008b66      0x174 /opt/nordic/ncs/toolchains/5c0d382932/opt/zephyr-sdk/arm-zephyr-eabi/bin/../lib/gcc/../../picolibc/arm-zephyr-eabi/lib/thumb/v8-m.main/nofp/libc.a(libc_tinystdio_dtoa_ryu.c.o)
 .text.__umul128
                0x0000000000008cda       0x36 /opt/nordic/ncs/toolchains/5c0d382932/opt/zephyr-sdk/arm-zephyr-eabi/bin/../lib/gcc/../../picolibc/arm-zephyr-eabi/lib/thumb/v8-m.main/nofp/libc.a(libc_tinystdio_ryu_umul128.c.o)
                0x0000000000008cda                __umul128
 .text.__shiftright128
                0x0000000000008d10       0x3e /opt/nordic/ncs/toolchains/5c0d382932/opt/zephyr-sdk/arm-zephyr-eabi/bin/../lib/gcc/../../picolibc/arm-zephyr-eabi/lib/thumb/v8-m.main/nofp/libc.a(libc_tinystdio_ryu_umul128.c.o)
                0x0000000000008d10                __shiftright128
 .text.__dtox_engine
                0x0000000000008d4e      0x12c /opt/nordic/ncs/toolchains/5c0d382932/opt/zephyr-sdk/arm-zephyr-eabi/bin/../lib/gcc/../../picolibc/arm-zephyr-eabi/lib/thumb/v8-m.main/nofp/libc.a(libc_tinystdio_dtox_engine.c.o)
                0x0000000000008d4e                __dtox_engine
 *(SORT_BY_ALIGNMENT(.TEXT.*))
 *fill*         0x0000000000008e7a        0x2 
 .TEXT.__aeabi_read_tp
                0x0000000000008e7c        0xc zephyr/arch/arch/arm/core/cortex_m/libarch__arm__core__cortex_m.a(__aeabi_read_tp.S.obj)
                0x0000000000008e7c                __aeabi_read_tp
 *(SORT_BY_ALIGNMENT(.gnu.linkonce.t.*))
 *(SORT_BY_ALIGNMENT(.glue_7t))
 .glue_7t       0x0000000000008e88        0x0 linker stubs
 *(SORT_BY_ALIGNMENT(.glue_7))
 .glue_7        0x0000000000008e88        0x0 linker stubs
 *(SORT_BY_ALIGNMENT(.vfp11_veneer))
 .vfp11_veneer  0x0000000000008e88        0x0 linker stubs
 *(SORT_BY_ALIGNMENT(.v4_bx))
 .v4_bx         0x0000000000008e88        0x0 linker stubs
                0x0000000000008e88                . = ALIGN (0x4)
                0x0000000000008e88                __text_region_end = .

.ARM.exidx      0x0000000000008e88        0x8
                0x0000000000008e88                __exidx_start = .
 *(SORT_BY_ALIGNMENT(.ARM.exidx*) SORT_BY_ALIGNMENT(gnu.linkonce.armexidx.*))
 .ARM.exidx     0x0000000000008e88        0x8 /opt/nordic/ncs/toolchains/5c0d382932/opt/zephyr-sdk/arm-zephyr-eabi/bin/../lib/gcc/arm-zephyr-eabi/12.2.0/thumb/v8-m.main/nofp/libgcc.a(_udivmoddi4.o)
                0x0000000000008e90                __exidx_end = .
                0x0000000000008e90                __rodata_region_start = .

initlevel       0x0000000000008e90       0x58
                0x0000000000008e90                __init_start = .
                0x0000000000008e90                __init_EARLY_start = .
 *(SORT_BY_NAME(SORT_BY_ALIGNMENT(.z_init_EARLY_P_?_*)))
 *(SORT_BY_NAME(SORT_BY_ALIGNMENT(.z_init_EARLY_P_??_*)))
 *(SORT_BY_NAME(SORT_BY_ALIGNMENT(.z_init_EARLY_P_???_*)))
                0x0000000000008e90                __init_PRE_KERNEL_1_start = .
 *(SORT_BY_NAME(SORT_BY_ALIGNMENT(.z_init_PRE_KERNEL_1_P_?_*)))
 .z_init_PRE_KERNEL_1_P_0_SUB_0_
                0x0000000000008e90        0x8 zephyr/soc/soc/nrf54l15/libsoc__nordic.a(soc.c.obj)
 *(SORT_BY_NAME(SORT_BY_ALIGNMENT(.z_init_PRE_KERNEL_1_P_??_*)))
 .z_init_PRE_KERNEL_1_P_30_SUB_00062_
                0x0000000000008e98        0x8 zephyr/drivers/clock_control/libdrivers__clock_control.a(clock_control_nrf.c.obj)
 .z_init_PRE_KERNEL_1_P_40_SUB_00011_
                0x0000000000008ea0        0x8 zephyr/drivers/gpio/libdrivers__gpio.a(gpio_nrfx.c.obj)
 .z_init_PRE_KERNEL_1_P_40_SUB_00013_
                0x0000000000008ea8        0x8 zephyr/drivers/gpio/libdrivers__gpio.a(gpio_nrfx.c.obj)
 .z_init_PRE_KERNEL_1_P_40_SUB_00024_
                0x0000000000008eb0        0x8 zephyr/drivers/gpio/libdrivers__gpio.a(gpio_nrfx.c.obj)
 .z_init_PRE_KERNEL_1_P_50_SUB_00106_
                0x0000000000008eb8        0x8 zephyr/drivers/serial/libdrivers__serial.a(uart_nrfx_uarte.c.obj)
 .z_init_PRE_KERNEL_1_P_60_SUB_0_
                0x0000000000008ec0        0x8 zephyr/drivers/console/libdrivers__console.a(uart_console.c.obj)
 *(SORT_BY_NAME(SORT_BY_ALIGNMENT(.z_init_PRE_KERNEL_1_P_???_*)))
                0x0000000000008ec8                __init_PRE_KERNEL_2_start = .
 *(SORT_BY_NAME(SORT_BY_ALIGNMENT(.z_init_PRE_KERNEL_2_P_?_*)))
 .z_init_PRE_KERNEL_2_P_0_SUB_0_
                0x0000000000008ec8        0x8 zephyr/drivers/timer/libdrivers__timer.a(nrf_grtc_timer.c.obj)
 *(SORT_BY_NAME(SORT_BY_ALIGNMENT(.z_init_PRE_KERNEL_2_P_??_*)))
 *(SORT_BY_NAME(SORT_BY_ALIGNMENT(.z_init_PRE_KERNEL_2_P_???_*)))
                0x0000000000008ed0                __init_POST_KERNEL_start = .
 *(SORT_BY_NAME(SORT_BY_ALIGNMENT(.z_init_POST_KERNEL_P_?_*)))
 *(SORT_BY_NAME(SORT_BY_ALIGNMENT(.z_init_POST_KERNEL_P_??_*)))
 .z_init_POST_KERNEL_P_35_SUB_0_
                0x0000000000008ed0        0x8 zephyr/lib/libc/common/liblib__libc__common.a(malloc.c.obj)
 .z_init_POST_KERNEL_P_50_SUB_00112_
                0x0000000000008ed8        0x8 zephyr/drivers/i2c/libdrivers__i2c.a(i2c_nrfx_twim.c.obj)
 .z_init_POST_KERNEL_P_50_SUB_0_
                0x0000000000008ee0        0x8 modules/nrf/subsys/nrf_security/src/zephyr/libmbedtls_zephyr.a(psa_crypto_init.c.obj)
 *(SORT_BY_NAME(SORT_BY_ALIGNMENT(.z_init_POST_KERNEL_P_???_*)))
                0x0000000000008ee8                __init_APPLICATION_start = .
 *(SORT_BY_NAME(SORT_BY_ALIGNMENT(.z_init_APPLICATION_P_?_*)))
 *(SORT_BY_NAME(SORT_BY_ALIGNMENT(.z_init_APPLICATION_P_??_*)))
 *(SORT_BY_NAME(SORT_BY_ALIGNMENT(.z_init_APPLICATION_P_???_*)))
                0x0000000000008ee8                __init_SMP_start = .
 *(SORT_BY_NAME(SORT_BY_ALIGNMENT(.z_init_SMP_P_?_*)))
 *(SORT_BY_NAME(SORT_BY_ALIGNMENT(.z_init_SMP_P_??_*)))
 *(SORT_BY_NAME(SORT_BY_ALIGNMENT(.z_init_SMP_P_???_*)))
                0x0000000000008ee8                __init_end = .

device_area     0x0000000000008ee8       0xc0
                0x0000000000008ee8                _device_list_start = .
 *(SORT_BY_NAME(SORT_BY_ALIGNMENT(._device.static.*_?_*)))
 *(SORT_BY_NAME(SORT_BY_ALIGNMENT(._device.static.*_??_*)))
 ._device.static.1_30_
                0x0000000000008ee8       0x20 zephyr/drivers/clock_control/libdrivers__clock_control.a(clock_control_nrf.c.obj)
                0x0000000000008ee8                __device_dts_ord_62
 ._device.static.1_40_
                0x0000000000008f08       0x60 zephyr/drivers/gpio/libdrivers__gpio.a(gpio_nrfx.c.obj)
                0x0000000000008f08                __device_dts_ord_13
                0x0000000000008f28                __device_dts_ord_11
                0x0000000000008f48                __device_dts_ord_24
 ._device.static.1_50_
                0x0000000000008f68       0x20 zephyr/drivers/serial/libdrivers__serial.a(uart_nrfx_uarte.c.obj)
                0x0000000000008f68                __device_dts_ord_106
 ._device.static.3_50_
                0x0000000000008f88       0x20 zephyr/drivers/i2c/libdrivers__i2c.a(i2c_nrfx_twim.c.obj)
                0x0000000000008f88                __device_dts_ord_112
 *(SORT_BY_NAME(SORT_BY_ALIGNMENT(._device.static.*_???_*)))
 *(SORT_BY_NAME(SORT_BY_ALIGNMENT(._device.static.*_????_*)))
 *(SORT_BY_NAME(SORT_BY_ALIGNMENT(._device.static.*_?????_*)))
                0x0000000000008fa8                _device_list_end = .

sw_isr_table    0x0000000000008fa8      0x878
                0x0000000000008fa8                . = ALIGN (0x4)
 *(SORT_BY_ALIGNMENT(.gnu.linkonce.sw_isr_table*))
 .gnu.linkonce.sw_isr_table
                0x0000000000008fa8      0x878 zephyr/CMakeFiles/zephyr_final.dir/isr_tables.c.obj
                0x0000000000008fa8                _sw_isr_table

initlevel_error
                0x0000000000008e90        0x0
 *(SORT_BY_NAME(SORT_BY_ALIGNMENT(.z_init_*)))
                0x0000000000000001                ASSERT ((SIZEOF (initlevel_error) == 0x0), Undefined initialization levels used.)

app_shmem_regions
                0x0000000000009820        0x0
                0x0000000000009820                __app_shmem_regions_start = .
 *(SORT_BY_NAME(SORT_BY_ALIGNMENT(.app_regions.*)))
                0x0000000000009820                __app_shmem_regions_end = .

k_p4wq_initparam_area
                0x0000000000009820        0x0
                0x0000000000009820                _k_p4wq_initparam_list_start = .
 *(SORT_BY_NAME(SORT_BY_ALIGNMENT(._k_p4wq_initparam.static.*)))
                0x0000000000009820                _k_p4wq_initparam_list_end = .

_static_thread_data_area
                0x0000000000009820        0x0
                0x0000000000009820                __static_thread_data_list_start = .
 *(SORT_BY_NAME(SORT_BY_ALIGNMENT(.__static_thread_data.static.*)))
                0x0000000000009820                __static_thread_data_list_end = .

device_deps     0x0000000000009820        0x0
                0x0000000000009820                __device_deps_start = .
 *(SORT_BY_NAME(SORT_BY_ALIGNMENT(.__device_deps_pass2*)))
                0x0000000000009820                __device_deps_end = .

gpio_driver_api_area
                0x0000000000009820       0x24
                0x0000000000009820                _gpio_driver_api_list_start = .
 *(SORT_BY_NAME(SORT_BY_ALIGNMENT(._gpio_driver_api.static.*)))
 ._gpio_driver_api.static.gpio_nrfx_drv_api_funcs_
                0x0000000000009820       0x24 zephyr/drivers/gpio/libdrivers__gpio.a(gpio_nrfx.c.obj)
                0x0000000000009844                _gpio_driver_api_list_end = .

i2c_driver_api_area
                0x0000000000009844       0x18
                0x0000000000009844                _i2c_driver_api_list_start = .
 *(SORT_BY_NAME(SORT_BY_ALIGNMENT(._i2c_driver_api.static.*)))
 ._i2c_driver_api.static.i2c_nrfx_twim_driver_api_
                0x0000000000009844       0x18 zephyr/drivers/i2c/libdrivers__i2c.a(i2c_nrfx_twim.c.obj)
                0x000000000000985c                _i2c_driver_api_list_end = .

i2c_target_driver_api_area
                0x000000000000985c        0x0
                0x000000000000985c                _i2c_target_driver_api_list_start = .
 *(SORT_BY_NAME(SORT_BY_ALIGNMENT(._i2c_target_driver_api.static.*)))
                0x000000000000985c                _i2c_target_driver_api_list_end = .

shared_irq_driver_api_area
                0x000000000000985c        0x0
                0x000000000000985c                _shared_irq_driver_api_list_start = .
 *(SORT_BY_NAME(SORT_BY_ALIGNMENT(._shared_irq_driver_api.static.*)))
                0x000000000000985c                _shared_irq_driver_api_list_end = .

crypto_driver_api_area
                0x000000000000985c        0x0
                0x000000000000985c                _crypto_driver_api_list_start = .
 *(SORT_BY_NAME(SORT_BY_ALIGNMENT(._crypto_driver_api.static.*)))
                0x000000000000985c                _crypto_driver_api_list_end = .

adc_driver_api_area
                0x000000000000985c        0x0
                0x000000000000985c                _adc_driver_api_list_start = .
 *(SORT_BY_NAME(SORT_BY_ALIGNMENT(._adc_driver_api.static.*)))
                0x000000000000985c                _adc_driver_api_list_end = .

auxdisplay_driver_api_area
                0x000000000000985c        0x0
                0x000000000000985c                _auxdisplay_driver_api_list_start = .
 *(SORT_BY_NAME(SORT_BY_ALIGNMENT(._auxdisplay_driver_api.static.*)))
                0x000000000000985c                _auxdisplay_driver_api_list_end = .

bbram_driver_api_area
                0x000000000000985c        0x0
                0x000000000000985c                _bbram_driver_api_list_start = .
 *(SORT_BY_NAME(SORT_BY_ALIGNMENT(._bbram_driver_api.static.*)))
                0x000000000000985c                _bbram_driver_api_list_end = .

bt_hci_driver_api_area
                0x000000000000985c        0x0
                0x000000000000985c                _bt_hci_driver_api_list_start = .
 *(SORT_BY_NAME(SORT_BY_ALIGNMENT(._bt_hci_driver_api.static.*)))
                0x000000000000985c                _bt_hci_driver_api_list_end = .

can_driver_api_area
                0x000000000000985c        0x0
                0x000000000000985c                _can_driver_api_list_start = .
 *(SORT_BY_NAME(SORT_BY_ALIGNMENT(._can_driver_api.static.*)))
                0x000000000000985c                _can_driver_api_list_end = .

cellular_driver_api_area
                0x000000000000985c        0x0
                0x000000000000985c                _cellular_driver_api_list_start = .
 *(SORT_BY_NAME(SORT_BY_ALIGNMENT(._cellular_driver_api.static.*)))
                0x000000000000985c                _cellular_driver_api_list_end = .

charger_driver_api_area
                0x000000000000985c        0x0
                0x000000000000985c                _charger_driver_api_list_start = .
 *(SORT_BY_NAME(SORT_BY_ALIGNMENT(._charger_driver_api.static.*)))
                0x000000000000985c                _charger_driver_api_list_end = .

clock_control_driver_api_area
                0x000000000000985c       0x1c
                0x000000000000985c                _clock_control_driver_api_list_start = .
 *(SORT_BY_NAME(SORT_BY_ALIGNMENT(._clock_control_driver_api.static.*)))
 ._clock_control_driver_api.static.clock_control_api_
                0x000000000000985c       0x1c zephyr/drivers/clock_control/libdrivers__clock_control.a(clock_control_nrf.c.obj)
                0x0000000000009878                _clock_control_driver_api_list_end = .

comparator_driver_api_area
                0x0000000000009878        0x0
                0x0000000000009878                _comparator_driver_api_list_start = .
 *(SORT_BY_NAME(SORT_BY_ALIGNMENT(._comparator_driver_api.static.*)))
                0x0000000000009878                _comparator_driver_api_list_end = .

coredump_driver_api_area
                0x0000000000009878        0x0
                0x0000000000009878                _coredump_driver_api_list_start = .
 *(SORT_BY_NAME(SORT_BY_ALIGNMENT(._coredump_driver_api.static.*)))
                0x0000000000009878                _coredump_driver_api_list_end = .

counter_driver_api_area
                0x0000000000009878        0x0
                0x0000000000009878                _counter_driver_api_list_start = .
 *(SORT_BY_NAME(SORT_BY_ALIGNMENT(._counter_driver_api.static.*)))
                0x0000000000009878                _counter_driver_api_list_end = .

dac_driver_api_area
                0x0000000000009878        0x0
                0x0000000000009878                _dac_driver_api_list_start = .
 *(SORT_BY_NAME(SORT_BY_ALIGNMENT(._dac_driver_api.static.*)))
                0x0000000000009878                _dac_driver_api_list_end = .

dai_driver_api_area
                0x0000000000009878        0x0
                0x0000000000009878                _dai_driver_api_list_start = .
 *(SORT_BY_NAME(SORT_BY_ALIGNMENT(._dai_driver_api.static.*)))
                0x0000000000009878                _dai_driver_api_list_end = .

display_driver_api_area
                0x0000000000009878        0x0
                0x0000000000009878                _display_driver_api_list_start = .
 *(SORT_BY_NAME(SORT_BY_ALIGNMENT(._display_driver_api.static.*)))
                0x0000000000009878                _display_driver_api_list_end = .

dma_driver_api_area
                0x0000000000009878        0x0
                0x0000000000009878                _dma_driver_api_list_start = .
 *(SORT_BY_NAME(SORT_BY_ALIGNMENT(._dma_driver_api.static.*)))
                0x0000000000009878                _dma_driver_api_list_end = .

edac_driver_api_area
                0x0000000000009878        0x0
                0x0000000000009878                _edac_driver_api_list_start = .
 *(SORT_BY_NAME(SORT_BY_ALIGNMENT(._edac_driver_api.static.*)))
                0x0000000000009878                _edac_driver_api_list_end = .

eeprom_driver_api_area
                0x0000000000009878        0x0
                0x0000000000009878                _eeprom_driver_api_list_start = .
 *(SORT_BY_NAME(SORT_BY_ALIGNMENT(._eeprom_driver_api.static.*)))
                0x0000000000009878                _eeprom_driver_api_list_end = .

emul_bbram_driver_api_area
                0x0000000000009878        0x0
                0x0000000000009878                _emul_bbram_driver_api_list_start = .
 *(SORT_BY_NAME(SORT_BY_ALIGNMENT(._emul_bbram_driver_api.static.*)))
                0x0000000000009878                _emul_bbram_driver_api_list_end = .

fuel_gauge_emul_driver_api_area
                0x0000000000009878        0x0
                0x0000000000009878                _fuel_gauge_emul_driver_api_list_start = .
 *(SORT_BY_NAME(SORT_BY_ALIGNMENT(._fuel_gauge_emul_driver_api.static.*)))
                0x0000000000009878                _fuel_gauge_emul_driver_api_list_end = .

emul_sensor_driver_api_area
                0x0000000000009878        0x0
                0x0000000000009878                _emul_sensor_driver_api_list_start = .
 *(SORT_BY_NAME(SORT_BY_ALIGNMENT(._emul_sensor_driver_api.static.*)))
                0x0000000000009878                _emul_sensor_driver_api_list_end = .

entropy_driver_api_area
                0x0000000000009878        0x0
                0x0000000000009878                _entropy_driver_api_list_start = .
 *(SORT_BY_NAME(SORT_BY_ALIGNMENT(._entropy_driver_api.static.*)))
                0x0000000000009878                _entropy_driver_api_list_end = .

espi_driver_api_area
                0x0000000000009878        0x0
                0x0000000000009878                _espi_driver_api_list_start = .
 *(SORT_BY_NAME(SORT_BY_ALIGNMENT(._espi_driver_api.static.*)))
                0x0000000000009878                _espi_driver_api_list_end = .

espi_saf_driver_api_area
                0x0000000000009878        0x0
                0x0000000000009878                _espi_saf_driver_api_list_start = .