Archive member included to satisfy reference by file (symbol)

app/libapp.a(main.c.obj)      (--whole-archive)
zephyr/libzephyr.a(heap.c.obj)
                              (--whole-archive)
zephyr/libzephyr.a(cbprintf_packaged.c.obj)
                              (--whole-archive)
zephyr/libzephyr.a(printk.c.obj)
                              (--whole-archive)
zephyr/libzephyr.a(sem.c.obj)
                              (--whole-archive)
zephyr/libzephyr.a(thread_entry.c.obj)
                              (--whole-archive)
zephyr/libzephyr.a(cbprintf_complete.c.obj)
                              (--whole-archive)
zephyr/libzephyr.a(assert.c.obj)
                              (--whole-archive)
zephyr/libzephyr.a(mpsc_pbuf.c.obj)
                              (--whole-archive)
zephyr/libzephyr.a(dec.c.obj)
                              (--whole-archive)
zephyr/libzephyr.a(hex.c.obj)
                              (--whole-archive)
zephyr/libzephyr.a(rb.c.obj)  (--whole-archive)
zephyr/libzephyr.a(timeutil.c.obj)
                              (--whole-archive)
zephyr/libzephyr.a(bitarray.c.obj)
                              (--whole-archive)
zephyr/libzephyr.a(onoff.c.obj)
                              (--whole-archive)
zephyr/libzephyr.a(notify.c.obj)
                              (--whole-archive)
zephyr/libzephyr.a(ring_buffer.c.obj)
                              (--whole-archive)
zephyr/libzephyr.a(last_section_id.c.obj)
                              (--whole-archive)
zephyr/libzephyr.a(configs.c.obj)
                              (--whole-archive)
zephyr/libzephyr.a(log_core.c.obj)
                              (--whole-archive)
zephyr/libzephyr.a(log_mgmt.c.obj)
                              (--whole-archive)
zephyr/libzephyr.a(log_cache.c.obj)
                              (--whole-archive)
zephyr/libzephyr.a(log_msg.c.obj)
                              (--whole-archive)
zephyr/libzephyr.a(log_output.c.obj)
                              (--whole-archive)
zephyr/libzephyr.a(log_backend_uart.c.obj)
                              (--whole-archive)
zephyr/libzephyr.a(mem_attr.c.obj)
                              (--whole-archive)
zephyr/libzephyr.a(tracing_none.c.obj)
                              (--whole-archive)
zephyr/libzephyr.a(banner.c.obj)
                              (--whole-archive)
zephyr/libzephyr.a(flash_map_partition_manager.c.obj)
                              (--whole-archive)
zephyr/arch/common/libarch__common.a(sw_isr_common.c.obj)
                              (--whole-archive)
zephyr/arch/arch/arm/core/libarch__arm__core.a(fatal.c.obj)
                              (--whole-archive)
zephyr/arch/arch/arm/core/libarch__arm__core.a(nmi.c.obj)
                              (--whole-archive)
zephyr/arch/arch/arm/core/libarch__arm__core.a(nmi_on_reset.S.obj)
                              (--whole-archive)
zephyr/arch/arch/arm/core/libarch__arm__core.a(tls.c.obj)
                              (--whole-archive)
zephyr/arch/arch/arm/core/cortex_m/libarch__arm__core__cortex_m.a(exc_exit.c.obj)
                              (--whole-archive)
zephyr/arch/arch/arm/core/cortex_m/libarch__arm__core__cortex_m.a(fault.c.obj)
                              (--whole-archive)
zephyr/arch/arch/arm/core/cortex_m/libarch__arm__core__cortex_m.a(fault_s.S.obj)
                              (--whole-archive)
zephyr/arch/arch/arm/core/cortex_m/libarch__arm__core__cortex_m.a(fpu.c.obj)
                              (--whole-archive)
zephyr/arch/arch/arm/core/cortex_m/libarch__arm__core__cortex_m.a(reset.S.obj)
                              (--whole-archive)
zephyr/arch/arch/arm/core/cortex_m/libarch__arm__core__cortex_m.a(scb.c.obj)
                              (--whole-archive)
zephyr/arch/arch/arm/core/cortex_m/libarch__arm__core__cortex_m.a(thread_abort.c.obj)
                              (--whole-archive)
zephyr/arch/arch/arm/core/cortex_m/libarch__arm__core__cortex_m.a(vector_table.S.obj)
                              (--whole-archive)
zephyr/arch/arch/arm/core/cortex_m/libarch__arm__core__cortex_m.a(swap_helper.S.obj)
                              (--whole-archive)
zephyr/arch/arch/arm/core/cortex_m/libarch__arm__core__cortex_m.a(irq_manage.c.obj)
                              (--whole-archive)
zephyr/arch/arch/arm/core/cortex_m/libarch__arm__core__cortex_m.a(prep_c.c.obj)
                              (--whole-archive)
zephyr/arch/arch/arm/core/cortex_m/libarch__arm__core__cortex_m.a(thread.c.obj)
                              (--whole-archive)
zephyr/arch/arch/arm/core/cortex_m/libarch__arm__core__cortex_m.a(cpu_idle.c.obj)
                              (--whole-archive)
zephyr/arch/arch/arm/core/cortex_m/libarch__arm__core__cortex_m.a(irq_init.c.obj)
                              (--whole-archive)
zephyr/arch/arch/arm/core/cortex_m/libarch__arm__core__cortex_m.a(isr_wrapper.c.obj)
                              (--whole-archive)
[...]
Memory Configuration

Name             Origin             Length             Attributes
FLASH            0x0000000000048000 0x000000000011d000 xr
RAM              0x0000000020013000 0x000000000001c000 xw
IDT_LIST         0x00000000ffff7fff 0x0000000000008000 xw
*default*        0x0000000000000000 0xffffffffffffffff

Linker script and memory map

                0x000000000004dc48                vfprintf = __l_vfprintf
                0x0000000000000000                vfscanf = __l_vfscanf
LOAD zephyr/CMakeFiles/zephyr_pre0.dir/misc/empty_file.c.obj
LOAD zephyr/CMakeFiles/offsets.dir/./arch/arm/core/offsets/offsets.c.obj
LOAD tfm/api_ns/interface/lib/s_veneers.o
LOAD app/libapp.a
LOAD zephyr/libzephyr.a
LOAD zephyr/arch/common/libarch__common.a
LOAD zephyr/arch/arch/arm/core/libarch__arm__core.a
LOAD zephyr/arch/arch/arm/core/cortex_m/libarch__arm__core__cortex_m.a
LOAD zephyr/arch/arch/arm/core/cortex_m/cmse/libarch__arm__core__cortex_m__cmse.a
LOAD zephyr/arch/arch/arm/core/mpu/libarch__arm__core__mpu.a
LOAD zephyr/lib/libc/picolibc/liblib__libc__picolibc.a
LOAD zephyr/lib/libc/common/liblib__libc__common.a
LOAD zephyr/soc/soc/nrf54l15/libsoc__nordic.a
LOAD zephyr/drivers/clock_control/libdrivers__clock_control.a
LOAD zephyr/drivers/console/libdrivers__console.a
LOAD zephyr/drivers/gpio/libdrivers__gpio.a
LOAD zephyr/drivers/pinctrl/libdrivers__pinctrl.a
LOAD zephyr/drivers/serial/libdrivers__serial.a
LOAD zephyr/drivers/timer/libdrivers__timer.a
LOAD modules/nrf/subsys/nrf_security/src/zephyr/libmbedtls_zephyr.a
LOAD modules/nrf/modules/trusted-firmware-m/lib..__nrf__modules__trusted-firmware-m.a
LOAD modules/nrf/modules/trusted-firmware-m/libtfm_api_nrf.a
LOAD modules/trusted-firmware-m/libtfm_api.a
LOAD modules/hal_nordic/modules/hal_nordic/nrfx/libmodules__hal_nordic__nrfx.a
LOAD zephyr/kernel/libkernel.a
LOAD modules/nrf/subsys/nrf_security/src/libmbedcrypto.a
LOAD modules/nrf/subsys/nrf_security/src/libmbedcrypto_base.a
LOAD modules/nrf/subsys/nrf_security/src/libnrf_security_utils.a
LOAD zephyr/kernel/libkernel.a
LOAD /opt/nordic/ncs/v3.1.0/nrfxlib/crypto/nrf_oberon/lib/cortex-m33/soft-float/liboberon_mbedtls_3.0.17.a
LOAD /opt/nordic/ncs/v3.1.0/nrfxlib/crypto/nrf_oberon/lib/cortex-m33/soft-float/liboberon_3.0.17.a
LOAD zephyr/arch/common/libisr_tables.a
LOAD /opt/nordic/ncs/toolchains/5c0d382932/opt/zephyr-sdk/arm-zephyr-eabi/bin/../lib/gcc/../../picolibc/arm-zephyr-eabi/lib/thumb/v8-m.main/nofp/libc.a
LOAD /opt/nordic/ncs/toolchains/5c0d382932/opt/zephyr-sdk/arm-zephyr-eabi/bin/../lib/gcc/arm-zephyr-eabi/12.2.0/thumb/v8-m.main/nofp/libgcc.a
                0x0000000000000020                _region_min_align = 0x20

.rel.plt        0x0000000000048000        0x0
 *(SORT_BY_ALIGNMENT(.rel.plt))
                [!provide]                        PROVIDE (__rel_iplt_start = .)
 *(SORT_BY_ALIGNMENT(.rel.iplt))
 .rel.iplt      0x0000000000048000        0x0 app/libapp.a(main.c.obj)
                [!provide]                        PROVIDE (__rel_iplt_end = .)

.rela.plt       0x0000000000000000        0x0
 *(SORT_BY_ALIGNMENT(.rela.plt))
                [!provide]                        PROVIDE (__rela_iplt_start = .)
 *(SORT_BY_ALIGNMENT(.rela.iplt))
                [!provide]                        PROVIDE (__rela_iplt_end = .)

.rel.dyn
 *(SORT_BY_ALIGNMENT(.rel.*))

.rela.dyn
 *(SORT_BY_ALIGNMENT(.rela.*))

/DISCARD/
 *(SORT_BY_ALIGNMENT(.plt))

/DISCARD/
 *(SORT_BY_ALIGNMENT(.iplt))
                0x0000000000048000                __rom_region_start = 0x48000

rom_start       0x0000000000048000      0x47c
                0x0000000000048000                __rom_start_address = .
 FILL mask 0x00
                0x0000000000048000                . = (. + (0x0 - (. - __rom_start_address)))
                0x0000000000048000                . = ALIGN (0x4)
                0x0000000000048000                . = ALIGN (0x80)
                0x0000000000048000                . = ALIGN (0x800)
                0x0000000000048000                _vector_start = .
 *(SORT_BY_ALIGNMENT(.exc_vector_table))
 *(SORT_BY_ALIGNMENT(.exc_vector_table.*))
 .exc_vector_table._vector_table_section
                0x0000000000048000       0x40 zephyr/arch/arch/arm/core/cortex_m/libarch__arm__core__cortex_m.a(vector_table.S.obj)
                0x0000000000048000                _vector_table
 *(SORT_BY_ALIGNMENT(.vectors))
                0x000000000004847c                _vector_end = .
                0x0000000000048040                . = ALIGN (0x4)
 *(SORT_BY_ALIGNMENT(.gnu.linkonce.irq_vector_table*))
 .gnu.linkonce.irq_vector_table
                0x0000000000048040      0x43c zephyr/arch/common/libisr_tables.a(isr_tables.c.obj)
                0x0000000000048040                _irq_vector_table
                0x000000000004847c                _vector_end = .

text            0x0000000000048480     0x71ac
                0x0000000000048480                __text_region_start = .
 *(SORT_BY_ALIGNMENT(.text))
 .text          0x0000000000048480       0x30 /opt/nordic/ncs/toolchains/5c0d382932/opt/zephyr-sdk/arm-zephyr-eabi/bin/../lib/gcc/arm-zephyr-eabi/12.2.0/thumb/v8-m.main/nofp/libgcc.a(_aeabi_uldivmod.o)
                0x0000000000048480                __aeabi_uldivmod
 .text          0x00000000000484b0        0x4 /opt/nordic/ncs/toolchains/5c0d382932/opt/zephyr-sdk/arm-zephyr-eabi/bin/../lib/gcc/arm-zephyr-eabi/12.2.0/thumb/v8-m.main/nofp/libgcc.a(_dvmd_tls.o)
                0x00000000000484b0                __aeabi_ldiv0
                0x00000000000484b0                __aeabi_idiv0
 .text          0x00000000000484b4       0x10 /opt/nordic/ncs/toolchains/5c0d382932/opt/zephyr-sdk/arm-zephyr-eabi/bin/../lib/gcc/../../picolibc/arm-zephyr-eabi/lib/thumb/v8-m.main/nofp/libc.a(strlen.S.o)
                0x00000000000484b4                strlen
 .text          0x00000000000484c4      0x29c /opt/nordic/ncs/toolchains/5c0d382932/opt/zephyr-sdk/arm-zephyr-eabi/bin/../lib/gcc/arm-zephyr-eabi/12.2.0/thumb/v8-m.main/nofp/libgcc.a(_udivmoddi4.o)
                0x00000000000484c4                __udivmoddi4
 *(SORT_BY_ALIGNMENT(.text.*))
 .text.main     0x0000000000048760      0x168 app/libapp.a(main.c.obj)
                0x0000000000048760                main
 .text.button_pressed
                0x00000000000488c8       0x3c app/libapp.a(main.c.obj)
                0x00000000000488c8                button_pressed
 .text.cbvprintf_package
                0x0000000000048904      0x3a4 zephyr/libzephyr.a(cbprintf_packaged.c.obj)
                0x0000000000048904                cbvprintf_package
 .text.cbprintf_package_convert
                0x0000000000048ca8      0x3cc zephyr/libzephyr.a(cbprintf_packaged.c.obj)
                0x0000000000048ca8                cbprintf_package_convert
 .text.__printk_hook_install
                0x0000000000049074        0xc zephyr/libzephyr.a(printk.c.obj)
                0x0000000000049074                __printk_hook_install
 .text.z_thread_entry
                0x0000000000049080       0x34 zephyr/libzephyr.a(thread_entry.c.obj)
                0x0000000000049080                z_thread_entry
 .text.process_event
                0x00000000000490b4      0x21c zephyr/libzephyr.a(onoff.c.obj)
 .text.activate_foreach_backend
                0x00000000000492d0       0x64 zephyr/libzephyr.a(log_core.c.obj)
 .text.enable_logger
                0x0000000000049334       0x5c zephyr/libzephyr.a(log_core.c.obj)
 .text.log_process_thread_timer_expiry_fn
                0x0000000000049390        0xc zephyr/libzephyr.a(log_core.c.obj)
 .text.z_log_init
                0x000000000004939c       0x98 zephyr/libzephyr.a(log_core.c.obj)
 .text.log_format_func_t_get
                0x0000000000049434        0xc zephyr/libzephyr.a(log_core.c.obj)
                0x0000000000049434                log_format_func_t_get
 .text.log_set_timestamp_func
                0x0000000000049440       0x20 zephyr/libzephyr.a(log_core.c.obj)
                0x0000000000049440                log_set_timestamp_func
 .text.z_log_notify_backend_enabled
                0x0000000000049460       0x1c zephyr/libzephyr.a(log_core.c.obj)
                0x0000000000049460                z_log_notify_backend_enabled
 .text.z_log_dropped
                0x000000000004947c       0x3c zephyr/libzephyr.a(log_core.c.obj)
                0x000000000004947c                z_log_dropped
 .text.z_log_dropped_read_and_clear
                0x00000000000494b8       0x18 zephyr/libzephyr.a(log_core.c.obj)
                0x00000000000494b8                z_log_dropped_read_and_clear
 .text.dropped_notify
                0x00000000000494d0       0x30 zephyr/libzephyr.a(log_core.c.obj)
                0x00000000000494d0                dropped_notify
 .text.z_log_msg_init
                0x0000000000049500       0x20 zephyr/libzephyr.a(log_core.c.obj)
                0x0000000000049500                z_log_msg_init
 .text.log_core_init
                0x0000000000049520       0x54 zephyr/libzephyr.a(log_core.c.obj)
                0x0000000000049520                log_core_init
 .text.z_log_msg_alloc
                0x0000000000049574       0x10 zephyr/libzephyr.a(log_core.c.obj)
                0x0000000000049574                z_log_msg_alloc
 .text.z_log_msg_local_claim
                0x0000000000049584        0xc zephyr/libzephyr.a(log_core.c.obj)
                0x0000000000049584                z_log_msg_local_claim
 .text.z_log_msg_free
                0x0000000000049590       0x10 zephyr/libzephyr.a(log_core.c.obj)
                0x0000000000049590                z_log_msg_free
 .text.z_log_msg_pending
                0x00000000000495a0        0xc zephyr/libzephyr.a(log_core.c.obj)
                0x00000000000495a0                z_log_msg_pending
 .text.z_impl_log_process
                0x00000000000495ac       0xb8 zephyr/libzephyr.a(log_core.c.obj)
                0x00000000000495ac                z_impl_log_process
 .text.z_impl_log_panic
                0x0000000000049664       0x44 zephyr/libzephyr.a(log_core.c.obj)
                0x0000000000049664                z_impl_log_panic
 .text.log_process_thread_func
                0x00000000000496a8       0xa4 zephyr/libzephyr.a(log_core.c.obj)
 .text.z_log_msg_post_finalize
                0x000000000004974c       0x78 zephyr/libzephyr.a(log_core.c.obj)
 .text.z_log_msg_commit
                0x00000000000497c4       0x24 zephyr/libzephyr.a(log_core.c.obj)
                0x00000000000497c4                z_log_msg_commit
 .text.log_source_name_get
                0x00000000000497e8       0x1c zephyr/libzephyr.a(log_mgmt.c.obj)
                0x00000000000497e8                log_source_name_get
 .text.z_impl_z_log_msg_static_create
                0x0000000000049804      0x108 zephyr/libzephyr.a(log_msg.c.obj)
                0x0000000000049804                z_impl_z_log_msg_static_create
 .text.z_log_msg_runtime_vcreate
                0x000000000004990c       0xa0 zephyr/libzephyr.a(log_msg.c.obj)
                0x000000000004990c                z_log_msg_runtime_vcreate
 .text.log_msg_get_source_id
                0x00000000000499ac       0x18 zephyr/libzephyr.a(log_msg.c.obj)
                0x00000000000499ac                log_msg_get_source_id
 .text.print_formatted
                0x00000000000499c4       0x24 zephyr/libzephyr.a(log_output.c.obj)
 .text.newline_print
                0x00000000000499e8       0x1c zephyr/libzephyr.a(log_output.c.obj)
 .text.log_output_process
                0x0000000000049a04      0x2d4 zephyr/libzephyr.a(log_output.c.obj)
                0x0000000000049a04                log_output_process
 .text.log_output_dropped_process
                0x0000000000049cd8       0x58 zephyr/libzephyr.a(log_output.c.obj)
                0x0000000000049cd8                log_output_dropped_process
 .text.log_output_timestamp_freq_set
                0x0000000000049d30       0x2c zephyr/libzephyr.a(log_output.c.obj)
                0x0000000000049d30                log_output_timestamp_freq_set
 .text.char_out
                0x0000000000049d5c       0x24 zephyr/libzephyr.a(log_backend_uart.c.obj)
 .text.mem_attr_get_regions
                0x0000000000049d80        0xc zephyr/libzephyr.a(mem_attr.c.obj)
                0x0000000000049d80                mem_attr_get_regions
 .text.boot_banner
                0x0000000000049d8c       0x1c zephyr/libzephyr.a(banner.c.obj)
                0x0000000000049d8c                boot_banner
 .text.z_arm_fatal_error
                0x0000000000049da8       0xb8 zephyr/arch/arch/arm/core/libarch__arm__core.a(fatal.c.obj)
                0x0000000000049da8                z_arm_fatal_error
 .text.z_SysNmiOnReset
                0x0000000000049e60        0x8 zephyr/arch/arch/arm/core/libarch__arm__core.a(nmi_on_reset.S.obj)
                0x0000000000049e60                z_SysNmiOnReset
 .text.arch_tls_stack_setup
                0x0000000000049e68       0x40 zephyr/arch/arch/arm/core/libarch__arm__core.a(tls.c.obj)
                0x0000000000049e68                arch_tls_stack_setup
 .text._HandlerModeExit
                0x0000000000049ea8       0x20 zephyr/arch/arch/arm/core/cortex_m/libarch__arm__core__cortex_m.a(exc_exit.c.obj)
                0x0000000000049ea8                z_arm_exc_exit
                0x0000000000049ea8                z_arm_int_exit
 .text.mem_manage_fault.constprop.0
                0x0000000000049ec8       0xd0 zephyr/arch/arch/arm/core/cortex_m/libarch__arm__core__cortex_m.a(fault.c.obj)
 .text.usage_fault.constprop.0
                0x0000000000049f98       0xbc zephyr/arch/arch/arm/core/cortex_m/libarch__arm__core__cortex_m.a(fault.c.obj)
 .text.bus_fault.constprop.0
                0x000000000004a054       0xd0 zephyr/arch/arch/arm/core/cortex_m/libarch__arm__core__cortex_m.a(fault.c.obj)
 .text.z_arm_fault
                0x000000000004a124      0x1e0 zephyr/arch/arch/arm/core/cortex_m/libarch__arm__core__cortex_m.a(fault.c.obj)
                0x000000000004a124                z_arm_fault
 .text.z_arm_fault_init
                0x000000000004a304       0x20 zephyr/arch/arch/arm/core/cortex_m/libarch__arm__core__cortex_m.a(fault.c.obj)
                0x000000000004a304                z_arm_fault_init
 .text.__fault  0x000000000004a324       0x14 zephyr/arch/arch/arm/core/cortex_m/libarch__arm__core__cortex_m.a(fault_s.S.obj)
                0x000000000004a324                z_arm_bus_fault
                0x000000000004a324                z_arm_usage_fault
                0x000000000004a324                z_arm_mpu_fault
                0x000000000004a324                z_arm_exc_spurious
                0x000000000004a324                z_arm_debug_monitor
                0x000000000004a324                z_arm_hard_fault
 .text._reset_section
                0x000000000004a338       0x60 zephyr/arch/arch/arm/core/cortex_m/libarch__arm__core__cortex_m.a(reset.S.obj)
                0x000000000004a338                z_arm_reset
                0x000000000004a338                __start
 .text.z_arm_clear_arm_mpu_config
                0x000000000004a398       0x24 zephyr/arch/arch/arm/core/cortex_m/libarch__arm__core__cortex_m.a(scb.c.obj)
                0x000000000004a398                z_arm_clear_arm_mpu_config
 .text.z_arm_init_arch_hw_at_boot
                0x000000000004a3bc       0x4c zephyr/arch/arch/arm/core/cortex_m/libarch__arm__core__cortex_m.a(scb.c.obj)
                0x000000000004a3bc                z_arm_init_arch_hw_at_boot
 .text.z_impl_k_thread_abort
                0x000000000004a408       0x2c zephyr/arch/arch/arm/core/cortex_m/libarch__arm__core__cortex_m.a(thread_abort.c.obj)
                0x000000000004a408                z_impl_k_thread_abort
 .text.z_arm_pendsv
                0x000000000004a434       0x70 zephyr/arch/arch/arm/core/cortex_m/libarch__arm__core__cortex_m.a(swap_helper.S.obj)
                0x000000000004a434                z_arm_pendsv
 .text.z_arm_svc
                0x000000000004a4a4       0x24 zephyr/arch/arch/arm/core/cortex_m/libarch__arm__core__cortex_m.a(swap_helper.S.obj)
                0x000000000004a4a4                z_arm_svc
 .text.arm_irq_enable
                0x000000000004a4c8       0x1c zephyr/arch/arch/arm/core/cortex_m/libarch__arm__core__cortex_m.a(irq_manage.c.obj)
                0x000000000004a4c8                arm_irq_enable
 .text.arm_irq_is_enabled
                0x000000000004a4e4       0x1c zephyr/arch/arch/arm/core/cortex_m/libarch__arm__core__cortex_m.a(irq_manage.c.obj)
                0x000000000004a4e4                arm_irq_is_enabled
 .text.arm_irq_priority_set
                0x000000000004a500       0x2c zephyr/arch/arch/arm/core/cortex_m/libarch__arm__core__cortex_m.a(irq_manage.c.obj)
                0x000000000004a500                arm_irq_priority_set
 .text.relocate_vector_table
                0x000000000004a52c       0x1c zephyr/arch/arch/arm/core/cortex_m/libarch__arm__core__cortex_m.a(prep_c.c.obj)
                0x000000000004a52c                relocate_vector_table
 .text.z_prep_c
                0x000000000004a548       0x28 zephyr/arch/arch/arm/core/cortex_m/libarch__arm__core__cortex_m.a(prep_c.c.obj)
                0x000000000004a548                z_prep_c
 .text.arch_new_thread
                0x000000000004a570       0x40 zephyr/arch/arch/arm/core/cortex_m/libarch__arm__core__cortex_m.a(thread.c.obj)
                0x000000000004a570                arch_new_thread
 .text.arch_switch_to_main_thread
                0x000000000004a5b0       0x40 zephyr/arch/arch/arm/core/cortex_m/libarch__arm__core__cortex_m.a(thread.c.obj)
                0x000000000004a5b0                arch_switch_to_main_thread
 .text.z_arm_cpu_idle_init
                0x000000000004a5f0        0xc zephyr/arch/arch/arm/core/cortex_m/libarch__arm__core__cortex_m.a(cpu_idle.c.obj)
                0x000000000004a5f0                z_arm_cpu_idle_init
 .text.z_arm_interrupt_init
                0x000000000004a5fc       0x20 zephyr/arch/arch/arm/core/cortex_m/libarch__arm__core__cortex_m.a(irq_init.c.obj)
                0x000000000004a5fc                z_arm_interrupt_init
 .text._isr_wrapper
                0x000000000004a61c       0x24 zephyr/arch/arch/arm/core/cortex_m/libarch__arm__core__cortex_m.a(isr_wrapper.c.obj)
                0x000000000004a61c                _isr_wrapper
 .text.z_arm_configure_static_mpu_regions
                0x000000000004a640       0x38 zephyr/arch/arch/arm/core/mpu/libarch__arm__core__mpu.a(arm_core_mpu.c.obj)
                0x000000000004a640                z_arm_configure_static_mpu_regions
 .text.region_init
                0x000000000004a678       0x34 zephyr/arch/arch/arm/core/mpu/libarch__arm__core__mpu.a(arm_mpu.c.obj)
 .text.region_allocate_and_init
                0x000000000004a6ac       0x38 zephyr/arch/arch/arm/core/mpu/libarch__arm__core__mpu.a(arm_mpu.c.obj)
 .text.mpu_configure_regions_and_partition.constprop.0
                0x000000000004a6e4      0x164 zephyr/arch/arch/arm/core/mpu/libarch__arm__core__mpu.a(arm_mpu.c.obj)
 .text.arm_core_mpu_enable
                0x000000000004a848       0x18 zephyr/arch/arch/arm/core/mpu/libarch__arm__core__mpu.a(arm_mpu.c.obj)
                0x000000000004a848                arm_core_mpu_enable
 .text.arm_core_mpu_disable
                0x000000000004a860       0x14 zephyr/arch/arch/arm/core/mpu/libarch__arm__core__mpu.a(arm_mpu.c.obj)
                0x000000000004a860                arm_core_mpu_disable
 .text.arm_core_mpu_configure_static_mpu_regions
                0x000000000004a874       0x14 zephyr/arch/arch/arm/core/mpu/libarch__arm__core__mpu.a(arm_mpu.c.obj)
                0x000000000004a874                arm_core_mpu_configure_static_mpu_regions
 .text.arm_core_mpu_mark_areas_for_dynamic_regions
                0x000000000004a888       0xb8 zephyr/arch/arch/arm/core/mpu/libarch__arm__core__mpu.a(arm_mpu.c.obj)
                0x000000000004a888                arm_core_mpu_mark_areas_for_dynamic_regions
 .text.z_arm_mpu_init
                0x000000000004a940      0x11c zephyr/arch/arch/arm/core/mpu/libarch__arm__core__mpu.a(arm_mpu.c.obj)
                0x000000000004a940                z_arm_mpu_init
 .text.cbvprintf
                0x000000000004aa5c       0x38 zephyr/lib/libc/picolibc/liblib__libc__picolibc.a(cbprintf.c.obj)
                0x000000000004aa5c                cbvprintf
 .text.z_impl_zephyr_fputc
                0x000000000004aa94       0x10 zephyr/lib/libc/picolibc/liblib__libc__picolibc.a(stdio.c.obj)
                0x000000000004aa94                z_impl_zephyr_fputc
 .text.__stdout_hook_install
                0x000000000004aaa4       0x18 zephyr/lib/libc/picolibc/liblib__libc__picolibc.a(stdio.c.obj)
                0x000000000004aaa4                __stdout_hook_install
 .text.malloc_prepare
                0x000000000004aabc       0x24 zephyr/lib/libc/common/liblib__libc__common.a(malloc.c.obj)
 .text.nordicsemi_nrf54l_init
                0x000000000004aae0       0x14 zephyr/soc/soc/nrf54l15/libsoc__nordic.a(soc.c.obj)
                0x000000000004aae0                nordicsemi_nrf54l_init
 .text.arch_busy_wait
                0x000000000004aaf4       0x24 zephyr/soc/soc/nrf54l15/libsoc__nordic.a(soc.c.obj)
                0x000000000004aaf4                arch_busy_wait
 .text.onoff_stop
                0x000000000004ab18       0x30 zephyr/drivers/clock_control/libdrivers__clock_control.a(clock_control_nrf.c.obj)
 .text.onoff_start
                0x000000000004ab48       0x44 zephyr/drivers/clock_control/libdrivers__clock_control.a(clock_control_nrf.c.obj)
 .text.generic_hfclk_stop
                0x000000000004ab8c       0x34 zephyr/drivers/clock_control/libdrivers__clock_control.a(clock_control_nrf.c.obj)
 .text.clk_init
                0x000000000004abc0       0x5c zephyr/drivers/clock_control/libdrivers__clock_control.a(clock_control_nrf.c.obj)
 .text.api_blocking_start
                0x000000000004ac1c       0x34 zephyr/drivers/clock_control/libdrivers__clock_control.a(clock_control_nrf.c.obj)
 .text.clkstarted_handle.constprop.0
                0x000000000004ac50       0x4c zephyr/drivers/clock_control/libdrivers__clock_control.a(clock_control_nrf.c.obj)
 .text.generic_hfclk_start
                0x000000000004ac9c       0x78 zephyr/drivers/clock_control/libdrivers__clock_control.a(clock_control_nrf.c.obj)
 .text.z_nrf_clock_control_lf_on
                0x000000000004ad14       0xf4 zephyr/drivers/clock_control/libdrivers__clock_control.a(clock_control_nrf.c.obj)
                0x000000000004ad14                z_nrf_clock_control_lf_on
 .text.uart_console_init
                0x000000000004ae08       0x28 zephyr/drivers/console/libdrivers__console.a(uart_console.c.obj)
 .text.console_out
                0x000000000004ae30       0x28 zephyr/drivers/console/libdrivers__console.a(uart_console.c.obj)
 .text.gpio_nrfx_pin_configure
                0x000000000004ae58      0x188 zephyr/drivers/gpio/libdrivers__gpio.a(gpio_nrfx.c.obj)
 .text.nrfx_gpio_handler
                0x000000000004afe0       0x58 zephyr/drivers/gpio/libdrivers__gpio.a(gpio_nrfx.c.obj)
 .text.gpio_nrfx_init
                0x000000000004b038       0x54 zephyr/drivers/gpio/libdrivers__gpio.a(gpio_nrfx.c.obj)
 .text.gpio_nrfx_pin_interrupt_configure
                0x000000000004b08c      0x11c zephyr/drivers/gpio/libdrivers__gpio.a(gpio_nrfx.c.obj)
 .text.nrf_gpio_pin_port_decode
                0x000000000004b1a8       0x20 zephyr/drivers/pinctrl/libdrivers__pinctrl.a(pinctrl_nrf.c.obj)
 .text.pinctrl_configure_pins
                0x000000000004b1c8      0x17c zephyr/drivers/pinctrl/libdrivers__pinctrl.a(pinctrl_nrf.c.obj)
                0x000000000004b1c8                pinctrl_configure_pins
 .text.uarte_20_init
                0x000000000004b344       0xdc zephyr/drivers/serial/libdrivers__serial.a(uart_nrfx_uarte.c.obj)
 .text.uarte_nrfx_poll_out
                0x000000000004b420       0xb4 zephyr/drivers/serial/libdrivers__serial.a(uart_nrfx_uarte.c.obj)
 .text.sys_clock_timeout_handler
                0x000000000004b4d4       0x40 zephyr/drivers/timer/libdrivers__timer.a(nrf_grtc_timer.c.obj)
 .text.sys_clock_driver_init
                0x000000000004b514       0x88 zephyr/drivers/timer/libdrivers__timer.a(nrf_grtc_timer.c.obj)
 .text.sys_clock_elapsed
                0x000000000004b59c       0x20 zephyr/drivers/timer/libdrivers__timer.a(nrf_grtc_timer.c.obj)
                0x000000000004b59c                sys_clock_elapsed
 .text.sys_clock_set_timeout
                0x000000000004b5bc       0x50 zephyr/drivers/timer/libdrivers__timer.a(nrf_grtc_timer.c.obj)
                0x000000000004b5bc                sys_clock_set_timeout
 .text.ns_fault_init
                0x000000000004b60c       0x30 modules/nrf/modules/trusted-firmware-m/lib..__nrf__modules__trusted-firmware-m.a(fault.c.obj)
 .text.arm_fault
                0x000000000004b63c      0x24c modules/nrf/modules/trusted-firmware-m/lib..__nrf__modules__trusted-firmware-m.a(fault.c.obj)
                0x000000000004b63c                arm_fault
 .text.tfm_ns_fault_handler_callback
                0x000000000004b888       0x48 modules/nrf/modules/trusted-firmware-m/lib..__nrf__modules__trusted-firmware-m.a(fault.c.obj)
                0x000000000004b888                tfm_ns_fault_handler_callback
 .text.tfm_ns_interface_dispatch
                0x000000000004b8d0       0x64 modules/trusted-firmware-m/libtfm_api.a(interface.c.obj)
                0x000000000004b8d0                tfm_ns_interface_dispatch
 .text.tfm_platform_ioctl
                0x000000000004b934       0x4c modules/trusted-firmware-m/libtfm_api.a(tfm_platform_api.c.obj)
                0x000000000004b934                tfm_platform_ioctl
 .text.psa_call
                0x000000000004b980       0x34 modules/trusted-firmware-m/libtfm_api.a(tfm_tz_psa_ns_api.c.obj)
                0x000000000004b980                psa_call
 .text.SystemInit
                0x000000000004b9b4       0x14 modules/hal_nordic/modules/hal_nordic/nrfx/libmodules__hal_nordic__nrfx.a(system_nrf54l.c.obj)
                0x000000000004b9b4                SystemInit
 .text.nrfx_flag32_alloc
                0x000000000004b9c8       0x40 modules/hal_nordic/modules/hal_nordic/nrfx/libmodules__hal_nordic__nrfx.a(nrfx_flag32_allocator.c.obj)
                0x000000000004b9c8                nrfx_flag32_alloc
 .text.nrfx_flag32_free
                0x000000000004ba08       0x38 modules/hal_nordic/modules/hal_nordic/nrfx/libmodules__hal_nordic__nrfx.a(nrfx_flag32_allocator.c.obj)
                0x000000000004ba08                nrfx_flag32_free
 .text.clock_stop
                0x000000000004ba40       0xe8 modules/hal_nordic/modules/hal_nordic/nrfx/libmodules__hal_nordic__nrfx.a(nrfx_clock.c.obj)
 .text.nrfx_clock_init
                0x000000000004bb28       0x20 modules/hal_nordic/modules/hal_nordic/nrfx/libmodules__hal_nordic__nrfx.a(nrfx_clock.c.obj)
                0x000000000004bb28                nrfx_clock_init
 .text.nrfx_clock_enable
                0x000000000004bb48       0x2c modules/hal_nordic/modules/hal_nordic/nrfx/libmodules__hal_nordic__nrfx.a(nrfx_clock.c.obj)
                0x000000000004bb48                nrfx_clock_enable
 .text.nrfx_clock_start
                0x000000000004bb74       0xe0 modules/hal_nordic/modules/hal_nordic/nrfx/libmodules__hal_nordic__nrfx.a(nrfx_clock.c.obj)
                0x000000000004bb74                nrfx_clock_start
 .text.nrfx_power_clock_irq_handler
                0x000000000004bc54       0x88 modules/hal_nordic/modules/hal_nordic/nrfx/libmodules__hal_nordic__nrfx.a(nrfx_clock.c.obj)
                0x000000000004bc54                nrfx_power_clock_irq_handler
 .text.nrf_gpio_pin_port_decode
                0x000000000004bcdc       0x20 modules/hal_nordic/modules/hal_nordic/nrfx/libmodules__hal_nordic__nrfx.a(nrfx_gpiote.c.obj)
 .text.get_pin_idx
                0x000000000004bcfc       0x14 modules/hal_nordic/modules/hal_nordic/nrfx/libmodules__hal_nordic__nrfx.a(nrfx_gpiote.c.obj)
 .text.release_handler
                0x000000000004bd10       0x74 modules/hal_nordic/modules/hal_nordic/nrfx/libmodules__hal_nordic__nrfx.a(nrfx_gpiote.c.obj)
 .text.latch_pending_read_and_check
                0x000000000004bd84       0x58 modules/hal_nordic/modules/hal_nordic/nrfx/libmodules__hal_nordic__nrfx.a(nrfx_gpiote.c.obj)
 .text.pin_te_get.isra.0
                0x000000000004bddc       0x20 modules/hal_nordic/modules/hal_nordic/nrfx/libmodules__hal_nordic__nrfx.a(nrfx_gpiote.c.obj)
 .text.pin_is_output.isra.0
                0x000000000004bdfc       0x24 modules/hal_nordic/modules/hal_nordic/nrfx/libmodules__hal_nordic__nrfx.a(nrfx_gpiote.c.obj)
 .text.pin_in_use_by_te.isra.0
                0x000000000004be20       0x24 modules/hal_nordic/modules/hal_nordic/nrfx/libmodules__hal_nordic__nrfx.a(nrfx_gpiote.c.obj)
 .text.irq_handler
                0x000000000004be44      0x1d4 modules/hal_nordic/modules/hal_nordic/nrfx/libmodules__hal_nordic__nrfx.a(nrfx_gpiote.c.obj)
 .text.pin_uninit
                0x000000000004c018       0xa4 modules/hal_nordic/modules/hal_nordic/nrfx/libmodules__hal_nordic__nrfx.a(nrfx_gpiote.c.obj)
 .text.nrfx_gpiote_input_configure
                0x000000000004c0bc      0x1d8 modules/hal_nordic/modules/hal_nordic/nrfx/libmodules__hal_nordic__nrfx.a(nrfx_gpiote.c.obj)
                0x000000000004c0bc                nrfx_gpiote_input_configure
 .text.nrfx_gpiote_output_configure
                0x000000000004c294      0x128 modules/hal_nordic/modules/hal_nordic/nrfx/libmodules__hal_nordic__nrfx.a(nrfx_gpiote.c.obj)
                0x000000000004c294                nrfx_gpiote_output_configure
 .text.nrfx_gpiote_global_callback_set
                0x000000000004c3bc       0x1c modules/hal_nordic/modules/hal_nordic/nrfx/libmodules__hal_nordic__nrfx.a(nrfx_gpiote.c.obj)
                0x000000000004c3bc                nrfx_gpiote_global_callback_set
 .text.nrfx_gpiote_channel_get
                0x000000000004c3d8       0x3c modules/hal_nordic/modules/hal_nordic/nrfx/libmodules__hal_nordic__nrfx.a(nrfx_gpiote.c.obj)
                0x000000000004c3d8                nrfx_gpiote_channel_get
 .text.nrfx_gpiote_init
                0x000000000004c414       0x7c modules/hal_nordic/modules/hal_nordic/nrfx/libmodules__hal_nordic__nrfx.a(nrfx_gpiote.c.obj)
                0x000000000004c414                nrfx_gpiote_init
 .text.nrfx_gpiote_init_check
                0x000000000004c490       0x1c modules/hal_nordic/modules/hal_nordic/nrfx/libmodules__hal_nordic__nrfx.a(nrfx_gpiote.c.obj)
                0x000000000004c490                nrfx_gpiote_init_check
 .text.nrfx_gpiote_channel_free
                0x000000000004c4ac       0x10 modules/hal_nordic/modules/hal_nordic/nrfx/libmodules__hal_nordic__nrfx.a(nrfx_gpiote.c.obj)
                0x000000000004c4ac                nrfx_gpiote_channel_free
 .text.nrfx_gpiote_channel_alloc
                0x000000000004c4bc       0x10 modules/hal_nordic/modules/hal_nordic/nrfx/libmodules__hal_nordic__nrfx.a(nrfx_gpiote.c.obj)
                0x000000000004c4bc                nrfx_gpiote_channel_alloc
 .text.nrfx_gpiote_trigger_enable
                0x000000000004c4cc       0xb8 modules/hal_nordic/modules/hal_nordic/nrfx/libmodules__hal_nordic__nrfx.a(nrfx_gpiote.c.obj)
                0x000000000004c4cc                nrfx_gpiote_trigger_enable
 .text.nrfx_gpiote_20_irq_handler
                0x000000000004c584       0x10 modules/hal_nordic/modules/hal_nordic/nrfx/libmodules__hal_nordic__nrfx.a(nrfx_gpiote.c.obj)
                0x000000000004c584                nrfx_gpiote_20_irq_handler
 .text.nrfx_gpiote_30_irq_handler
                0x000000000004c594       0x10 modules/hal_nordic/modules/hal_nordic/nrfx/libmodules__hal_nordic__nrfx.a(nrfx_gpiote.c.obj)
                0x000000000004c594                nrfx_gpiote_30_irq_handler
 .text.cc_channel_prepare
                0x000000000004c5a4       0x40 modules/hal_nordic/modules/hal_nordic/nrfx/libmodules__hal_nordic__nrfx.a(nrfx_grtc.c.obj)
 .text.sleep_configure
                0x000000000004c5e4       0x24 modules/hal_nordic/modules/hal_nordic/nrfx/libmodules__hal_nordic__nrfx.a(nrfx_grtc.c.obj)
 .text.syscounter_check
                0x000000000004c608       0x38 modules/hal_nordic/modules/hal_nordic/nrfx/libmodules__hal_nordic__nrfx.a(nrfx_grtc.c.obj)
 .text.nrfx_grtc_syscounter_get
                0x000000000004c640       0x48 modules/hal_nordic/modules/hal_nordic/nrfx/libmodules__hal_nordic__nrfx.a(nrfx_grtc.c.obj)
                0x000000000004c640                nrfx_grtc_syscounter_get
 .text.nrfx_grtc_init
                0x000000000004c688      0x120 modules/hal_nordic/modules/hal_nordic/nrfx/libmodules__hal_nordic__nrfx.a(nrfx_grtc.c.obj)
                0x000000000004c688                nrfx_grtc_init
 .text.nrfx_grtc_syscounter_start
                0x000000000004c7a8       0xc8 modules/hal_nordic/modules/hal_nordic/nrfx/libmodules__hal_nordic__nrfx.a(nrfx_grtc.c.obj)
                0x000000000004c7a8                nrfx_grtc_syscounter_start
 .text.nrfx_grtc_syscounter_cc_absolute_set
                0x000000000004c870       0x98 modules/hal_nordic/modules/hal_nordic/nrfx/libmodules__hal_nordic__nrfx.a(nrfx_grtc.c.obj)
                0x000000000004c870                nrfx_grtc_syscounter_cc_absolute_set
 .text.nrfx_grtc_irq_handler
                0x000000000004c908       0xb0 modules/hal_nordic/modules/hal_nordic/nrfx/libmodules__hal_nordic__nrfx.a(nrfx_grtc.c.obj)
                0x000000000004c908                nrfx_grtc_irq_handler
 .text.k_sys_fatal_error_handler
                0x000000000004c9b8       0x20 zephyr/kernel/libkernel.a(fatal.c.obj)
                0x000000000004c9b8                k_sys_fatal_error_handler
 .text.z_fatal_error
                0x000000000004c9d8       0xe8 zephyr/kernel/libkernel.a(fatal.c.obj)
                0x000000000004c9d8                z_fatal_error
 .text.z_sys_init_run_level
                0x000000000004cac0       0x30 zephyr/kernel/libkernel.a(init.c.obj)
 .text.bg_thread_main
                0x000000000004caf0       0xc0 zephyr/kernel/libkernel.a(init.c.obj)
 .text.z_bss_zero
                0x000000000004cbb0       0x18 zephyr/kernel/libkernel.a(init.c.obj)
                0x000000000004cbb0                z_bss_zero
 .text.z_init_cpu
                0x000000000004cbc8       0x68 zephyr/kernel/libkernel.a(init.c.obj)
                0x000000000004cbc8                z_init_cpu
 .text.z_cstart
                0x000000000004cc30       0xd4 zephyr/kernel/libkernel.a(init.c.obj)
                0x000000000004cc30                z_cstart
 .text.z_impl_k_mutex_lock
                0x000000000004cd04       0xf0 zephyr/kernel/libkernel.a(mutex.c.obj)
                0x000000000004cd04                z_impl_k_mutex_lock
 .text.z_impl_k_mutex_unlock
                0x000000000004cdf4       0xa0 zephyr/kernel/libkernel.a(mutex.c.obj)
                0x000000000004cdf4                z_impl_k_mutex_unlock
 .text.z_impl_k_sem_give
                0x000000000004ce94       0x68 zephyr/kernel/libkernel.a(sem.c.obj)
                0x000000000004ce94                z_impl_k_sem_give
 .text.z_impl_k_sem_take
                0x000000000004cefc       0x4c zephyr/kernel/libkernel.a(sem.c.obj)
                0x000000000004cefc                z_impl_k_sem_take
 .text.z_setup_new_thread
                0x000000000004cf48       0x80 zephyr/kernel/libkernel.a(thread.c.obj)
                0x000000000004cf48                z_setup_new_thread
 .text.z_impl_k_thread_create
                0x000000000004cfc8       0x58 zephyr/kernel/libkernel.a(thread.c.obj)
                0x000000000004cfc8                z_impl_k_thread_create
 .text.z_dummy_thread_init
                0x000000000004d020       0x18 zephyr/kernel/libkernel.a(thread.c.obj)
                0x000000000004d020                z_dummy_thread_init
 .text.z_swap_irqlock
                0x000000000004d038       0x34 zephyr/kernel/libkernel.a(sched.c.obj)
 .text.ready_thread
                0x000000000004d06c       0x84 zephyr/kernel/libkernel.a(sched.c.obj)
 .text.unready_thread
                0x000000000004d0f0       0x54 zephyr/kernel/libkernel.a(sched.c.obj)
 .text.add_thread_timeout
                0x000000000004d144       0x1c zephyr/kernel/libkernel.a(sched.c.obj)
 .text.move_thread_to_end_of_prio_q
                0x000000000004d160       0x90 zephyr/kernel/libkernel.a(sched.c.obj)
                0x000000000004d160                move_thread_to_end_of_prio_q
 .text.z_pend_curr
                0x000000000004d1f0       0x44 zephyr/kernel/libkernel.a(sched.c.obj)
                0x000000000004d1f0                z_pend_curr
 .text.z_thread_prio_set
                0x000000000004d234       0xe4 zephyr/kernel/libkernel.a(sched.c.obj)
                0x000000000004d234                z_thread_prio_set
 .text.z_reschedule
                0x000000000004d318       0x24 zephyr/kernel/libkernel.a(sched.c.obj)
                0x000000000004d318                z_reschedule
 .text.z_reschedule_irqlock
                0x000000000004d33c       0x28 zephyr/kernel/libkernel.a(sched.c.obj)
                0x000000000004d33c                z_reschedule_irqlock
 .text.k_sched_lock
                0x000000000004d364       0x28 zephyr/kernel/libkernel.a(sched.c.obj)
                0x000000000004d364                k_sched_lock
 .text.k_sched_unlock
                0x000000000004d38c       0x68 zephyr/kernel/libkernel.a(sched.c.obj)
                0x000000000004d38c                k_sched_unlock
 .text.z_sched_init
                0x000000000004d3f4       0x10 zephyr/kernel/libkernel.a(sched.c.obj)
                0x000000000004d3f4                z_sched_init
 .text.z_impl_k_yield
                0x000000000004d404       0x88 zephyr/kernel/libkernel.a(sched.c.obj)
                0x000000000004d404                z_impl_k_yield
 .text.z_tick_sleep
                0x000000000004d48c       0x78 zephyr/kernel/libkernel.a(sched.c.obj)
 .text.z_impl_k_sleep
                0x000000000004d504       0x5c zephyr/kernel/libkernel.a(sched.c.obj)
                0x000000000004d504                z_impl_k_sleep
 .text.z_impl_k_wakeup
                0x000000000004d560       0x48 zephyr/kernel/libkernel.a(sched.c.obj)
                0x000000000004d560                z_impl_k_wakeup
 .text.z_impl_k_sched_current_thread_query
                0x000000000004d5a8        0xc zephyr/kernel/libkernel.a(sched.c.obj)
                0x000000000004d5a8                z_impl_k_sched_current_thread_query
 .text.z_thread_abort
                0x000000000004d5b4      0x138 zephyr/kernel/libkernel.a(sched.c.obj)
                0x000000000004d5b4                z_thread_abort
 .text.slice_timeout
                0x000000000004d6ec       0x20 zephyr/kernel/libkernel.a(timeslicing.c.obj)
 .text.thread_is_sliceable
                0x000000000004d70c       0x3c zephyr/kernel/libkernel.a(timeslicing.c.obj)
                0x000000000004d70c                thread_is_sliceable
 .text.z_reset_time_slice
                0x000000000004d748       0x50 zephyr/kernel/libkernel.a(timeslicing.c.obj)
                0x000000000004d748                z_reset_time_slice
 .text.z_time_slice
                0x000000000004d798       0x60 zephyr/kernel/libkernel.a(timeslicing.c.obj)
                0x000000000004d798                z_time_slice
 .text.z_data_copy
                0x000000000004d7f8       0x38 zephyr/kernel/libkernel.a(xip.c.obj)
                0x000000000004d7f8                z_data_copy
 .text.first    0x000000000004d830       0x10 zephyr/kernel/libkernel.a(timeout.c.obj)
 .text.elapsed  0x000000000004d840       0x14 zephyr/kernel/libkernel.a(timeout.c.obj)
 .text.remove_timeout
                0x000000000004d854       0x38 zephyr/kernel/libkernel.a(timeout.c.obj)
 .text.z_add_timeout
                0x000000000004d88c      0x124 zephyr/kernel/libkernel.a(timeout.c.obj)
                0x000000000004d88c                z_add_timeout
 .text.sys_clock_announce
                0x000000000004d9b0       0xbc zephyr/kernel/libkernel.a(timeout.c.obj)
                0x000000000004d9b0                sys_clock_announce
 .text.sys_clock_tick_get
                0x000000000004da6c       0x30 zephyr/kernel/libkernel.a(timeout.c.obj)
                0x000000000004da6c                sys_clock_tick_get
 .text.z_timer_expiration_handler
                0x000000000004da9c       0xe0 zephyr/kernel/libkernel.a(timer.c.obj)
                0x000000000004da9c                z_timer_expiration_handler
 .text.z_impl_k_timer_start
                0x000000000004db7c       0x74 zephyr/kernel/libkernel.a(timer.c.obj)
                0x000000000004db7c                z_impl_k_timer_start
 .text.snprintf
                0x000000000004dbf0       0x58 /opt/nordic/ncs/toolchains/5c0d382932/opt/zephyr-sdk/arm-zephyr-eabi/bin/../lib/gcc/../../picolibc/arm-zephyr-eabi/lib/thumb/v8-m.main/nofp/libc.a(libc_tinystdio_snprintf.c.o)
                0x000000000004dbf0                snprintf
 .text.__l_vfprintf
                0x000000000004dc48      0x4b4 /opt/nordic/ncs/toolchains/5c0d382932/opt/zephyr-sdk/arm-zephyr-eabi/bin/../lib/gcc/../../picolibc/arm-zephyr-eabi/lib/thumb/v8-m.main/nofp/libc.a(libc_tinystdio_vflprintf.c.o)
                0x000000000004dc48                __l_vfprintf
 .text._OffsetAbsSyms
                0x000000000004e0fc        0x2 zephyr/CMakeFiles/offsets.dir/./arch/arm/core/offsets/offsets.c.obj
                0x000000000004e0fc                _OffsetAbsSyms
 .text.gpio_pin_configure_dt
                0x000000000004e0fe       0x3e app/libapp.a(main.c.obj)
 .text.chunk_field
                0x000000000004e13c       0x16 zephyr/libzephyr.a(heap.c.obj)
 .text.chunk_set
                0x000000000004e152       0x16 zephyr/libzephyr.a(heap.c.obj)
 .text.chunk_size
                0x000000000004e168        0xc zephyr/libzephyr.a(heap.c.obj)
 .text.set_chunk_used
                0x000000000004e174       0x30 zephyr/libzephyr.a(heap.c.obj)
 .text.set_chunk_size
                0x000000000004e1a4        0x8 zephyr/libzephyr.a(heap.c.obj)
 .text.bucket_idx.isra.0
                0x000000000004e1ac       0x1c zephyr/libzephyr.a(heap.c.obj)
 .text.free_list_add
                0x000000000004e1c8       0x84 zephyr/libzephyr.a(heap.c.obj)
 .text.sys_heap_init
                0x000000000004e24c       0xb0 zephyr/libzephyr.a(heap.c.obj)
                0x000000000004e24c                sys_heap_init
 .text.cbpprintf_external
                0x000000000004e2fc       0x62 zephyr/libzephyr.a(cbprintf_packaged.c.obj)
                0x000000000004e2fc                cbpprintf_external
 .text.is_ptr   0x000000000004e35e       0x4a zephyr/libzephyr.a(cbprintf_packaged.c.obj)
                0x000000000004e35e                is_ptr
 .text.arch_printk_char_out
                0x000000000004e3a8        0x4 zephyr/libzephyr.a(printk.c.obj)
                0x000000000004e3a8                arch_printk_char_out
 .text.printk   0x000000000004e3ac       0x1a zephyr/libzephyr.a(printk.c.obj)
                0x000000000004e3ac                printk
 .text.free_space
                0x000000000004e3c6       0x26 zephyr/libzephyr.a(mpsc_pbuf.c.obj)
 .text.get_usage
                0x000000000004e3ec       0x22 zephyr/libzephyr.a(mpsc_pbuf.c.obj)
 .text.idx_inc  0x000000000004e40e       0x1c zephyr/libzephyr.a(mpsc_pbuf.c.obj)
 .text.rd_idx_inc
                0x000000000004e42a       0x18 zephyr/libzephyr.a(mpsc_pbuf.c.obj)
 .text.add_skip_item
                0x000000000004e442       0x3e zephyr/libzephyr.a(mpsc_pbuf.c.obj)
 .text.drop_item_locked
                0x000000000004e480      0x100 zephyr/libzephyr.a(mpsc_pbuf.c.obj)
 .text.post_drop_action
                0x000000000004e580       0x36 zephyr/libzephyr.a(mpsc_pbuf.c.obj)
 .text.max_utilization_update
                0x000000000004e5b6       0x1a zephyr/libzephyr.a(mpsc_pbuf.c.obj)
 .text.mpsc_pbuf_init
                0x000000000004e5d0       0x42 zephyr/libzephyr.a(mpsc_pbuf.c.obj)
                0x000000000004e5d0                mpsc_pbuf_init
 .text.mpsc_pbuf_alloc
                0x000000000004e612       0xfe zephyr/libzephyr.a(mpsc_pbuf.c.obj)
                0x000000000004e612                mpsc_pbuf_alloc
 .text.mpsc_pbuf_commit
                0x000000000004e710       0x3e zephyr/libzephyr.a(mpsc_pbuf.c.obj)
                0x000000000004e710                mpsc_pbuf_commit
 .text.mpsc_pbuf_claim
                0x000000000004e74e       0xa8 zephyr/libzephyr.a(mpsc_pbuf.c.obj)
                0x000000000004e74e                mpsc_pbuf_claim
 .text.mpsc_pbuf_free
                0x000000000004e7f6       0x76 zephyr/libzephyr.a(mpsc_pbuf.c.obj)
                0x000000000004e7f6                mpsc_pbuf_free
 .text.mpsc_pbuf_is_pending
                0x000000000004e86c       0x32 zephyr/libzephyr.a(mpsc_pbuf.c.obj)
                0x000000000004e86c                mpsc_pbuf_is_pending
 .text.process_recheck
                0x000000000004e89e       0x38 zephyr/libzephyr.a(onoff.c.obj)
 .text.validate_args
                0x000000000004e8d6       0x20 zephyr/libzephyr.a(onoff.c.obj)
 .text.notify_one
                0x000000000004e8f6       0x2c zephyr/libzephyr.a(onoff.c.obj)
 .text.transition_complete
                0x000000000004e922       0x1a zephyr/libzephyr.a(onoff.c.obj)
 .text.onoff_manager_init
                0x000000000004e93c       0x26 zephyr/libzephyr.a(onoff.c.obj)
                0x000000000004e93c                onoff_manager_init
 .text.onoff_request
                0x000000000004e962       0xae zephyr/libzephyr.a(onoff.c.obj)
                0x000000000004e962                onoff_request
 .text.sys_notify_validate
                0x000000000004ea10       0x22 zephyr/libzephyr.a(notify.c.obj)
                0x000000000004ea10                sys_notify_validate
 .text.sys_notify_finalize
                0x000000000004ea32       0x1a zephyr/libzephyr.a(notify.c.obj)
                0x000000000004ea32                sys_notify_finalize
 .text._ConfigAbsSyms
                0x000000000004ea4c        0x2 zephyr/libzephyr.a(configs.c.obj)
                0x000000000004ea4c                _ConfigAbsSyms
 .text.log_msg_generic_get_wlen
                0x000000000004ea4e       0x20 zephyr/libzephyr.a(log_core.c.obj)
 .text.dummy_timestamp
                0x000000000004ea6e        0x4 zephyr/libzephyr.a(log_core.c.obj)
 .text.default_get_timestamp
                0x000000000004ea72        0x4 zephyr/libzephyr.a(log_core.c.obj)
 .text.atomic_inc
                0x000000000004ea76       0x12 zephyr/libzephyr.a(log_core.c.obj)
 .text.z_log_vprintk
                0x000000000004ea88       0x1c zephyr/libzephyr.a(log_core.c.obj)
                0x000000000004ea88                z_log_vprintk
 .text.z_log_notify_drop
                0x000000000004eaa4        0x6 zephyr/libzephyr.a(log_core.c.obj)
 .text.z_log_get_tag
                0x000000000004eaaa        0x4 zephyr/libzephyr.a(log_core.c.obj)
                0x000000000004eaaa                z_log_get_tag
 .text.log_backend_enable
                0x000000000004eaae       0x12 zephyr/libzephyr.a(log_mgmt.c.obj)
                0x000000000004eaae                log_backend_enable
 .text.z_cbprintf_cpy
                0x000000000004eac0       0x2c zephyr/libzephyr.a(log_msg.c.obj)
 .text.z_log_msg_finalize
                0x000000000004eaec       0x32 zephyr/libzephyr.a(log_msg.c.obj)
                0x000000000004eaec                z_log_msg_finalize
 .text.z_log_msg_simple_create
                0x000000000004eb1e       0x6e zephyr/libzephyr.a(log_msg.c.obj)
 .text.z_impl_z_log_msg_simple_create_0
                0x000000000004eb8c       0x12 zephyr/libzephyr.a(log_msg.c.obj)
                0x000000000004eb8c                z_impl_z_log_msg_simple_create_0
 .text.z_impl_z_log_msg_simple_create_1
                0x000000000004eb9e       0x14 zephyr/libzephyr.a(log_msg.c.obj)
                0x000000000004eb9e                z_impl_z_log_msg_simple_create_1
 .text.z_impl_z_log_msg_simple_create_2
                0x000000000004ebb2       0x18 zephyr/libzephyr.a(log_msg.c.obj)
                0x000000000004ebb2                z_impl_z_log_msg_simple_create_2
 .text.log_output_write
                0x000000000004ebca       0x1c zephyr/libzephyr.a(log_output.c.obj)
 .text.log_output_flush
                0x000000000004ebe6       0x1a zephyr/libzephyr.a(log_output.c.obj)
 .text.out_func
                0x000000000004ec00       0x2e zephyr/libzephyr.a(log_output.c.obj)
 .text.cr_out_func
                0x000000000004ec2e       0x1c zephyr/libzephyr.a(log_output.c.obj)
 .text.log_output_msg_process
                0x000000000004ec4a       0x6a zephyr/libzephyr.a(log_output.c.obj)
                0x000000000004ec4a                log_output_msg_process
 .text.format_set
                0x000000000004ecb4        0xc zephyr/libzephyr.a(log_backend_uart.c.obj)
 .text.log_backend_uart_init
                0x000000000004ecc0        0xc zephyr/libzephyr.a(log_backend_uart.c.obj)
 .text.panic    0x000000000004eccc       0x32 zephyr/libzephyr.a(log_backend_uart.c.obj)
 .text.dropped  0x000000000004ecfe        0xa zephyr/libzephyr.a(log_backend_uart.c.obj)
 .text.process  0x000000000004ed08       0x1e zephyr/libzephyr.a(log_backend_uart.c.obj)
 .text.z_do_kernel_oops
                0x000000000004ed26        0x8 zephyr/arch/arch/arm/core/libarch__arm__core.a(fatal.c.obj)
                0x000000000004ed26                z_do_kernel_oops
 .text.z_arm_nmi
                0x000000000004ed2e        0xe zephyr/arch/arch/arm/core/libarch__arm__core.a(nmi.c.obj)
                0x000000000004ed2e                z_arm_nmi
 .text.z_log_msg_simple_create_0.constprop.0
                0x000000000004ed3c        0x8 zephyr/arch/arch/arm/core/cortex_m/libarch__arm__core__cortex_m.a(fault.c.obj)
 .text.z_arm_save_fp_context
                0x000000000004ed44        0x2 zephyr/arch/arch/arm/core/cortex_m/libarch__arm__core__cortex_m.a(fpu.c.obj)
                0x000000000004ed44                z_arm_save_fp_context
 .text.z_arm_restore_fp_context
                0x000000000004ed46        0x2 zephyr/arch/arch/arm/core/cortex_m/libarch__arm__core__cortex_m.a(fpu.c.obj)
                0x000000000004ed46                z_arm_restore_fp_context
 .text.z_irq_spurious
                0x000000000004ed48        0x8 zephyr/arch/arch/arm/core/cortex_m/libarch__arm__core__cortex_m.a(irq_manage.c.obj)
                0x000000000004ed48                z_irq_spurious
 .text.configure_builtin_stack_guard
                0x000000000004ed50        0x8 zephyr/arch/arch/arm/core/cortex_m/libarch__arm__core__cortex_m.a(thread.c.obj)
                0x000000000004ed50                configure_builtin_stack_guard
 .text.arch_irq_unlock_outlined
                0x000000000004ed58        0xe zephyr/arch/arch/arm/core/cortex_m/libarch__arm__core__cortex_m.a(thread.c.obj)
                0x000000000004ed58                arch_irq_unlock_outlined
 .text.arch_cpu_idle
                0x000000000004ed66       0x1a zephyr/arch/arch/arm/core/cortex_m/libarch__arm__core__cortex_m.a(cpu_idle.c.obj)
                0x000000000004ed66                arch_cpu_idle
 .text.arch_cpu_atomic_idle
                0x000000000004ed80       0x1e zephyr/arch/arch/arm/core/cortex_m/libarch__arm__core__cortex_m.a(cpu_idle.c.obj)
                0x000000000004ed80                arch_cpu_atomic_idle
 .text.arm_cmse_mpu_region_get
                0x000000000004ed9e       0x12 zephyr/arch/arch/arm/core/cortex_m/cmse/libarch__arm__core__cortex_m__cmse.a(arm_core_cmse.c.obj)
                0x000000000004ed9e                arm_cmse_mpu_region_get
 .text.mpu_configure_region
                0x000000000004edb0       0x32 zephyr/arch/arch/arm/core/mpu/libarch__arm__core__mpu.a(arm_mpu.c.obj)
 .text.cbputc   0x000000000004ede2        0xc zephyr/lib/libc/picolibc/liblib__libc__picolibc.a(cbprintf.c.obj)
 .text.picolibc_put
                0x000000000004edee        0xa zephyr/lib/libc/picolibc/liblib__libc__picolibc.a(stdio.c.obj)
 .text.get_status
                0x000000000004edf8       0x12 zephyr/drivers/clock_control/libdrivers__clock_control.a(clock_control_nrf.c.obj)
 .text.stop     0x000000000004ee0a       0x50 zephyr/drivers/clock_control/libdrivers__clock_control.a(clock_control_nrf.c.obj)
 .text.api_stop
                0x000000000004ee5a        0x6 zephyr/drivers/clock_control/libdrivers__clock_control.a(clock_control_nrf.c.obj)
 .text.async_start
                0x000000000004ee60       0x5a zephyr/drivers/clock_control/libdrivers__clock_control.a(clock_control_nrf.c.obj)
 .text.api_start
                0x000000000004eeba        0xe zephyr/drivers/clock_control/libdrivers__clock_control.a(clock_control_nrf.c.obj)
 .text.onoff_started_callback
                0x000000000004eec8       0x12 zephyr/drivers/clock_control/libdrivers__clock_control.a(clock_control_nrf.c.obj)
 .text.lfclk_start
                0x000000000004eeda        0x6 zephyr/drivers/clock_control/libdrivers__clock_control.a(clock_control_nrf.c.obj)
 .text.lfclk_stop
                0x000000000004eee0        0x6 zephyr/drivers/clock_control/libdrivers__clock_control.a(clock_control_nrf.c.obj)
 .text.blocking_start_callback
                0x000000000004eee6        0x6 zephyr/drivers/clock_control/libdrivers__clock_control.a(clock_control_nrf.c.obj)
 .text.clock_event_handler
                0x000000000004eeec       0x14 zephyr/drivers/clock_control/libdrivers__clock_control.a(clock_control_nrf.c.obj)
 .text.gpio_nrfx_port_get_raw
                0x000000000004ef00        0xc zephyr/drivers/gpio/libdrivers__gpio.a(gpio_nrfx.c.obj)
 .text.gpio_nrfx_port_set_masked_raw
                0x000000000004ef0c       0x14 zephyr/drivers/gpio/libdrivers__gpio.a(gpio_nrfx.c.obj)
 .text.gpio_nrfx_port_set_bits_raw
                0x000000000004ef20        0xa zephyr/drivers/gpio/libdrivers__gpio.a(gpio_nrfx.c.obj)
 .text.gpio_nrfx_port_clear_bits_raw
                0x000000000004ef2a        0xa zephyr/drivers/gpio/libdrivers__gpio.a(gpio_nrfx.c.obj)
 .text.gpio_nrfx_port_toggle_bits
                0x000000000004ef34       0x14 zephyr/drivers/gpio/libdrivers__gpio.a(gpio_nrfx.c.obj)
 .text.gpio_nrfx_manage_callback
                0x000000000004ef48       0x52 zephyr/drivers/gpio/libdrivers__gpio.a(gpio_nrfx.c.obj)
 .text.pinctrl_lookup_state
                0x000000000004ef9a       0x26 zephyr/drivers/pinctrl/libdrivers__pinctrl.a(common.c.obj)
                0x000000000004ef9a                pinctrl_lookup_state
 .text.uarte_nrfx_isr_int
                0x000000000004efc0        0xa zephyr/drivers/serial/libdrivers__serial.a(uart_nrfx_uarte.c.obj)
 .text.uarte_nrfx_err_check
                0x000000000004efca        0xe zephyr/drivers/serial/libdrivers__serial.a(uart_nrfx_uarte.c.obj)
 .text.uarte_nrfx_poll_in
                0x000000000004efd8       0x26 zephyr/drivers/serial/libdrivers__serial.a(uart_nrfx_uarte.c.obj)
 .text.pinctrl_apply_state.isra.0
                0x000000000004effe       0x1e zephyr/drivers/serial/libdrivers__serial.a(uart_nrfx_uarte.c.obj)
 .text.counter  0x000000000004f01c       0x12 zephyr/drivers/timer/libdrivers__timer.a(nrf_grtc_timer.c.obj)
 .text.sys_clock_cycle_get_32
                0x000000000004f02e       0x1e zephyr/drivers/timer/libdrivers__timer.a(nrf_grtc_timer.c.obj)
                0x000000000004f02e                sys_clock_cycle_get_32
 .text._psa_crypto_init
                0x000000000004f04c       0x1e modules/nrf/subsys/nrf_security/src/zephyr/libmbedtls_zephyr.a(psa_crypto_init.c.obj)
 .text.z_log_msg_simple_create_0.constprop.0
                0x000000000004f06a        0x8 modules/nrf/modules/trusted-firmware-m/lib..__nrf__modules__trusted-firmware-m.a(fault.c.obj)
 .text.tfm_platform_ns_fault_set_handler
                0x000000000004f072       0x4e modules/nrf/modules/trusted-firmware-m/libtfm_api_nrf.a(tfm_ioctl_ns_api.c.obj)
                0x000000000004f072                tfm_platform_ns_fault_set_handler
 .text.ns_interface_init
                0x000000000004f0c0        0x4 modules/trusted-firmware-m/libtfm_api.a(interface.c.obj)
 .text.psa_crypto_init
                0x000000000004f0c4        0x4 modules/trusted-firmware-m/libtfm_api.a(tfm_crypto_api.c.obj)
                0x000000000004f0c4                psa_crypto_init
 .text.nrfx_isr
                0x000000000004f0c8        0x2 modules/hal_nordic/modules/hal_nordic/nrfx/libmodules__hal_nordic__nrfx.a(nrfx_glue.c.obj)
                0x000000000004f0c8                nrfx_isr
 .text.nrfx_busy_wait
                0x000000000004f0ca        0x4 modules/hal_nordic/modules/hal_nordic/nrfx/libmodules__hal_nordic__nrfx.a(nrfx_glue.c.obj)
                0x000000000004f0ca                nrfx_busy_wait
 .text.nrfx_clock_stop
                0x000000000004f0ce        0x4 modules/hal_nordic/modules/hal_nordic/nrfx/libmodules__hal_nordic__nrfx.a(nrfx_clock.c.obj)
                0x000000000004f0ce                nrfx_clock_stop
 .text.nrf_gpio_reconfigure
                0x000000000004f0d2       0x92 modules/hal_nordic/modules/hal_nordic/nrfx/libmodules__hal_nordic__nrfx.a(nrfx_gpiote.c.obj)
 .text.nrf_gpio_cfg_sense_set
                0x000000000004f164       0x1e modules/hal_nordic/modules/hal_nordic/nrfx/libmodules__hal_nordic__nrfx.a(nrfx_gpiote.c.obj)
 .text.call_handler
                0x000000000004f182       0x3e modules/hal_nordic/modules/hal_nordic/nrfx/libmodules__hal_nordic__nrfx.a(nrfx_gpiote.c.obj)
 .text.__nrfy_internal_gpiote_events_process
                0x000000000004f1c0       0x4e modules/hal_nordic/modules/hal_nordic/nrfx/libmodules__hal_nordic__nrfx.a(nrfx_gpiote.c.obj)
 .text.pin_trigger_disable
                0x000000000004f20e       0x4a modules/hal_nordic/modules/hal_nordic/nrfx/libmodules__hal_nordic__nrfx.a(nrfx_gpiote.c.obj)
 .text.nrfx_gpiote_pin_uninit
                0x000000000004f258        0x4 modules/hal_nordic/modules/hal_nordic/nrfx/libmodules__hal_nordic__nrfx.a(nrfx_gpiote.c.obj)
                0x000000000004f258                nrfx_gpiote_pin_uninit
 .text.nrfx_gpiote_trigger_disable
                0x000000000004f25c        0x4 modules/hal_nordic/modules/hal_nordic/nrfx/libmodules__hal_nordic__nrfx.a(nrfx_gpiote.c.obj)
                0x000000000004f25c                nrfx_gpiote_trigger_disable
 .text.z_impl_k_busy_wait
                0x000000000004f260        0x8 zephyr/kernel/libkernel.a(busy_wait.c.obj)
                0x000000000004f260                z_impl_k_busy_wait
 .text.z_device_state_init
                0x000000000004f268        0x2 zephyr/kernel/libkernel.a(device.c.obj)
                0x000000000004f268                z_device_state_init
 .text.z_impl_device_is_ready
                0x000000000004f26a       0x16 zephyr/kernel/libkernel.a(device.c.obj)
                0x000000000004f26a                z_impl_device_is_ready
 .text.arch_system_halt
                0x000000000004f280       0x10 zephyr/kernel/libkernel.a(fatal.c.obj)
                0x000000000004f280                arch_system_halt
 .text.do_device_init
                0x000000000004f290       0x2e zephyr/kernel/libkernel.a(init.c.obj)
 .text.z_early_memset
                0x000000000004f2be        0x4 zephyr/kernel/libkernel.a(init.c.obj)
                0x000000000004f2be                z_early_memset
 .text.z_early_memcpy
                0x000000000004f2c2        0x4 zephyr/kernel/libkernel.a(init.c.obj)
                0x000000000004f2c2                z_early_memcpy
 .text.idle     0x000000000004f2c6       0x16 zephyr/kernel/libkernel.a(idle.c.obj)
                0x000000000004f2c6                idle
 .text.adjust_owner_prio.isra.0
                0x000000000004f2dc       0x10 zephyr/kernel/libkernel.a(mutex.c.obj)
 .text.z_impl_k_sem_init
                0x000000000004f2ec       0x18 zephyr/kernel/libkernel.a(sem.c.obj)
                0x000000000004f2ec                z_impl_k_sem_init
 .text.k_is_in_isr
                0x000000000004f304        0xc zephyr/kernel/libkernel.a(thread.c.obj)
                0x000000000004f304                k_is_in_isr
 .text.z_impl_k_thread_name_set
                0x000000000004f310        0x6 zephyr/kernel/libkernel.a(thread.c.obj)
                0x000000000004f310                z_impl_k_thread_name_set
 .text.k_thread_name_get
                0x000000000004f316        0x4 zephyr/kernel/libkernel.a(thread.c.obj)
                0x000000000004f316                k_thread_name_get
 .text.sys_dlist_remove
                0x000000000004f31a       0x10 zephyr/kernel/libkernel.a(sched.c.obj)
 .text.unpend_thread_no_timeout
                0x000000000004f32a       0x14 zephyr/kernel/libkernel.a(sched.c.obj)
 .text.add_to_waitq_locked
                0x000000000004f33e       0x50 zephyr/kernel/libkernel.a(sched.c.obj)
 .text.z_ready_thread
                0x000000000004f38e       0x1e zephyr/kernel/libkernel.a(sched.c.obj)
                0x000000000004f38e                z_ready_thread
 .text.z_unpend_thread_no_timeout
                0x000000000004f3ac       0x22 zephyr/kernel/libkernel.a(sched.c.obj)
                0x000000000004f3ac                z_unpend_thread_no_timeout
 .text.z_sched_wake_thread
                0x000000000004f3ce       0x46 zephyr/kernel/libkernel.a(sched.c.obj)
                0x000000000004f3ce                z_sched_wake_thread
 .text.z_thread_timeout
                0x000000000004f414        0x8 zephyr/kernel/libkernel.a(sched.c.obj)
                0x000000000004f414                z_thread_timeout
 .text.z_unpend1_no_timeout
                0x000000000004f41c       0x2c zephyr/kernel/libkernel.a(sched.c.obj)
                0x000000000004f41c                z_unpend1_no_timeout
 .text.next_timeout
                0x000000000004f448       0x2e zephyr/kernel/libkernel.a(timeout.c.obj)
 .text.z_abort_timeout
                0x000000000004f476       0x50 zephyr/kernel/libkernel.a(timeout.c.obj)
                0x000000000004f476                z_abort_timeout
 .text.sys_clock_tick_get_32
                0x000000000004f4c6        0x8 zephyr/kernel/libkernel.a(timeout.c.obj)
                0x000000000004f4c6                sys_clock_tick_get_32
 .text.z_impl_k_uptime_ticks
                0x000000000004f4ce        0x4 zephyr/kernel/libkernel.a(timeout.c.obj)
                0x000000000004f4ce                z_impl_k_uptime_ticks
 .text.k_timer_init
                0x000000000004f4d2       0x18 zephyr/kernel/libkernel.a(timer.c.obj)
                0x000000000004f4d2                k_timer_init
 .text.z_impl_k_timer_stop
                0x000000000004f4ea       0x38 zephyr/kernel/libkernel.a(timer.c.obj)
                0x000000000004f4ea                z_impl_k_timer_stop
 .text.memcpy   0x000000000004f522       0x1a /opt/nordic/ncs/toolchains/5c0d382932/opt/zephyr-sdk/arm-zephyr-eabi/bin/../lib/gcc/../../picolibc/arm-zephyr-eabi/lib/thumb/v8-m.main/nofp/libc.a(memcpy.c.o)
                0x000000000004f522                memcpy
                0x000000000004f522                __aeabi_memcpy
                0x000000000004f522                __aeabi_memcpy4
                0x000000000004f522                __aeabi_memcpy8
 .text.memset   0x000000000004f53c       0x10 /opt/nordic/ncs/toolchains/5c0d382932/opt/zephyr-sdk/arm-zephyr-eabi/bin/../lib/gcc/../../picolibc/arm-zephyr-eabi/lib/thumb/v8-m.main/nofp/libc.a(memset.c.o)
                0x000000000004f53c                memset
 .text.strnlen  0x000000000004f54c       0x18 /opt/nordic/ncs/toolchains/5c0d382932/opt/zephyr-sdk/arm-zephyr-eabi/bin/../lib/gcc/../../picolibc/arm-zephyr-eabi/lib/thumb/v8-m.main/nofp/libc.a(libc_string_strnlen.c.o)
                0x000000000004f54c                strnlen
 .text.__ultoa_invert
                0x000000000004f564       0xac /opt/nordic/ncs/toolchains/5c0d382932/opt/zephyr-sdk/arm-zephyr-eabi/bin/../lib/gcc/../../picolibc/arm-zephyr-eabi/lib/thumb/v8-m.main/nofp/libc.a(libc_tinystdio_vflprintf.c.o)
 .text.__file_str_put
                0x000000000004f610       0x10 /opt/nordic/ncs/toolchains/5c0d382932/opt/zephyr-sdk/arm-zephyr-eabi/bin/../lib/gcc/../../picolibc/arm-zephyr-eabi/lib/thumb/v8-m.main/nofp/libc.a(libc_tinystdio_filestrput.c.o)
                0x000000000004f610                __file_str_put
 *(SORT_BY_ALIGNMENT(.TEXT.*))
 .TEXT.__aeabi_read_tp
                0x000000000004f620        0xc zephyr/arch/arch/arm/core/cortex_m/libarch__arm__core__cortex_m.a(__aeabi_read_tp.S.obj)
                0x000000000004f620                __aeabi_read_tp
 *(SORT_BY_ALIGNMENT(.gnu.linkonce.t.*))
 *(SORT_BY_ALIGNMENT(.glue_7t))
 .glue_7t       0x000000000004f62c        0x0 linker stubs
 *(SORT_BY_ALIGNMENT(.glue_7))
 .glue_7        0x000000000004f62c        0x0 linker stubs
 *(SORT_BY_ALIGNMENT(.vfp11_veneer))
 .vfp11_veneer  0x000000000004f62c        0x0 linker stubs
 *(SORT_BY_ALIGNMENT(.v4_bx))
 .v4_bx         0x000000000004f62c        0x0 linker stubs
                0x000000000004f62c                . = ALIGN (0x4)
                0x000000000004f62c                __text_region_end = .

.ARM.exidx      0x000000000004f62c        0x8
                0x000000000004f62c                __exidx_start = .
 *(SORT_BY_ALIGNMENT(.ARM.exidx*) SORT_BY_ALIGNMENT(gnu.linkonce.armexidx.*))
 .ARM.exidx     0x000000000004f62c        0x8 /opt/nordic/ncs/toolchains/5c0d382932/opt/zephyr-sdk/arm-zephyr-eabi/bin/../lib/gcc/../../picolibc/arm-zephyr-eabi/lib/thumb/v8-m.main/nofp/libc.a(strlen.S.o)
 .ARM.exidx     0x000000000004f634        0x0 /opt/nordic/ncs/toolchains/5c0d382932/opt/zephyr-sdk/arm-zephyr-eabi/bin/../lib/gcc/arm-zephyr-eabi/12.2.0/thumb/v8-m.main/nofp/libgcc.a(_udivmoddi4.o)
                                          0x8 (size before relaxing)
                0x000000000004f634                __exidx_end = .
                0x000000000004f634                __rodata_region_start = .

initlevel       0x000000000004f634       0x68
                0x000000000004f634                __init_start = .
                0x000000000004f634                __init_EARLY_start = .
 *(SORT_BY_NAME(SORT_BY_ALIGNMENT(.z_init_EARLY_P_?_*)))
 *(SORT_BY_NAME(SORT_BY_ALIGNMENT(.z_init_EARLY_P_??_*)))
 *(SORT_BY_NAME(SORT_BY_ALIGNMENT(.z_init_EARLY_P_???_*)))
                0x000000000004f634                __init_PRE_KERNEL_1_start = .
 *(SORT_BY_NAME(SORT_BY_ALIGNMENT(.z_init_PRE_KERNEL_1_P_?_*)))
 .z_init_PRE_KERNEL_1_P_0_SUB_0_
                0x000000000004f634        0x8 zephyr/soc/soc/nrf54l15/libsoc__nordic.a(soc.c.obj)
 .z_init_PRE_KERNEL_1_P_0_SUB_0_
                0x000000000004f63c        0x8 modules/nrf/modules/trusted-firmware-m/lib..__nrf__modules__trusted-firmware-m.a(fault.c.obj)
 *(SORT_BY_NAME(SORT_BY_ALIGNMENT(.z_init_PRE_KERNEL_1_P_??_*)))
 .z_init_PRE_KERNEL_1_P_30_SUB_00059_
                0x000000000004f644        0x8 zephyr/drivers/clock_control/libdrivers__clock_control.a(clock_control_nrf.c.obj)
 .z_init_PRE_KERNEL_1_P_40_SUB_00010_
                0x000000000004f64c        0x8 zephyr/drivers/gpio/libdrivers__gpio.a(gpio_nrfx.c.obj)
 .z_init_PRE_KERNEL_1_P_40_SUB_00012_
                0x000000000004f654        0x8 zephyr/drivers/gpio/libdrivers__gpio.a(gpio_nrfx.c.obj)
 .z_init_PRE_KERNEL_1_P_40_SUB_00023_
                0x000000000004f65c        0x8 zephyr/drivers/gpio/libdrivers__gpio.a(gpio_nrfx.c.obj)
 .z_init_PRE_KERNEL_1_P_50_SUB_00104_
                0x000000000004f664        0x8 zephyr/drivers/serial/libdrivers__serial.a(uart_nrfx_uarte.c.obj)
 .z_init_PRE_KERNEL_1_P_60_SUB_0_
                0x000000000004f66c        0x8 zephyr/drivers/console/libdrivers__console.a(uart_console.c.obj)
 *(SORT_BY_NAME(SORT_BY_ALIGNMENT(.z_init_PRE_KERNEL_1_P_???_*)))
                0x000000000004f674                __init_PRE_KERNEL_2_start = .
 *(SORT_BY_NAME(SORT_BY_ALIGNMENT(.z_init_PRE_KERNEL_2_P_?_*)))
 .z_init_PRE_KERNEL_2_P_0_SUB_0_
                0x000000000004f674        0x8 zephyr/drivers/timer/libdrivers__timer.a(nrf_grtc_timer.c.obj)
 *(SORT_BY_NAME(SORT_BY_ALIGNMENT(.z_init_PRE_KERNEL_2_P_??_*)))
 *(SORT_BY_NAME(SORT_BY_ALIGNMENT(.z_init_PRE_KERNEL_2_P_???_*)))
                0x000000000004f67c                __init_POST_KERNEL_start = .
 *(SORT_BY_NAME(SORT_BY_ALIGNMENT(.z_init_POST_KERNEL_P_?_*)))
 .z_init_POST_KERNEL_P_0_SUB_0_
                0x000000000004f67c        0x8 zephyr/libzephyr.a(log_core.c.obj)
 *(SORT_BY_NAME(SORT_BY_ALIGNMENT(.z_init_POST_KERNEL_P_??_*)))
 .z_init_POST_KERNEL_P_35_SUB_0_
                0x000000000004f684        0x8 zephyr/lib/libc/common/liblib__libc__common.a(malloc.c.obj)
 .z_init_POST_KERNEL_P_40_SUB_0_
                0x000000000004f68c        0x8 modules/trusted-firmware-m/libtfm_api.a(interface.c.obj)
 .z_init_POST_KERNEL_P_50_SUB_0_
                0x000000000004f694        0x8 modules/nrf/subsys/nrf_security/src/zephyr/libmbedtls_zephyr.a(psa_crypto_init.c.obj)
 *(SORT_BY_NAME(SORT_BY_ALIGNMENT(.z_init_POST_KERNEL_P_???_*)))
                0x000000000004f69c                __init_APPLICATION_start = .
 *(SORT_BY_NAME(SORT_BY_ALIGNMENT(.z_init_APPLICATION_P_?_*)))
 *(SORT_BY_NAME(SORT_BY_ALIGNMENT(.z_init_APPLICATION_P_??_*)))
 *(SORT_BY_NAME(SORT_BY_ALIGNMENT(.z_init_APPLICATION_P_???_*)))
                0x000000000004f69c                __init_SMP_start = .
 *(SORT_BY_NAME(SORT_BY_ALIGNMENT(.z_init_SMP_P_?_*)))
 *(SORT_BY_NAME(SORT_BY_ALIGNMENT(.z_init_SMP_P_??_*)))
 *(SORT_BY_NAME(SORT_BY_ALIGNMENT(.z_init_SMP_P_???_*)))
                0x000000000004f69c                __init_end = .

device_area     0x000000000004f69c       0xa0
                0x000000000004f69c                _device_list_start = .
 *(SORT_BY_NAME(SORT_BY_ALIGNMENT(._device.static.*_?_*)))
 *(SORT_BY_NAME(SORT_BY_ALIGNMENT(._device.static.*_??_*)))
 ._device.static.1_30_
                0x000000000004f69c       0x20 zephyr/drivers/clock_control/libdrivers__clock_control.a(clock_control_nrf.c.obj)
                0x000000000004f69c                __device_dts_ord_59
 ._device.static.1_40_
                0x000000000004f6bc       0x60 zephyr/drivers/gpio/libdrivers__gpio.a(gpio_nrfx.c.obj)
                0x000000000004f6bc                __device_dts_ord_12
                0x000000000004f6dc                __device_dts_ord_10
                0x000000000004f6fc                __device_dts_ord_23
 ._device.static.1_50_
                0x000000000004f71c       0x20 zephyr/drivers/serial/libdrivers__serial.a(uart_nrfx_uarte.c.obj)
                0x000000000004f71c                __device_dts_ord_104
 *(SORT_BY_NAME(SORT_BY_ALIGNMENT(._device.static.*_???_*)))
 *(SORT_BY_NAME(SORT_BY_ALIGNMENT(._device.static.*_????_*)))
 *(SORT_BY_NAME(SORT_BY_ALIGNMENT(._device.static.*_?????_*)))
                0x000000000004f73c                _device_list_end = .

sw_isr_table    0x000000000004f73c      0x878
                0x000000000004f73c                . = ALIGN (0x4)
 *(SORT_BY_ALIGNMENT(.gnu.linkonce.sw_isr_table*))
 .gnu.linkonce.sw_isr_table
                0x000000000004f73c      0x878 zephyr/arch/common/libisr_tables.a(isr_tables.c.obj)
                0x000000000004f73c                _sw_isr_table

initlevel_error
                0x000000000004f634        0x0
 *(SORT_BY_NAME(SORT_BY_ALIGNMENT(.z_init_*)))
                0x0000000000000001                ASSERT ((SIZEOF (initlevel_error) == 0x0), Undefined initialization levels used.)

app_shmem_regions
                0x000000000004ffb4        0x0
                0x000000000004ffb4                __app_shmem_regions_start = .
 *(SORT_BY_NAME(SORT_BY_ALIGNMENT(.app_regions.*)))
                0x000000000004ffb4                __app_shmem_regions_end = .

k_p4wq_initparam_area
                0x000000000004ffb4        0x0
                0x000000000004ffb4                _k_p4wq_initparam_list_start = .
 *(SORT_BY_NAME(SORT_BY_ALIGNMENT(._k_p4wq_initparam.static.*)))
                0x000000000004ffb4                _k_p4wq_initparam_list_end = .

_static_thread_data_area
                0x000000000004ffb4        0x0
                0x000000000004ffb4                __static_thread_data_list_start = .
 *(SORT_BY_NAME(SORT_BY_ALIGNMENT(.__static_thread_data.static.*)))
                0x000000000004ffb4                __static_thread_data_list_end = .

device_deps     0x000000000004ffb4        0x0
                0x000000000004ffb4                __device_deps_start = .
 *(SORT_BY_NAME(SORT_BY_ALIGNMENT(.__device_deps_pass2*)))
                0x000000000004ffb4                __device_deps_end = .

gpio_driver_api_area
                0x000000000004ffb4       0x24
                0x000000000004ffb4                _gpio_driver_api_list_start = .
 *(SORT_BY_NAME(SORT_BY_ALIGNMENT(._gpio_driver_api.static.*)))
 ._gpio_driver_api.static.gpio_nrfx_drv_api_funcs_
                0x000000000004ffb4       0x24 zephyr/drivers/gpio/libdrivers__gpio.a(gpio_nrfx.c.obj)
                0x000000000004ffd8                _gpio_driver_api_list_end = .

shared_irq_driver_api_area
                0x000000000004ffd8        0x0
                0x000000000004ffd8                _shared_irq_driver_api_list_start = .
 *(SORT_BY_NAME(SORT_BY_ALIGNMENT(._shared_irq_driver_api.static.*)))
                0x000000000004ffd8                _shared_irq_driver_api_list_end = .

crypto_driver_api_area
                0x000000000004ffd8        0x0
                0x000000000004ffd8                _crypto_driver_api_list_start = .
 *(SORT_BY_NAME(SORT_BY_ALIGNMENT(._crypto_driver_api.static.*)))
                0x000000000004ffd8                _crypto_driver_api_list_end = .

adc_driver_api_area
                0x000000000004ffd8        0x0
                0x000000000004ffd8                _adc_driver_api_list_start = .
 *(SORT_BY_NAME(SORT_BY_ALIGNMENT(._adc_driver_api.static.*)))
                0x000000000004ffd8                _adc_driver_api_list_end = .

auxdisplay_driver_api_area
                0x000000000004ffd8        0x0
                0x000000000004ffd8                _auxdisplay_driver_api_list_start = .
 *(SORT_BY_NAME(SORT_BY_ALIGNMENT(._auxdisplay_driver_api.static.*)))
                0x000000000004ffd8                _auxdisplay_driver_api_list_end = .

bbram_driver_api_area
                0x000000000004ffd8        0x0
                0x000000000004ffd8                _bbram_driver_api_list_start = .
 *(SORT_BY_NAME(SORT_BY_ALIGNMENT(._bbram_driver_api.static.*)))
                0x000000000004ffd8                _bbram_driver_api_list_end = .

bt_hci_driver_api_area
                0x000000000004ffd8        0x0
                0x000000000004ffd8                _bt_hci_driver_api_list_start = .
 *(SORT_BY_NAME(SORT_BY_ALIGNMENT(._bt_hci_driver_api.static.*)))
                0x000000000004ffd8                _bt_hci_driver_api_list_end = .

can_driver_api_area
                0x000000000004ffd8        0x0
                0x000000000004ffd8                _can_driver_api_list_start = .
 *(SORT_BY_NAME(SORT_BY_ALIGNMENT(._can_driver_api.static.*)))
                0x000000000004ffd8                _can_driver_api_list_end = .

cellular_driver_api_area
                0x000000000004ffd8        0x0
                0x000000000004ffd8                _cellular_driver_api_list_start = .
 *(SORT_BY_NAME(SORT_BY_ALIGNMENT(._cellular_driver_api.static.*)))
                0x000000000004ffd8                _cellular_driver_api_list_end = .

charger_driver_api_area
                0x000000000004ffd8        0x0
                0x000000000004ffd8                _charger_driver_api_list_start = .
 *(SORT_BY_NAME(SORT_BY_ALIGNMENT(._charger_driver_api.static.*)))
                0x000000000004ffd8                _charger_driver_api_list_end = .

clock_control_driver_api_area
                0x000000000004ffd8       0x1c
                0x000000000004ffd8                _clock_control_driver_api_list_start = .
 *(SORT_BY_NAME(SORT_BY_ALIGNMENT(._clock_control_driver_api.static.*)))
 ._clock_control_driver_api.static.clock_control_api_
                0x000000000004ffd8       0x1c zephyr/drivers/clock_control/libdrivers__clock_control.a(clock_control_nrf.c.obj)
                0x000000000004fff4                _clock_control_driver_api_list_end = .

comparator_driver_api_area
                0x000000000004fff4        0x0
                0x000000000004fff4                _comparator_driver_api_list_start = .
 *(SORT_BY_NAME(SORT_BY_ALIGNMENT(._comparator_driver_api.static.*)))
                0x000000000004fff4                _comparator_driver_api_list_end = .

coredump_driver_api_area
                0x000000000004fff4        0x0
                0x000000000004fff4                _coredump_driver_api_list_start = .
 *(SORT_BY_NAME(SORT_BY_ALIGNMENT(._coredump_driver_api.static.*)))
                0x000000000004fff4                _coredump_driver_api_list_end = .

counter_driver_api_area
                0x000000000004fff4        0x0
                0x000000000004fff4                _counter_driver_api_list_start = .
 *(SORT_BY_NAME(SORT_BY_ALIGNMENT(._counter_driver_api.static.*)))
                0x000000000004fff4                _counter_driver_api_list_end = .

dac_driver_api_area
                0x000000000004fff4        0x0
                0x000000000004fff4                _dac_driver_api_list_start = .
 *(SORT_BY_NAME(SORT_BY_ALIGNMENT(._dac_driver_api.static.*)))
                0x000000000004fff4                _dac_driver_api_list_end = .

dai_driver_api_area
                0x000000000004fff4        0x0
                0x000000000004fff4                _dai_driver_api_list_start = .
 *(SORT_BY_NAME(SORT_BY_ALIGNMENT(._dai_driver_api.static.*)))
                0x000000000004fff4                _dai_driver_api_list_end = .

display_driver_api_area
                0x000000000004fff4        0x0
                0x000000000004fff4                _display_driver_api_list_start = .
 *(SORT_BY_NAME(SORT_BY_ALIGNMENT(._display_driver_api.static.*)))
                0x000000000004fff4                _display_driver_api_list_end = .

dma_driver_api_area
                0x000000000004fff4        0x0
                0x000000000004fff4                _dma_driver_api_list_start = .
 *(SORT_BY_NAME(SORT_BY_ALIGNMENT(._dma_driver_api.static.*)))
                0x000000000004fff4                _dma_driver_api_list_end = .

edac_driver_api_area
                0x000000000004fff4        0x0
                0x000000000004fff4                _edac_driver_api_list_start = .
 *(SORT_BY_NAME(SORT_BY_ALIGNMENT(._edac_driver_api.static.*)))
                0x000000000004fff4                _edac_driver_api_list_end = .

eeprom_driver_api_area
                0x000000000004fff4        0x0
                0x000000000004fff4                _eeprom_driver_api_list_start = .
 *(SORT_BY_NAME(SORT_BY_ALIGNMENT(._eeprom_driver_api.static.*)))
                0x000000000004fff4                _eeprom_driver_api_list_end = .

emul_bbram_driver_api_area
                0x000000000004fff4        0x0
                0x000000000004fff4                _emul_bbram_driver_api_list_start = .
 *(SORT_BY_NAME(SORT_BY_ALIGNMENT(._emul_bbram_driver_api.static.*)))
                0x000000000004fff4                _emul_bbram_driver_api_list_end = .

fuel_gauge_emul_driver_api_area
                0x000000000004fff4        0x0
                0x000000000004fff4                _fuel_gauge_emul_driver_api_list_start = .
 *(SORT_BY_NAME(SORT_BY_ALIGNMENT(._fuel_gauge_emul_driver_api.static.*)))
                0x000000000004fff4                _fuel_gauge_emul_driver_api_list_end = .

emul_sensor_driver_api_area
                0x000000000004fff4        0x0
                0x000000000004fff4                _emul_sensor_driver_api_list_start = .
 *(SORT_BY_NAME(SORT_BY_ALIGNMENT(._emul_sensor_driver_api.static.*)))
                0x000000000004fff4                _emul_sensor_driver_api_list_end = .

entropy_driver_api_area
                0x000000000004fff4        0x0
                0x000000000004fff4                _entropy_driver_api_list_start = .
 *(SORT_BY_NAME(SORT_BY_ALIGNMENT(._entropy_driver_api.static.*)))
                0x000000000004fff4                _entropy_driver_api_list_end = .

espi_driver_api_area
                0x000000000004fff4        0x0
                0x000000000004fff4                _espi_driver_api_list_start = .
 *(SORT_BY_NAME(SORT_BY_ALIGNMENT(._espi_driver_api.static.*)))
                0x000000000004fff4                _espi_driver_api_list_end = .

espi_saf_driver_api_area
                0x000000000004fff4        0x0
                0x000000000004fff4                _espi_saf_driver_api_list_start = .
 *(SORT_BY_NAME(SORT_BY_ALIGNMENT(._espi_saf_driver_api.static.*)))
                0x000000000004fff4                _espi_saf_driver_api_list_end = .

flash_driver_api_area
                0x000000000004fff4        0x0
                0x000000000004fff4                _flash_driver_api_list_start = .
 *(SORT_BY_NAME(SORT_BY_ALIGNMENT(._flash_driver_api.static.*)))
                0x000000000004fff4                _flash_driver_api_list_end = .

fpga_driver_api_area
                0x000000000004fff4        0x0
                0x000000000004fff4                _fpga_driver_api_list_start = .
 *(SORT_BY_NAME(SORT_BY_ALIGNMENT(._fpga_driver_api.static.*)))
                0x000000000004fff4                _fpga_driver_api_list_end = .

fuel_gauge_driver_api_area
                0x000000000004fff4        0x0
                0x000000000004fff4                _fuel_gauge_driver_api_list_start = .
 *(SORT_BY_NAME(SORT_BY_ALIGNMENT(._fuel_gauge_driver_api.static.*)))
                0x000000000004fff4                _fuel_gauge_driver_api_list_end = .

gnss_driver_api_area
                0x000000000004fff4        0x0
                0x000000000004fff4                _gnss_driver_api_list_start = .
 *(SORT_BY_NAME(SORT_BY_ALIGNMENT(._gnss_driver_api.static.*)))
                0x000000000004fff4                _gnss_driver_api_list_end = .

haptics_driver_api_area
                0x000000000004fff4        0x0
                0x000000000004fff4                _haptics_driver_api_list_start = .
 *(SORT_BY_NAME(SORT_BY_ALIGNMENT(._haptics_driver_api.static.*)))
                0x000000000004fff4                _haptics_driver_api_list_end = .

hwspinlock_driver_api_area
                0x000000000004fff4        0x0
                0x000000000004fff4                _hwspinlock_driver_api_list_start = .
 *(SORT_BY_NAME(SORT_BY_ALIGNMENT(._hwspinlock_driver_api.static.*)))
                0x000000000004fff4                _hwspinlock_driver_api_list_end = .

i2c_driver_api_area
                0x000000000004fff4        0x0
                0x000000000004fff4                _i2c_driver_api_list_start = .
 *(SORT_BY_NAME(SORT_BY_ALIGNMENT(._i2c_driver_api.static.*)))
                0x000000000004fff4                _i2c_driver_api_list_end = .

i2c_target_driver_api_area
                0x000000000004fff4        0x0
                0x000000000004fff4                _i2c_target_driver_api_list_start = .
 *(SORT_BY_NAME(SORT_BY_ALIGNMENT(._i2c_target_driver_api.static.*)))
                0x000000000004fff4                _i2c_target_driver_api_list_end = .

i2s_driver_api_area
                0x000000000004fff4        0x0
                0x000000000004fff4                _i2s_driver_api_list_start = .
 *(SORT_BY_NAME(SORT_BY_ALIGNMENT(._i2s_driver_api.static.*)))
                0x000000000004fff4                _i2s_driver_api_list_end = .

i3c_driver_api_area
                0x000000000004fff4        0x0
                0x000000000004fff4                _i3c_driver_api_list_start = .
 *(SORT_BY_NAME(SORT_BY_ALIGNMENT(._i3c_driver_api.static.*)))
                0x000000000004fff4                _i3c_driver_api_list_end = .

ipm_driver_api_area
                0x000000000004fff4        0x0
                0x000000000004fff4                _ipm_driver_api_list_start = .
 *(SORT_BY_NAME(SORT_BY_ALIGNMENT(._ipm_driver_api.static.*)))
                0x000000000004fff4                _ipm_driver_api_list_end = .

led_driver_api_area
                0x000000000004fff4        0x0
                0x000000000004fff4                _led_driver_api_list_start = .
 *(SORT_BY_NAME(SORT_BY_ALIGNMENT(._led_driver_api.static.*)))
                0x000000000004fff4                _led_driver_api_list_end = .

led_strip_driver_api_area
                0x000000000004fff4        0x0
                0x000000000004fff4                _led_strip_driver_api_list_start = .
 *(SORT_BY_NAME(SORT_BY_ALIGNMENT(._led_strip_driver_api.static.*)))
                0x000000000004fff4                _led_strip_driver_api_list_end = .

lora_driver_api_area
                0x000000000004fff4        0x0
                0x000000000004fff4                _lora_driver_api_list_start = .
 *(SORT_BY_NAME(SORT_BY_ALIGNMENT(._lora_driver_api.static.*)))
                0x000000000004fff4                _lora_driver_api_list_end = .

mbox_driver_api_area
                0x000000000004fff4        0x0
                0x000000000004fff4                _mbox_driver_api_list_start = .
 *(SORT_BY_NAME(SORT_BY_ALIGNMENT(._mbox_driver_api.static.*)))
                0x000000000004fff4                _mbox_driver_api_list_end = .

mdio_driver_api_area
                0x000000000004fff4        0x0
                0x000000000004fff4                _mdio_driver_api_list_start = .
 *(SORT_BY_NAME(SORT_BY_ALIGNMENT(._mdio_driver_api.static.*)))
                0x000000000004fff4                _mdio_driver_api_list_end = .

mipi_dbi_driver_api_area
                0x000000000004fff4        0x0
                0x000000000004fff4                _mipi_dbi_driver_api_list_start = .
 *(SORT_BY_NAME(SORT_BY_ALIGNMENT(._mipi_dbi_driver_api.static.*)))
                0x000000000004fff4                _mipi_dbi_driver_api_list_end = .

mipi_dsi_driver_api_area
                0x000000000004fff4        0x0
                0x000000000004fff4                _mipi_dsi_driver_api_list_start = .
 *(SORT_BY_NAME(SORT_BY_ALIGNMENT(._mipi_dsi_driver_api.static.*)))
                0x000000000004fff4                _mipi_dsi_driver_api_list_end = .

mspi_driver_api_area
                0x000000000004fff4        0x0
                0x000000000004fff4                _mspi_driver_api_list_start = .
 *(SORT_BY_NAME(SORT_BY_ALIGNMENT(._mspi_driver_api.static.*)))
                0x000000000004fff4                _mspi_driver_api_list_end = .

peci_driver_api_area
                0x000000000004fff4        0x0
                0x000000000004fff4                _peci_driver_api_list_start = .
 *(SORT_BY_NAME(SORT_BY_ALIGNMENT(._peci_driver_api.static.*)))
                0x000000000004fff4                _peci_driver_api_list_end = .

ps2_driver_api_area
                0x000000000004fff4        0x0
                0x000000000004fff4                _ps2_driver_api_list_start = .
 *(SORT_BY_NAME(SORT_BY_ALIGNMENT(._ps2_driver_api.static.*)))
                0x000000000004fff4                _ps2_driver_api_list_end = .

ptp_clock_driver_api_area
                0x000000000004fff4        0x0
                0x000000000004fff4                _ptp_clock_driver_api_list_start = .
 *(SORT_BY_NAME(SORT_BY_ALIGNMENT(._ptp_clock_driver_api.static.*)))
                0x000000000004fff4                _ptp_clock_driver_api_list_end = .

pwm_driver_api_area
                0x000000000004fff4        0x0
                0x000000000004fff4                _pwm_driver_api_list_start = .
 *(SORT_BY_NAME(SORT_BY_ALIGNMENT(._pwm_driver_api.static.*)))
                0x000000000004fff4                _pwm_driver_api_list_end = .

regulator_parent_driver_api_area
                0x000000000004fff4        0x0
                0x000000000004fff4                _regulator_parent_driver_api_list_start = .
 *(SORT_BY_NAME(SORT_BY_ALIGNMENT(._regulator_parent_driver_api.static.*)))
                0x000000000004fff4                _regulator_parent_driver_api_list_end = .

regulator_driver_api_area
                0x000000000004fff4        0x0
                0x000000000004fff4                _regulator_driver_api_list_start = .
 *(SORT_BY_NAME(SORT_BY_ALIGNMENT(._regulator_driver_api.static.*)))
                0x000000000004fff4                _regulator_driver_api_list_end = .

reset_driver_api_area
                0x000000000004fff4        0x0
                0x000000000004fff4                _reset_driver_api_list_start = .
 *(SORT_BY_NAME(SORT_BY_ALIGNMENT(._reset_driver_api.static.*)))
                0x000000000004fff4                _reset_driver_api_list_end = .

retained_mem_driver_api_area
                0x000000000004fff4        0x0
                0x000000000004fff4                _retained_mem_driver_api_list_start = .
 *(SORT_BY_NAME(SORT_BY_ALIGNMENT(._retained_mem_driver_api.static.*)))
                0x000000000004fff4                _retained_mem_driver_api_list_end = .

rtc_driver_api_area
                0x000000000004fff4        0x0
                0x000000000004fff4                _rtc_driver_api_list_start = .
 *(SORT_BY_NAME(SORT_BY_ALIGNMENT(._rtc_driver_api.static.*)))
                0x000000000004fff4                _rtc_driver_api_list_end = .

sdhc_driver_api_area
                0x000000000004fff4        0x0
                0x000000000004fff4                _sdhc_driver_api_list_start = .
 *(SORT_BY_NAME(SORT_BY_ALIGNMENT(._sdhc_driver_api.static.*)))
                0x000000000004fff4                _sdhc_driver_api_list_end = .

sensor_driver_api_area
                0x000000000004fff4        0x0
                0x000000000004fff4                _sensor_driver_api_list_start = .
 *(SORT_BY_NAME(SORT_BY_ALIGNMENT(._sensor_driver_api.static.*)))
                0x000000000004fff4                _sensor_driver_api_list_end = .

smbus_driver_api_area
                0x000000000004fff4        0x0
                0x000000000004fff4                _smbus_driver_api_list_start = .
 *(SORT_BY_NAME(SORT_BY_ALIGNMENT(._smbus_driver_api.static.*)))
                0x000000000004fff4                _smbus_driver_api_list_end = .

spi_driver_api_area
                0x000000000004fff4        0x0
                0x000000000004fff4                _spi_driver_api_list_start = .
 *(SORT_BY_NAME(SORT_BY_ALIGNMENT(._spi_driver_api.static.*)))
                0x000000000004fff4                _spi_driver_api_list_end = .

stepper_driver_api_area
                0x000000000004fff4        0x0
                0x000000000004fff4                _stepper_driver_api_list_start = .
 *(SORT_BY_NAME(SORT_BY_ALIGNMENT(._stepper_driver_api.static.*)))
                0x000000000004fff4                _stepper_driver_api_list_end = .

syscon_driver_api_area
                0x000000000004fff4        0x0
                0x000000000004fff4                _syscon_driver_api_list_start = .
 *(SORT_BY_NAME(SORT_BY_ALIGNMENT(._syscon_driver_api.static.*)))
                0x000000000004fff4                _syscon_driver_api_list_end = .

tee_driver_api_area
                0x000000000004fff4        0x0
                0x000000000004fff4                _tee_driver_api_list_start = .
 *(SORT_BY_NAME(SORT_BY_ALIGNMENT(._tee_driver_api.static.*)))
                0x000000000004fff4                _tee_driver_api_list_end = .

video_driver_api_area
                0x000000000004fff4        0x0
                0x000000000004fff4                _video_driver_api_list_start = .
 *(SORT_BY_NAME(SORT_BY_ALIGNMENT(._video_driver_api.static.*)))
                0x000000000004fff4                _video_driver_api_list_end = .

w1_driver_api_area
                0x000000000004fff4        0x0
                0x000000000004fff4                _w1_driver_api_list_start = .
 *(SORT_BY_NAME(SORT_BY_ALIGNMENT(._w1_driver_api.static.*)))
                0x000000000004fff4                _w1_driver_api_list_end = .

wdt_driver_api_area
                0x000000000004fff4        0x0
                0x000000000004fff4                _wdt_driver_api_list_start = .
 *(SORT_BY_NAME(SORT_BY_ALIGNMENT(._wdt_driver_api.static.*)))
                0x000000000004fff4                _wdt_driver_api_list_end = .

can_transceiver_driver_api_area
                0x000000000004fff4        0x0
                0x000000000004fff4                _can_transceiver_driver_api_list_start = .
 *(SORT_BY_NAME(SORT_BY_ALIGNMENT(._can_transceiver_driver_api.static.*)))
                0x000000000004fff4                _can_transceiver_driver_api_list_end = .

nrf_clock_control_driver_api_area
                0x000000000004fff4        0x0
                0x000000000004fff4                _nrf_clock_control_driver_api_list_start = .
 *(SORT_BY_NAME(SORT_BY_ALIGNMENT(._nrf_clock_control_driver_api.static.*)))
                0x000000000004fff4                _nrf_clock_control_driver_api_list_end = .

i3c_target_driver_api_area
                0x000000000004fff4        0x0
                0x000000000004fff4                _i3c_target_driver_api_list_start = .
 *(SORT_BY_NAME(SORT_BY_ALIGNMENT(._i3c_target_driver_api.static.*)))
                0x000000000004fff4                _i3c_target_driver_api_list_end = .

its_driver_api_area
                0x000000000004fff4        0x0
                0x000000000004fff4                _its_driver_api_list_start = .
 *(SORT_BY_NAME(SORT_BY_ALIGNMENT(._its_driver_api.static.*)))
                0x000000000004fff4                _its_driver_api_list_end = .

vtd_driver_api_area
                0x000000000004fff4        0x0
                0x000000000004fff4                _vtd_driver_api_list_start = .
 *(SORT_BY_NAME(SORT_BY_ALIGNMENT(._vtd_driver_api.static.*)))
                0x000000000004fff4                _vtd_driver_api_list_end = .

tgpio_driver_api_area
                0x000000000004fff4        0x0
                0x000000000004fff4                _tgpio_driver_api_list_start = .
 *(SORT_BY_NAME(SORT_BY_ALIGNMENT(._tgpio_driver_api.static.*)))
                0x000000000004fff4                _tgpio_driver_api_list_end = .

pcie_ctrl_driver_api_area
                0x000000000004fff4        0x0
                0x000000000004fff4                _pcie_ctrl_driver_api_list_start = .
 *(SORT_BY_NAME(SORT_BY_ALIGNMENT(._pcie_ctrl_driver_api.static.*)))
                0x000000000004fff4                _pcie_ctrl_driver_api_list_end = .

pcie_ep_driver_api_area
                0x000000000004fff4        0x0
                0x000000000004fff4                _pcie_ep_driver_api_list_start = .